Archive member included to satisfy reference by file (symbol)

d:/mcuxpressoide_11.8.1_1197/ide/plugins/com.nxp.mcuxpresso.tools.win32_11.8.1.202308071233/tools/bin/../lib/gcc/arm-none-eabi/12.2.1/../../../../arm-none-eabi/lib/thumb/v8-m.main+fp/hard\libcr_semihost_nf.a(_cr__main.o)
                              ./startup/startup_lpc55s69_cm33_core0.o (__main)
d:/mcuxpressoide_11.8.1_1197/ide/plugins/com.nxp.mcuxpresso.tools.win32_11.8.1.202308071233/tools/bin/../lib/gcc/arm-none-eabi/12.2.1/../../../../arm-none-eabi/lib/thumb/v8-m.main+fp/hard\libcr_c.a(memset.o)
                              ./drivers/fsl_clock.o (memset)
d:/mcuxpressoide_11.8.1_1197/ide/plugins/com.nxp.mcuxpresso.tools.win32_11.8.1.202308071233/tools/bin/../lib/gcc/arm-none-eabi/12.2.1/../../../../arm-none-eabi/lib/thumb/v8-m.main+fp/hard\libcr_c.a(alloc.o)
                              ./drivers/fsl_common.o (malloc)
d:/mcuxpressoide_11.8.1_1197/ide/plugins/com.nxp.mcuxpresso.tools.win32_11.8.1.202308071233/tools/bin/../lib/gcc/arm-none-eabi/12.2.1/../../../../arm-none-eabi/lib/thumb/v8-m.main+fp/hard\libcr_c.a(errno.o)
                              ./utilities/fsl_str.o (errno)
d:/mcuxpressoide_11.8.1_1197/ide/plugins/com.nxp.mcuxpresso.tools.win32_11.8.1.202308071233/tools/bin/../lib/gcc/arm-none-eabi/12.2.1/../../../../arm-none-eabi/lib/thumb/v8-m.main+fp/hard\libcr_c.a(initio.o)
                              d:/mcuxpressoide_11.8.1_1197/ide/plugins/com.nxp.mcuxpresso.tools.win32_11.8.1.202308071233/tools/bin/../lib/gcc/arm-none-eabi/12.2.1/../../../../arm-none-eabi/lib/thumb/v8-m.main+fp/hard\libcr_semihost_nf.a(_cr__main.o) (_initio)
d:/mcuxpressoide_11.8.1_1197/ide/plugins/com.nxp.mcuxpresso.tools.win32_11.8.1.202308071233/tools/bin/../lib/gcc/arm-none-eabi/12.2.1/../../../../arm-none-eabi/lib/thumb/v8-m.main+fp/hard\libcr_c.a(printf.o)
                              ./utilities/fsl_assert.o (_printf)
d:/mcuxpressoide_11.8.1_1197/ide/plugins/com.nxp.mcuxpresso.tools.win32_11.8.1.202308071233/tools/bin/../lib/gcc/arm-none-eabi/12.2.1/../../../../arm-none-eabi/lib/thumb/v8-m.main+fp/hard\libcr_c.a(scanf.o)
                              ./utilities/fsl_str.o (strtoul)
d:/mcuxpressoide_11.8.1_1197/ide/plugins/com.nxp.mcuxpresso.tools.win32_11.8.1.202308071233/tools/bin/../lib/gcc/arm-none-eabi/12.2.1/../../../../arm-none-eabi/lib/thumb/v8-m.main+fp/hard\libcr_c.a(setvbuf.o)
                              d:/mcuxpressoide_11.8.1_1197/ide/plugins/com.nxp.mcuxpresso.tools.win32_11.8.1.202308071233/tools/bin/../lib/gcc/arm-none-eabi/12.2.1/../../../../arm-none-eabi/lib/thumb/v8-m.main+fp/hard\libcr_c.a(initio.o) (setvbuf)
d:/mcuxpressoide_11.8.1_1197/ide/plugins/com.nxp.mcuxpresso.tools.win32_11.8.1.202308071233/tools/bin/../lib/gcc/arm-none-eabi/12.2.1/../../../../arm-none-eabi/lib/thumb/v8-m.main+fp/hard\libcr_c.a(strlen.o)
                              ./utilities/fsl_str.o (strlen)
d:/mcuxpressoide_11.8.1_1197/ide/plugins/com.nxp.mcuxpresso.tools.win32_11.8.1.202308071233/tools/bin/../lib/gcc/arm-none-eabi/12.2.1/../../../../arm-none-eabi/lib/thumb/v8-m.main+fp/hard\libcr_c.a(ungetc.o)
                              d:/mcuxpressoide_11.8.1_1197/ide/plugins/com.nxp.mcuxpresso.tools.win32_11.8.1.202308071233/tools/bin/../lib/gcc/arm-none-eabi/12.2.1/../../../../arm-none-eabi/lib/thumb/v8-m.main+fp/hard\libcr_c.a(scanf.o) (ungetc)
d:/mcuxpressoide_11.8.1_1197/ide/plugins/com.nxp.mcuxpresso.tools.win32_11.8.1.202308071233/tools/bin/../lib/gcc/arm-none-eabi/12.2.1/../../../../arm-none-eabi/lib/thumb/v8-m.main+fp/hard\libcr_c.a(__fillbuf.o)
                              d:/mcuxpressoide_11.8.1_1197/ide/plugins/com.nxp.mcuxpresso.tools.win32_11.8.1.202308071233/tools/bin/../lib/gcc/arm-none-eabi/12.2.1/../../../../arm-none-eabi/lib/thumb/v8-m.main+fp/hard\libcr_c.a(scanf.o) (__filbuf)
d:/mcuxpressoide_11.8.1_1197/ide/plugins/com.nxp.mcuxpresso.tools.win32_11.8.1.202308071233/tools/bin/../lib/gcc/arm-none-eabi/12.2.1/../../../../arm-none-eabi/lib/thumb/v8-m.main+fp/hard\libcr_c.a(__init_alloc.o)
                              d:/mcuxpressoide_11.8.1_1197/ide/plugins/com.nxp.mcuxpresso.tools.win32_11.8.1.202308071233/tools/bin/../lib/gcc/arm-none-eabi/12.2.1/../../../../arm-none-eabi/lib/thumb/v8-m.main+fp/hard\libcr_c.a(alloc.o) (__heaps)
d:/mcuxpressoide_11.8.1_1197/ide/plugins/com.nxp.mcuxpresso.tools.win32_11.8.1.202308071233/tools/bin/../lib/gcc/arm-none-eabi/12.2.1/../../../../arm-none-eabi/lib/thumb/v8-m.main+fp/hard\libcr_c.a(_cr_sbrk.o)
                              d:/mcuxpressoide_11.8.1_1197/ide/plugins/com.nxp.mcuxpresso.tools.win32_11.8.1.202308071233/tools/bin/../lib/gcc/arm-none-eabi/12.2.1/../../../../arm-none-eabi/lib/thumb/v8-m.main+fp/hard\libcr_c.a(alloc.o) (_sbrk)
d:/mcuxpressoide_11.8.1_1197/ide/plugins/com.nxp.mcuxpresso.tools.win32_11.8.1.202308071233/tools/bin/../lib/gcc/arm-none-eabi/12.2.1/../../../../arm-none-eabi/lib/thumb/v8-m.main+fp/hard\libcr_c.a(_deferredlazyseek.o)
[...]
Memory Configuration

Name             Origin             Length             Attributes
PROGRAM_FLASH    0x00000000         0x0009d800         xr
SRAM             0x20000000         0x00040000         xrw
SRAMX            0x04000000         0x00008000         xrw
USB_RAM          0x40100000         0x00004000         xrw
SRAM4            0x20040000         0x00004000         xrw
*default*        0x00000000         0xffffffff

Linker script and memory map

LOAD ./utilities/fsl_assert.o
LOAD ./utilities/fsl_debug_console.o
LOAD ./utilities/fsl_memcpy.o
LOAD ./utilities/fsl_str.o
LOAD ./startup/boot_multicore_slave.o
LOAD ./startup/startup_lpc55s69_cm33_core0.o
LOAD ./source/led_blinky.o
LOAD ./source/semihost_hardfault.o
LOAD ./drivers/fsl_clock.o
LOAD ./drivers/fsl_common.o
LOAD ./drivers/fsl_common_arm.o
LOAD ./drivers/fsl_flexcomm.o
LOAD ./drivers/fsl_gpio.o
LOAD ./drivers/fsl_power.o
LOAD ./drivers/fsl_reset.o
LOAD ./drivers/fsl_usart.o
LOAD ./device/system_LPC55S69_cm33_core0.o
LOAD ./component/uart/fsl_adapter_usart.o
LOAD ./component/lists/fsl_component_generic_list.o
LOAD ./board/board.o
LOAD ./board/clock_config.o
LOAD ./board/pin_mux.o
START GROUP
LOAD d:/mcuxpressoide_11.8.1_1197/ide/plugins/com.nxp.mcuxpresso.tools.win32_11.8.1.202308071233/tools/bin/../lib/gcc/arm-none-eabi/12.2.1/../../../../arm-none-eabi/lib/thumb/v8-m.main+fp/hard\libcr_semihost_nf.a
LOAD d:/mcuxpressoide_11.8.1_1197/ide/plugins/com.nxp.mcuxpresso.tools.win32_11.8.1.202308071233/tools/bin/../lib/gcc/arm-none-eabi/12.2.1/../../../../arm-none-eabi/lib/thumb/v8-m.main+fp/hard\libcr_c.a
LOAD d:/mcuxpressoide_11.8.1_1197/ide/plugins/com.nxp.mcuxpresso.tools.win32_11.8.1.202308071233/tools/bin/../lib/gcc/arm-none-eabi/12.2.1/thumb/v8-m.main+fp/hard\libcr_eabihelpers.a
LOAD d:/mcuxpressoide_11.8.1_1197/ide/plugins/com.nxp.mcuxpresso.tools.win32_11.8.1.202308071233/tools/bin/../lib/gcc/arm-none-eabi/12.2.1/thumb/v8-m.main+fp/hard\libgcc.a
END GROUP
                0x00000000                __base_PROGRAM_FLASH = 0x0
                0x00000000                __base_Flash = 0x0
                0x0009d800                __top_PROGRAM_FLASH = 0x9d800
                0x0009d800                __top_Flash = 0x9d800
                0x20000000                __base_SRAM = 0x20000000
                0x20000000                __base_RAM = 0x20000000
                0x20040000                __top_SRAM = 0x20040000
                0x20040000                __top_RAM = 0x20040000
                0x04000000                __base_SRAMX = 0x4000000
                0x04000000                __base_RAM2 = 0x4000000
                0x04008000                __top_SRAMX = 0x4008000
                0x04008000                __top_RAM2 = 0x4008000
                0x40100000                __base_USB_RAM = 0x40100000
                0x40100000                __base_RAM3 = 0x40100000
                0x40104000                __top_USB_RAM = 0x40104000
                0x40104000                __top_RAM3 = 0x40104000
                0x20040000                __base_SRAM4 = 0x20040000
                0x20040000                __base_RAM4 = 0x20040000
                0x20044000                __top_SRAM4 = 0x20044000
                0x20044000                __top_RAM4 = 0x20044000

.text           0x00000000     0x2c28
 FILL mask 0xff
                0x00000000                __vectors_start__ = ABSOLUTE (.)
 *(SORT_BY_ALIGNMENT(.isr_vector))
 .isr_vector    0x00000000      0x130 ./startup/startup_lpc55s69_cm33_core0.o
                0x00000000                g_pfnVectors
                0x00000000                __Vectors
                0x00000130                . = ALIGN (0x4)
                0x00000130                __section_table_start = .
                0x00000130                __data_section_table = .
                0x00000130        0x4 LONG 0x2c28 LOADADDR (.data)
                0x00000134        0x4 LONG 0x20000000 ADDR (.data)
                0x00000138        0x4 LONG 0x4 SIZEOF (.data)
                0x0000013c        0x4 LONG 0x2c28 LOADADDR (.data_RAM2)
                0x00000140        0x4 LONG 0x4000000 ADDR (.data_RAM2)
                0x00000144        0x4 LONG 0x0 SIZEOF (.data_RAM2)
                0x00000148        0x4 LONG 0x2c28 LOADADDR (.data_RAM3)
                0x0000014c        0x4 LONG 0x40100000 ADDR (.data_RAM3)
                0x00000150        0x4 LONG 0x0 SIZEOF (.data_RAM3)
                0x00000154        0x4 LONG 0x2c28 LOADADDR (.data_RAM4)
                0x00000158        0x4 LONG 0x20040000 ADDR (.data_RAM4)
                0x0000015c        0x4 LONG 0x0 SIZEOF (.data_RAM4)
                0x00000160                __data_section_table_end = .
                0x00000160                __bss_section_table = .
                0x00000160        0x4 LONG 0x20000004 ADDR (.bss)
                0x00000164        0x4 LONG 0x10c SIZEOF (.bss)
                0x00000168        0x4 LONG 0x4000000 ADDR (.bss_RAM2)
                0x0000016c        0x4 LONG 0x0 SIZEOF (.bss_RAM2)
                0x00000170        0x4 LONG 0x40100000 ADDR (.bss_RAM3)
                0x00000174        0x4 LONG 0x0 SIZEOF (.bss_RAM3)
                0x00000178        0x4 LONG 0x20040000 ADDR (.bss_RAM4)
                0x0000017c        0x4 LONG 0x0 SIZEOF (.bss_RAM4)
                0x00000180                __bss_section_table_end = .
                0x00000180                __section_table_end = .
 *(SORT_BY_ALIGNMENT(.after_vectors*))
 .after_vectors.reset
                0x00000180       0x68 ./startup/startup_lpc55s69_cm33_core0.o
                0x00000180                ResetISR
 .after_vectors.init_data
                0x000001e8       0x1e ./startup/startup_lpc55s69_cm33_core0.o
                0x000001e8                data_init
 .after_vectors.init_bss
                0x00000206       0x12 ./startup/startup_lpc55s69_cm33_core0.o
                0x00000206                bss_init
 .after_vectors
                0x00000218       0x16 ./startup/startup_lpc55s69_cm33_core0.o
                0x00000218                NMI_Handler
                0x0000021c                MemManage_Handler
                0x0000021e                BusFault_Handler
                0x00000220                UsageFault_Handler
                0x00000222                SecureFault_Handler
                0x00000224                SVC_Handler
                0x00000226                DebugMon_Handler
                0x00000228                PendSV_Handler
                0x0000022c                PIN_INT2_DriverIRQHandler
                0x0000022c                Reserved56_DriverIRQHandler
                0x0000022c                PIN_INT0_DriverIRQHandler
                0x0000022c                CTIMER2_DriverIRQHandler
                0x0000022c                SEC_VIO_DriverIRQHandler
                0x0000022c                IntDefaultHandler
                0x0000022c                USB0_DriverIRQHandler
                0x0000022c                CASER_DriverIRQHandler
                0x0000022c                MRT0_DriverIRQHandler
                0x0000022c                UTICK0_DriverIRQHandler
                0x0000022c                Reserved41_DriverIRQHandler
                0x0000022c                PIN_INT4_DriverIRQHandler
                0x0000022c                PIN_INT5_DriverIRQHandler
                0x0000022c                SEC_GPIO_INT0_IRQ0_DriverIRQHandler
                0x0000022c                CTIMER4_DriverIRQHandler
                0x0000022c                GINT1_DriverIRQHandler
                0x0000022c                PIN_INT7_DriverIRQHandler
                0x0000022c                Reserved55_DriverIRQHandler
                0x0000022c                HASHCRYPT_DriverIRQHandler
                0x0000022c                USB0_NEEDCLK_DriverIRQHandler
                0x0000022c                CTIMER0_DriverIRQHandler
                0x0000022c                CTIMER1_DriverIRQHandler
                0x0000022c                PIN_INT3_DriverIRQHandler
                0x0000022c                PIN_INT6_DriverIRQHandler
                0x0000022c                PQ_DriverIRQHandler
                0x0000022c                MAILBOX_DriverIRQHandler
                0x0000022c                PIN_INT1_DriverIRQHandler
                0x0000022c                CTIMER3_DriverIRQHandler
                0x0000022c                Reserved61_DriverIRQHandler
                0x0000022c                SEC_GPIO_INT0_IRQ1_DriverIRQHandler
                0x0000022c                PUF_DriverIRQHandler
                0x0000022c                RTC_DriverIRQHandler
                0x0000022c                Reserved42_DriverIRQHandler
                0x0000022c                DMA0_DriverIRQHandler
                0x0000022c                USB1_DriverIRQHandler
                0x0000022c                Reserved60_DriverIRQHandler
                0x0000022c                DMA1_DriverIRQHandler
                0x0000022c                ADC0_DriverIRQHandler
                0x0000022c                USB1_NEEDCLK_DriverIRQHandler
                0x0000022c                Reserved59_DriverIRQHandler
                0x0000022c                SDIO_DriverIRQHandler
                0x0000022c                GINT0_DriverIRQHandler
                0x0000022c                USB1_PHY_DriverIRQHandler
                0x0000022c                ACMP_DriverIRQHandler
                0x0000022c                Reserved57_DriverIRQHandler
                0x0000022c                Reserved39_DriverIRQHandler
                0x0000022c                Reserved46_DriverIRQHandler
                0x0000022c                WDT_BOD_DriverIRQHandler
                0x0000022c                SCT0_DriverIRQHandler
                0x0000022c                PLU_DriverIRQHandler
                0x0000022c                OS_EVENT_DriverIRQHandler
                0x0000022c                SEC_HYPERVISOR_CALL_DriverIRQHandler
 *(SORT_BY_ALIGNMENT(.text*))
 *fill*         0x0000022e        0x2 ff
 .text.__assertion_failed
                0x00000230       0x18 ./utilities/fsl_assert.o
                0x00000230                __assertion_failed
 .text.__NVIC_SetPriority
                0x00000248       0x54 ./source/led_blinky.o
 .text.SysTick_Config
                0x0000029c       0x44 ./source/led_blinky.o
 .text.POWER_SetBodVbatLevel
                0x000002e0       0x58 ./source/led_blinky.o
 .text.SysTick_Handler
                0x00000338       0x24 ./source/led_blinky.o
                0x00000338                SysTick_Handler
 .text.SysTick_DelayTicks
                0x0000035c       0x2c ./source/led_blinky.o
                0x0000035c                SysTick_DelayTicks
 .text.main     0x00000388       0x6c ./source/led_blinky.o
                0x00000388                main
 .text.FLEXCOMM_GetInstance
                0x000003f4       0x50 ./drivers/fsl_flexcomm.o
                0x000003f4                FLEXCOMM_GetInstance
 .text.FLEXCOMM0_DriverIRQHandler
                0x00000444       0x5c ./drivers/fsl_flexcomm.o
                0x00000444                FLEXCOMM0_DriverIRQHandler
 .text.FLEXCOMM1_DriverIRQHandler
                0x000004a0       0x5c ./drivers/fsl_flexcomm.o
                0x000004a0                FLEXCOMM1_DriverIRQHandler
 .text.FLEXCOMM2_DriverIRQHandler
                0x000004fc       0x5c ./drivers/fsl_flexcomm.o
                0x000004fc                FLEXCOMM2_DriverIRQHandler
 .text.FLEXCOMM3_DriverIRQHandler
                0x00000558       0x5c ./drivers/fsl_flexcomm.o
                0x00000558                FLEXCOMM3_DriverIRQHandler
 .text.FLEXCOMM4_DriverIRQHandler
                0x000005b4       0x5c ./drivers/fsl_flexcomm.o
                0x000005b4                FLEXCOMM4_DriverIRQHandler
 .text.FLEXCOMM5_DriverIRQHandler
                0x00000610       0x5c ./drivers/fsl_flexcomm.o
                0x00000610                FLEXCOMM5_DriverIRQHandler
 .text.FLEXCOMM6_DriverIRQHandler
                0x0000066c       0x5c ./drivers/fsl_flexcomm.o
                0x0000066c                FLEXCOMM6_DriverIRQHandler
 .text.FLEXCOMM7_DriverIRQHandler
                0x000006c8       0x5c ./drivers/fsl_flexcomm.o
                0x000006c8                FLEXCOMM7_DriverIRQHandler
 .text.FLEXCOMM8_DriverIRQHandler
                0x00000724       0x5c ./drivers/fsl_flexcomm.o
                0x00000724                FLEXCOMM8_DriverIRQHandler
 .text.GPIO_EnablePortClock
                0x00000780       0x34 ./drivers/fsl_gpio.o
 .text.GPIO_PortInit
                0x000007b4       0x2c ./drivers/fsl_gpio.o
                0x000007b4                GPIO_PortInit
 .text.RESET_SetPeripheralReset
                0x000007e0       0x5c ./drivers/fsl_reset.o
                0x000007e0                RESET_SetPeripheralReset
 .text.RESET_ClearPeripheralReset
                0x0000083c       0x60 ./drivers/fsl_reset.o
                0x0000083c                RESET_ClearPeripheralReset
 .text.findPll0MMult
                0x0000089c       0xb4 ./device/system_LPC55S69_cm33_core0.o
 .text.GetFro12MFreq
                0x00000950       0x28 ./device/system_LPC55S69_cm33_core0.o
 .text.GetFro1MFreq
                0x00000978       0x28 ./device/system_LPC55S69_cm33_core0.o
 .text.GetExtClkFreq
                0x000009a0       0x28 ./device/system_LPC55S69_cm33_core0.o
 .text.GetFroHfFreq
                0x000009c8       0x28 ./device/system_LPC55S69_cm33_core0.o
 .text.GetOsc32KFreq
                0x000009f0       0x58 ./device/system_LPC55S69_cm33_core0.o
 .text.SystemInit
                0x00000a48       0x64 ./device/system_LPC55S69_cm33_core0.o
                0x00000a48                SystemInit
 .text.SystemCoreClockUpdate
                0x00000aac      0x29c ./device/system_LPC55S69_cm33_core0.o
                0x00000aac                SystemCoreClockUpdate
 .text.BOARD_InitPins
                0x00000d48       0x60 ./board/pin_mux.o
                0x00000d48                BOARD_InitPins
 .text.malloc   0x00000da8       0xe8 d:/mcuxpressoide_11.8.1_1197/ide/plugins/com.nxp.mcuxpresso.tools.win32_11.8.1.202308071233/tools/bin/../lib/gcc/arm-none-eabi/12.2.1/../../../../arm-none-eabi/lib/thumb/v8-m.main+fp/hard\libcr_c.a(alloc.o)
                0x00000da8                malloc
 .text._Csys_alloc
                0x00000e90       0x20 d:/mcuxpressoide_11.8.1_1197/ide/plugins/com.nxp.mcuxpresso.tools.win32_11.8.1.202308071233/tools/bin/../lib/gcc/arm-none-eabi/12.2.1/../../../../arm-none-eabi/lib/thumb/v8-m.main+fp/hard\libcr_c.a(alloc.o)
                0x00000e90                _Csys_alloc
 .text._initio  0x00000eb0       0x78 d:/mcuxpressoide_11.8.1_1197/ide/plugins/com.nxp.mcuxpresso.tools.win32_11.8.1.202308071233/tools/bin/../lib/gcc/arm-none-eabi/12.2.1/../../../../arm-none-eabi/lib/thumb/v8-m.main+fp/hard\libcr_c.a(initio.o)
                0x00000eb0                _initio
 .text.__vfprintf
                0x00000f28      0xb78 d:/mcuxpressoide_11.8.1_1197/ide/plugins/com.nxp.mcuxpresso.tools.win32_11.8.1.202308071233/tools/bin/../lib/gcc/arm-none-eabi/12.2.1/../../../../arm-none-eabi/lib/thumb/v8-m.main+fp/hard\libcr_c.a(printf.o)
                0x00000f28                __vfprintf
 .text._vsnprintf
                0x00001aa0       0x68 d:/mcuxpressoide_11.8.1_1197/ide/plugins/com.nxp.mcuxpresso.tools.win32_11.8.1.202308071233/tools/bin/../lib/gcc/arm-none-eabi/12.2.1/../../../../arm-none-eabi/lib/thumb/v8-m.main+fp/hard\libcr_c.a(printf.o)
                0x00001aa0                _vsnprintf
 .text._printf  0x00001b08       0x54 d:/mcuxpressoide_11.8.1_1197/ide/plugins/com.nxp.mcuxpresso.tools.win32_11.8.1.202308071233/tools/bin/../lib/gcc/arm-none-eabi/12.2.1/../../../../arm-none-eabi/lib/thumb/v8-m.main+fp/hard\libcr_c.a(printf.o)
                0x00001b08                _printf
 .text._sbrk    0x00001b5c       0x3c d:/mcuxpressoide_11.8.1_1197/ide/plugins/com.nxp.mcuxpresso.tools.win32_11.8.1.202308071233/tools/bin/../lib/gcc/arm-none-eabi/12.2.1/../../../../arm-none-eabi/lib/thumb/v8-m.main+fp/hard\libcr_c.a(_cr_sbrk.o)
                0x00001b5c                _sbrk
 .text._Cwritebuf
                0x00001b98       0x6c d:/mcuxpressoide_11.8.1_1197/ide/plugins/com.nxp.mcuxpresso.tools.win32_11.8.1.202308071233/tools/bin/../lib/gcc/arm-none-eabi/12.2.1/../../../../arm-none-eabi/lib/thumb/v8-m.main+fp/hard\libcr_c.a(_writebuf.o)
                0x00001b98                _Cwritebuf
 .text.fflush   0x00001c04       0x3c d:/mcuxpressoide_11.8.1_1197/ide/plugins/com.nxp.mcuxpresso.tools.win32_11.8.1.202308071233/tools/bin/../lib/gcc/arm-none-eabi/12.2.1/../../../../arm-none-eabi/lib/thumb/v8-m.main+fp/hard\libcr_c.a(fflush.o)
                0x00001c04                fflush
 .text.fseek    0x00001c40       0xf8 d:/mcuxpressoide_11.8.1_1197/ide/plugins/com.nxp.mcuxpresso.tools.win32_11.8.1.202308071233/tools/bin/../lib/gcc/arm-none-eabi/12.2.1/../../../../arm-none-eabi/lib/thumb/v8-m.main+fp/hard\libcr_c.a(fseek.o)
                0x00001c40                fseek
 .text.ftell    0x00001d38       0x44 d:/mcuxpressoide_11.8.1_1197/ide/plugins/com.nxp.mcuxpresso.tools.win32_11.8.1.202308071233/tools/bin/../lib/gcc/arm-none-eabi/12.2.1/../../../../arm-none-eabi/lib/thumb/v8-m.main+fp/hard\libcr_c.a(ftell.o)
                0x00001d38                ftell
 .text.__check_heap_overflow
                0x00001d7c       0x18 d:/mcuxpressoide_11.8.1_1197/ide/plugins/com.nxp.mcuxpresso.tools.win32_11.8.1.202308071233/tools/bin/../lib/gcc/arm-none-eabi/12.2.1/../../../../arm-none-eabi/lib/thumb/v8-m.main+fp/hard\libcr_c.a(_cr_check_heap.o)
                0x00001d7c                __check_heap_overflow
 .text.__sys_appexit
                0x00001d94        0xc d:/mcuxpressoide_11.8.1_1197/ide/plugins/com.nxp.mcuxpresso.tools.win32_11.8.1.202308071233/tools/bin/../lib/gcc/arm-none-eabi/12.2.1/../../../../arm-none-eabi/lib/thumb/v8-m.main+fp/hard\libcr_semihost_nf.a(__sys_appexit.o)
                0x00001d94                __sys_appexit
                0x00001d94                __exit
 .text.WDT_BOD_IRQHandler
                0x00001da0        0x8 ./startup/startup_lpc55s69_cm33_core0.o
                0x00001da0                WDT_BOD_IRQHandler
 .text.DMA0_IRQHandler
                0x00001da8        0x8 ./startup/startup_lpc55s69_cm33_core0.o
                0x00001da8                DMA0_IRQHandler
 .text.GINT0_IRQHandler
                0x00001db0        0x8 ./startup/startup_lpc55s69_cm33_core0.o
                0x00001db0                GINT0_IRQHandler
 .text.GINT1_IRQHandler
                0x00001db8        0x8 ./startup/startup_lpc55s69_cm33_core0.o
                0x00001db8                GINT1_IRQHandler
 .text.PIN_INT0_IRQHandler
                0x00001dc0        0x8 ./startup/startup_lpc55s69_cm33_core0.o
                0x00001dc0                PIN_INT0_IRQHandler
 .text.PIN_INT1_IRQHandler
                0x00001dc8        0x8 ./startup/startup_lpc55s69_cm33_core0.o
                0x00001dc8                PIN_INT1_IRQHandler
 .text.PIN_INT2_IRQHandler
                0x00001dd0        0x8 ./startup/startup_lpc55s69_cm33_core0.o
                0x00001dd0                PIN_INT2_IRQHandler
 .text.PIN_INT3_IRQHandler
                0x00001dd8        0x8 ./startup/startup_lpc55s69_cm33_core0.o
                0x00001dd8                PIN_INT3_IRQHandler
 .text.UTICK0_IRQHandler
                0x00001de0        0x8 ./startup/startup_lpc55s69_cm33_core0.o
                0x00001de0                UTICK0_IRQHandler
 .text.MRT0_IRQHandler
                0x00001de8        0x8 ./startup/startup_lpc55s69_cm33_core0.o
                0x00001de8                MRT0_IRQHandler
 .text.CTIMER0_IRQHandler
                0x00001df0        0x8 ./startup/startup_lpc55s69_cm33_core0.o
                0x00001df0                CTIMER0_IRQHandler
 .text.CTIMER1_IRQHandler
                0x00001df8        0x8 ./startup/startup_lpc55s69_cm33_core0.o
                0x00001df8                CTIMER1_IRQHandler
 .text.SCT0_IRQHandler
                0x00001e00        0x8 ./startup/startup_lpc55s69_cm33_core0.o
                0x00001e00                SCT0_IRQHandler
 .text.CTIMER3_IRQHandler
                0x00001e08        0x8 ./startup/startup_lpc55s69_cm33_core0.o
                0x00001e08                CTIMER3_IRQHandler
 .text.FLEXCOMM0_IRQHandler
                0x00001e10        0x8 ./startup/startup_lpc55s69_cm33_core0.o
                0x00001e10                FLEXCOMM0_IRQHandler
 .text.FLEXCOMM1_IRQHandler
                0x00001e18        0x8 ./startup/startup_lpc55s69_cm33_core0.o
                0x00001e18                FLEXCOMM1_IRQHandler
 .text.FLEXCOMM2_IRQHandler
                0x00001e20        0x8 ./startup/startup_lpc55s69_cm33_core0.o
                0x00001e20                FLEXCOMM2_IRQHandler
 .text.FLEXCOMM3_IRQHandler
                0x00001e28        0x8 ./startup/startup_lpc55s69_cm33_core0.o
                0x00001e28                FLEXCOMM3_IRQHandler
 .text.FLEXCOMM4_IRQHandler
                0x00001e30        0x8 ./startup/startup_lpc55s69_cm33_core0.o
                0x00001e30                FLEXCOMM4_IRQHandler
 .text.FLEXCOMM5_IRQHandler
                0x00001e38        0x8 ./startup/startup_lpc55s69_cm33_core0.o
                0x00001e38                FLEXCOMM5_IRQHandler
 .text.FLEXCOMM6_IRQHandler
                0x00001e40        0x8 ./startup/startup_lpc55s69_cm33_core0.o
                0x00001e40                FLEXCOMM6_IRQHandler
 .text.FLEXCOMM7_IRQHandler
                0x00001e48        0x8 ./startup/startup_lpc55s69_cm33_core0.o
                0x00001e48                FLEXCOMM7_IRQHandler
 .text.ADC0_IRQHandler
                0x00001e50        0x8 ./startup/startup_lpc55s69_cm33_core0.o
                0x00001e50                ADC0_IRQHandler
 .text.Reserved39_IRQHandler
                0x00001e58        0x8 ./startup/startup_lpc55s69_cm33_core0.o
                0x00001e58                Reserved39_IRQHandler
 .text.ACMP_IRQHandler
                0x00001e60        0x8 ./startup/startup_lpc55s69_cm33_core0.o
                0x00001e60                ACMP_IRQHandler
 .text.Reserved41_IRQHandler
                0x00001e68        0x8 ./startup/startup_lpc55s69_cm33_core0.o
                0x00001e68                Reserved41_IRQHandler
 .text.Reserved42_IRQHandler
                0x00001e70        0x8 ./startup/startup_lpc55s69_cm33_core0.o
                0x00001e70                Reserved42_IRQHandler
 .text.USB0_NEEDCLK_IRQHandler
                0x00001e78        0x8 ./startup/startup_lpc55s69_cm33_core0.o
                0x00001e78                USB0_NEEDCLK_IRQHandler
 .text.USB0_IRQHandler
                0x00001e80        0x8 ./startup/startup_lpc55s69_cm33_core0.o
                0x00001e80                USB0_IRQHandler
 .text.RTC_IRQHandler
                0x00001e88        0x8 ./startup/startup_lpc55s69_cm33_core0.o
                0x00001e88                RTC_IRQHandler
 .text.Reserved46_IRQHandler
                0x00001e90        0x8 ./startup/startup_lpc55s69_cm33_core0.o
                0x00001e90                Reserved46_IRQHandler
 .text.MAILBOX_IRQHandler
                0x00001e98        0x8 ./startup/startup_lpc55s69_cm33_core0.o
                0x00001e98                MAILBOX_IRQHandler
 .text.PIN_INT4_IRQHandler
                0x00001ea0        0x8 ./startup/startup_lpc55s69_cm33_core0.o
                0x00001ea0                PIN_INT4_IRQHandler
 .text.PIN_INT5_IRQHandler
                0x00001ea8        0x8 ./startup/startup_lpc55s69_cm33_core0.o
                0x00001ea8                PIN_INT5_IRQHandler
 .text.PIN_INT6_IRQHandler
                0x00001eb0        0x8 ./startup/startup_lpc55s69_cm33_core0.o
                0x00001eb0                PIN_INT6_IRQHandler
 .text.PIN_INT7_IRQHandler
                0x00001eb8        0x8 ./startup/startup_lpc55s69_cm33_core0.o
                0x00001eb8                PIN_INT7_IRQHandler
 .text.CTIMER2_IRQHandler
                0x00001ec0        0x8 ./startup/startup_lpc55s69_cm33_core0.o
                0x00001ec0                CTIMER2_IRQHandler
 .text.CTIMER4_IRQHandler
                0x00001ec8        0x8 ./startup/startup_lpc55s69_cm33_core0.o
                0x00001ec8                CTIMER4_IRQHandler
 .text.OS_EVENT_IRQHandler
                0x00001ed0        0x8 ./startup/startup_lpc55s69_cm33_core0.o
                0x00001ed0                OS_EVENT_IRQHandler
 .text.Reserved55_IRQHandler
                0x00001ed8        0x8 ./startup/startup_lpc55s69_cm33_core0.o
                0x00001ed8                Reserved55_IRQHandler
 .text.Reserved56_IRQHandler
                0x00001ee0        0x8 ./startup/startup_lpc55s69_cm33_core0.o
                0x00001ee0                Reserved56_IRQHandler
 .text.Reserved57_IRQHandler
                0x00001ee8        0x8 ./startup/startup_lpc55s69_cm33_core0.o
                0x00001ee8                Reserved57_IRQHandler
 .text.SDIO_IRQHandler
                0x00001ef0        0x8 ./startup/startup_lpc55s69_cm33_core0.o
                0x00001ef0                SDIO_IRQHandler
 .text.Reserved59_IRQHandler
                0x00001ef8        0x8 ./startup/startup_lpc55s69_cm33_core0.o
                0x00001ef8                Reserved59_IRQHandler
 .text.Reserved60_IRQHandler
                0x00001f00        0x8 ./startup/startup_lpc55s69_cm33_core0.o
                0x00001f00                Reserved60_IRQHandler
 .text.Reserved61_IRQHandler
                0x00001f08        0x8 ./startup/startup_lpc55s69_cm33_core0.o
                0x00001f08                Reserved61_IRQHandler
 .text.USB1_PHY_IRQHandler
                0x00001f10        0x8 ./startup/startup_lpc55s69_cm33_core0.o
                0x00001f10                USB1_PHY_IRQHandler
 .text.USB1_IRQHandler
                0x00001f18        0x8 ./startup/startup_lpc55s69_cm33_core0.o
                0x00001f18                USB1_IRQHandler
 .text.USB1_NEEDCLK_IRQHandler
                0x00001f20        0x8 ./startup/startup_lpc55s69_cm33_core0.o
                0x00001f20                USB1_NEEDCLK_IRQHandler
 .text.SEC_HYPERVISOR_CALL_IRQHandler
                0x00001f28        0x8 ./startup/startup_lpc55s69_cm33_core0.o
                0x00001f28                SEC_HYPERVISOR_CALL_IRQHandler
 .text.SEC_GPIO_INT0_IRQ0_IRQHandler
                0x00001f30        0x8 ./startup/startup_lpc55s69_cm33_core0.o
                0x00001f30                SEC_GPIO_INT0_IRQ0_IRQHandler
 .text.SEC_GPIO_INT0_IRQ1_IRQHandler
                0x00001f38        0x8 ./startup/startup_lpc55s69_cm33_core0.o
                0x00001f38                SEC_GPIO_INT0_IRQ1_IRQHandler
 .text.PLU_IRQHandler
                0x00001f40        0x8 ./startup/startup_lpc55s69_cm33_core0.o
                0x00001f40                PLU_IRQHandler
 .text.SEC_VIO_IRQHandler
                0x00001f48        0x8 ./startup/startup_lpc55s69_cm33_core0.o
                0x00001f48                SEC_VIO_IRQHandler
 .text.HASHCRYPT_IRQHandler
                0x00001f50        0x8 ./startup/startup_lpc55s69_cm33_core0.o
                0x00001f50                HASHCRYPT_IRQHandler
 .text.CASER_IRQHandler
                0x00001f58        0x8 ./startup/startup_lpc55s69_cm33_core0.o
                0x00001f58                CASER_IRQHandler
 .text.PUF_IRQHandler
                0x00001f60        0x8 ./startup/startup_lpc55s69_cm33_core0.o
                0x00001f60                PUF_IRQHandler
 .text.PQ_IRQHandler
                0x00001f68        0x8 ./startup/startup_lpc55s69_cm33_core0.o
                0x00001f68                PQ_IRQHandler
 .text.DMA1_IRQHandler
                0x00001f70        0x8 ./startup/startup_lpc55s69_cm33_core0.o
                0x00001f70                DMA1_IRQHandler
 .text.FLEXCOMM8_IRQHandler
                0x00001f78        0x8 ./startup/startup_lpc55s69_cm33_core0.o
                0x00001f78                FLEXCOMM8_IRQHandler
 .text.GPIO_PortToggle
                0x00001f80       0x26 ./source/led_blinky.o
 .text.HardFault_Handler
                0x00001fa6       0x36 ./source/semihost_hardfault.o
                0x00001fa6                HardFault_Handler
 .text.CLOCK_EnableClock
                0x00001fdc       0x30 ./drivers/fsl_gpio.o
 .text.GPIO_PinInit
                0x0000200c       0xa4 ./drivers/fsl_gpio.o
                0x0000200c                GPIO_PinInit
 .text.RESET_PeripheralReset
                0x000020b0       0x1c ./drivers/fsl_reset.o
                0x000020b0                RESET_PeripheralReset
 .text.findPll0PreDiv
                0x000020cc       0x3e ./device/system_LPC55S69_cm33_core0.o
 .text.findPll0PostDiv
                0x0000210a       0x62 ./device/system_LPC55S69_cm33_core0.o
 .text.findPll1PreDiv
                0x0000216c       0x3e ./device/system_LPC55S69_cm33_core0.o
 .text.findPll1PostDiv
                0x000021aa       0x62 ./device/system_LPC55S69_cm33_core0.o
 .text.findPll1MMult
                0x0000220c       0x2e ./device/system_LPC55S69_cm33_core0.o
 .text.SystemInitHook
                0x0000223a        0xe ./device/system_LPC55S69_cm33_core0.o
                0x0000223a                SystemInitHook
 .text.CLOCK_EnableClock
                0x00002248       0x30 ./board/pin_mux.o
 .text.IOCON_PinMuxSet
                0x00002278       0x2e ./board/pin_mux.o
 .text.BOARD_InitBootPins
                0x000022a6        0xc ./board/pin_mux.o
                0x000022a6                BOARD_InitBootPins
 .text.__main   0x000022b2        0xe d:/mcuxpressoide_11.8.1_1197/ide/plugins/com.nxp.mcuxpresso.tools.win32_11.8.1.202308071233/tools/bin/../lib/gcc/arm-none-eabi/12.2.1/../../../../arm-none-eabi/lib/thumb/v8-m.main+fp/hard\libcr_semihost_nf.a(_cr__main.o)
                0x000022b2                __CR_SEMIHOST
                0x000022b2                __main
 .text.memset   0x000022c0        0x4 d:/mcuxpressoide_11.8.1_1197/ide/plugins/com.nxp.mcuxpresso.tools.win32_11.8.1.202308071233/tools/bin/../lib/gcc/arm-none-eabi/12.2.1/../../../../arm-none-eabi/lib/thumb/v8-m.main+fp/hard\libcr_c.a(memset.o)
                0x000022c0                memset
 .text.free     0x000022c4       0x30 d:/mcuxpressoide_11.8.1_1197/ide/plugins/com.nxp.mcuxpresso.tools.win32_11.8.1.202308071233/tools/bin/../lib/gcc/arm-none-eabi/12.2.1/../../../../arm-none-eabi/lib/thumb/v8-m.main+fp/hard\libcr_c.a(alloc.o)
                0x000022c4                free
 .text.no_fp_display
                0x000022f4        0x4 d:/mcuxpressoide_11.8.1_1197/ide/plugins/com.nxp.mcuxpresso.tools.win32_11.8.1.202308071233/tools/bin/../lib/gcc/arm-none-eabi/12.2.1/../../../../arm-none-eabi/lib/thumb/v8-m.main+fp/hard\libcr_c.a(printf.o)
 .text.setvbuf  0x000022f8       0x3e d:/mcuxpressoide_11.8.1_1197/ide/plugins/com.nxp.mcuxpresso.tools.win32_11.8.1.202308071233/tools/bin/../lib/gcc/arm-none-eabi/12.2.1/../../../../arm-none-eabi/lib/thumb/v8-m.main+fp/hard\libcr_c.a(setvbuf.o)
                0x000022f8                setvbuf
 .text.strlen   0x00002336       0x4e d:/mcuxpressoide_11.8.1_1197/ide/plugins/com.nxp.mcuxpresso.tools.win32_11.8.1.202308071233/tools/bin/../lib/gcc/arm-none-eabi/12.2.1/../../../../arm-none-eabi/lib/thumb/v8-m.main+fp/hard\libcr_c.a(strlen.o)
                0x00002336                strlen
 .text._deferredlazyseek
                0x00002384       0x40 d:/mcuxpressoide_11.8.1_1197/ide/plugins/com.nxp.mcuxpresso.tools.win32_11.8.1.202308071233/tools/bin/../lib/gcc/arm-none-eabi/12.2.1/../../../../arm-none-eabi/lib/thumb/v8-m.main+fp/hard\libcr_c.a(_deferredlazyseek.o)
                0x00002384                _deferredlazyseek
 .text.__flsbuf
                0x000023c4      0x140 d:/mcuxpressoide_11.8.1_1197/ide/plugins/com.nxp.mcuxpresso.tools.win32_11.8.1.202308071233/tools/bin/../lib/gcc/arm-none-eabi/12.2.1/../../../../arm-none-eabi/lib/thumb/v8-m.main+fp/hard\libcr_c.a(_deferredlazyseek.o)
                0x000023c4                __flsbuf
 .text._fdopen  0x00002504       0x68 d:/mcuxpressoide_11.8.1_1197/ide/plugins/com.nxp.mcuxpresso.tools.win32_11.8.1.202308071233/tools/bin/../lib/gcc/arm-none-eabi/12.2.1/../../../../arm-none-eabi/lib/thumb/v8-m.main+fp/hard\libcr_c.a(_fdopen.o)
                0x00002504                _fdopen
 .text._fflush  0x0000256c       0x52 d:/mcuxpressoide_11.8.1_1197/ide/plugins/com.nxp.mcuxpresso.tools.win32_11.8.1.202308071233/tools/bin/../lib/gcc/arm-none-eabi/12.2.1/../../../../arm-none-eabi/lib/thumb/v8-m.main+fp/hard\libcr_c.a(_fflush.o)
                0x0000256c                _fflush
 .text.fclose   0x000025be       0x58 d:/mcuxpressoide_11.8.1_1197/ide/plugins/com.nxp.mcuxpresso.tools.win32_11.8.1.202308071233/tools/bin/../lib/gcc/arm-none-eabi/12.2.1/../../../../arm-none-eabi/lib/thumb/v8-m.main+fp/hard\libcr_c.a(fclose.o)
                0x000025be                fclose
 .text.remove   0x00002616       0x14 d:/mcuxpressoide_11.8.1_1197/ide/plugins/com.nxp.mcuxpresso.tools.win32_11.8.1.202308071233/tools/bin/../lib/gcc/arm-none-eabi/12.2.1/../../../../arm-none-eabi/lib/thumb/v8-m.main+fp/hard\libcr_c.a(remove.o)
                0x00002616                remove
 .text._do_fflush
                0x0000262a       0x40 d:/mcuxpressoide_11.8.1_1197/ide/plugins/com.nxp.mcuxpresso.tools.win32_11.8.1.202308071233/tools/bin/../lib/gcc/arm-none-eabi/12.2.1/../../../../arm-none-eabi/lib/thumb/v8-m.main+fp/hard\libcr_c.a(_do_fflush.o)
                0x0000262a                _do_fflush
 .text.__aeabi_division_uldivmod
                0x0000266a      0x174 d:/mcuxpressoide_11.8.1_1197/ide/plugins/com.nxp.mcuxpresso.tools.win32_11.8.1.202308071233/tools/bin/../lib/gcc/arm-none-eabi/12.2.1/thumb/v8-m.main+fp/hard\libcr_eabihelpers.a(division_64.o)
                0x0000266a                __aeabi_uldivmod
                0x0000266e                __bhs_ldivmod1
 .text.__aeabi_division_idiv0
                0x000027de        0x2 d:/mcuxpressoide_11.8.1_1197/ide/plugins/com.nxp.mcuxpresso.tools.win32_11.8.1.202308071233/tools/bin/../lib/gcc/arm-none-eabi/12.2.1/thumb/v8-m.main+fp/hard\libcr_eabihelpers.a(division_idiv0.o)
                0x000027de                __aeabi_idiv0
 .text.__aeabi_f2ulz
                0x000027e0       0x3e d:/mcuxpressoide_11.8.1_1197/ide/plugins/com.nxp.mcuxpresso.tools.win32_11.8.1.202308071233/tools/bin/../lib/gcc/arm-none-eabi/12.2.1/thumb/v8-m.main+fp/hard\libcr_eabihelpers.a(float.o)
                0x000027e0                __aeabi_f2ulz
 .text.__aeabi_memset_lowlevel
                0x0000281e       0x32 d:/mcuxpressoide_11.8.1_1197/ide/plugins/com.nxp.mcuxpresso.tools.win32_11.8.1.202308071233/tools/bin/../lib/gcc/arm-none-eabi/12.2.1/thumb/v8-m.main+fp/hard\libcr_eabihelpers.a(memcpy.o)
                0x0000281e                __aeabi_lowlevel_memset
 .text.__sys_close
                0x00002850        0xc d:/mcuxpressoide_11.8.1_1197/ide/plugins/com.nxp.mcuxpresso.tools.win32_11.8.1.202308071233/tools/bin/../lib/gcc/arm-none-eabi/12.2.1/../../../../arm-none-eabi/lib/thumb/v8-m.main+fp/hard\libcr_semihost_nf.a(__sys_close.o)
                0x00002850                __sys_close
 .text.__sys_flen
                0x0000285c        0xc d:/mcuxpressoide_11.8.1_1197/ide/plugins/com.nxp.mcuxpresso.tools.win32_11.8.1.202308071233/tools/bin/../lib/gcc/arm-none-eabi/12.2.1/../../../../arm-none-eabi/lib/thumb/v8-m.main+fp/hard\libcr_semihost_nf.a(__sys_flen.o)
                0x0000285c                __sys_flen
 .text.__sys_istty
                0x00002868        0xc d:/mcuxpressoide_11.8.1_1197/ide/plugins/com.nxp.mcuxpresso.tools.win32_11.8.1.202308071233/tools/bin/../lib/gcc/arm-none-eabi/12.2.1/../../../../arm-none-eabi/lib/thumb/v8-m.main+fp/hard\libcr_semihost_nf.a(__sys_istty.o)
                0x00002868                __sys_istty
 .text.__sys_remove
                0x00002874        0xc d:/mcuxpressoide_11.8.1_1197/ide/plugins/com.nxp.mcuxpresso.tools.win32_11.8.1.202308071233/tools/bin/../lib/gcc/arm-none-eabi/12.2.1/../../../../arm-none-eabi/lib/thumb/v8-m.main+fp/hard\libcr_semihost_nf.a(__sys_remove.o)
                0x00002874                __sys_remove
 .text.__sys_seek
                0x00002880        0xc d:/mcuxpressoide_11.8.1_1197/ide/plugins/com.nxp.mcuxpresso.tools.win32_11.8.1.202308071233/tools/bin/../lib/gcc/arm-none-eabi/12.2.1/../../../../arm-none-eabi/lib/thumb/v8-m.main+fp/hard\libcr_semihost_nf.a(__sys_seek.o)
                0x00002880                __sys_seek
 .text.__sys_tmpnam
                0x0000288c        0xc d:/mcuxpressoide_11.8.1_1197/ide/plugins/com.nxp.mcuxpresso.tools.win32_11.8.1.202308071233/tools/bin/../lib/gcc/arm-none-eabi/12.2.1/../../../../arm-none-eabi/lib/thumb/v8-m.main+fp/hard\libcr_semihost_nf.a(__sys_tmpnam.o)
                0x0000288c                __sys_tmpnam
 .text.__sys_write
                0x00002898        0xc d:/mcuxpressoide_11.8.1_1197/ide/plugins/com.nxp.mcuxpresso.tools.win32_11.8.1.202308071233/tools/bin/../lib/gcc/arm-none-eabi/12.2.1/../../../../arm-none-eabi/lib/thumb/v8-m.main+fp/hard\libcr_semihost_nf.a(__sys_write.o)
                0x00002898                __sys_write
 *(SORT_BY_ALIGNMENT(.rodata) SORT_BY_ALIGNMENT(.rodata.*) SORT_BY_ALIGNMENT(.constdata) SORT_BY_ALIGNMENT(.constdata.*))
 .rodata.__assertion_failed.str1.4
                0x000028a4       0x14 ./utilities/fsl_assert.o
 .rodata.s_flexcommBaseAddrs
                0x000028b8       0x24 ./drivers/fsl_flexcomm.o
 .rodata.FLEXCOMM_GetInstance.str1.4
                0x000028dc       0x42 ./drivers/fsl_flexcomm.o
 *fill*         0x0000291e        0x2 ff
 .rodata.FLEXCOMM0_DriverIRQHandler.str1.4
                0x00002920       0x3c ./drivers/fsl_flexcomm.o
 .rodata.FLEXCOMM1_DriverIRQHandler.str1.4
                0x0000295c       0x3c ./drivers/fsl_flexcomm.o
 .rodata.FLEXCOMM2_DriverIRQHandler.str1.4
                0x00002998       0x3c ./drivers/fsl_flexcomm.o
 .rodata.FLEXCOMM3_DriverIRQHandler.str1.4
                0x000029d4       0x3c ./drivers/fsl_flexcomm.o
 .rodata.FLEXCOMM4_DriverIRQHandler.str1.4
                0x00002a10       0x3c ./drivers/fsl_flexcomm.o
 .rodata.FLEXCOMM5_DriverIRQHandler.str1.4
                0x00002a4c       0x3c ./drivers/fsl_flexcomm.o
 .rodata.FLEXCOMM6_DriverIRQHandler.str1.4
                0x00002a88       0x3c ./drivers/fsl_flexcomm.o
 .rodata.FLEXCOMM7_DriverIRQHandler.str1.4
                0x00002ac4       0x3c ./drivers/fsl_flexcomm.o
 .rodata.FLEXCOMM8_DriverIRQHandler.str1.4
                0x00002b00       0x3c ./drivers/fsl_flexcomm.o
 .rodata.s_gpioClockName
                0x00002b3c        0x8 ./drivers/fsl_gpio.o
 .rodata.s_gpioResets
                0x00002b44       0x18 ./drivers/fsl_gpio.o
 .rodata.GPIO_EnablePortClock.str1.4
                0x00002b5c       0x33 ./drivers/fsl_gpio.o
 *fill*         0x00002b8f        0x1 ff
 .rodata.RESET_SetPeripheralReset.str1.4
                0x00002b90       0x1e ./drivers/fsl_reset.o
 *fill*         0x00002bae        0x2 ff
 .rodata.RESET_ClearPeripheralReset.str1.4
                0x00002bb0       0x1e ./drivers/fsl_reset.o
 *fill*         0x00002bce        0x2 ff
 .rodata.__num_Ciob_streams
                0x00002bd0        0x4 d:/mcuxpressoide_11.8.1_1197/ide/plugins/com.nxp.mcuxpresso.tools.win32_11.8.1.202308071233/tools/bin/../lib/gcc/arm-none-eabi/12.2.1/../../../../arm-none-eabi/lib/thumb/v8-m.main+fp/hard\libcr_semihost_nf.a(__ciob.o)
                0x00002bd0                __num_Ciob_streams
 .rodata._Csys_alloc.str1.1
                0x00002bd4       0x18 d:/mcuxpressoide_11.8.1_1197/ide/plugins/com.nxp.mcuxpresso.tools.win32_11.8.1.202308071233/tools/bin/../lib/gcc/arm-none-eabi/12.2.1/../../../../arm-none-eabi/lib/thumb/v8-m.main+fp/hard\libcr_c.a(alloc.o)
 .rodata._initio.str1.1
                0x00002bec        0x4 d:/mcuxpressoide_11.8.1_1197/ide/plugins/com.nxp.mcuxpresso.tools.win32_11.8.1.202308071233/tools/bin/../lib/gcc/arm-none-eabi/12.2.1/../../../../arm-none-eabi/lib/thumb/v8-m.main+fp/hard\libcr_c.a(initio.o)
 .rodata.__vfprintf.str1.1
                0x00002bf0       0x37 d:/mcuxpressoide_11.8.1_1197/ide/plugins/com.nxp.mcuxpresso.tools.win32_11.8.1.202308071233/tools/bin/../lib/gcc/arm-none-eabi/12.2.1/../../../../arm-none-eabi/lib/thumb/v8-m.main+fp/hard\libcr_c.a(printf.o)
                                 0x38 (size before relaxing)
                0x00002c28                . = ALIGN (0x4)
 *fill*         0x00002c27        0x1 ff

.glue_7         0x00002c28        0x0
 .glue_7        0x00002c28        0x0 linker stubs

.glue_7t        0x00002c28        0x0
 .glue_7t       0x00002c28        0x0 linker stubs

.vfp11_veneer   0x00002c28        0x0
 .vfp11_veneer  0x00002c28        0x0 linker stubs

.v4_bx          0x00002c28        0x0
 .v4_bx         0x00002c28        0x0 linker stubs

.iplt           0x00002c28        0x0
 .iplt          0x00002c28        0x0 ./utilities/fsl_assert.o

.rel.dyn        0x00002c28        0x0
 .rel.iplt      0x00002c28        0x0 ./utilities/fsl_assert.o

.ARM.extab
 *(SORT_BY_ALIGNMENT(.ARM.extab*) SORT_BY_ALIGNMENT(.gnu.linkonce.armextab.*))

.ARM.exidx      0x00002c28        0x0
                0x00002c28                __exidx_start = .
 *(SORT_BY_ALIGNMENT(.ARM.exidx*) SORT_BY_ALIGNMENT(.gnu.linkonce.armexidx.*))
                0x00002c28                __exidx_end = .
                0x00002c28                _etext = .

.m_usb_data
 *(SORT_BY_ALIGNMENT(m_usb_global))

.data_RAM2      0x04000000        0x0 load address 0x00002c28
 FILL mask 0xff
                [!provide]                PROVIDE (__start_data_RAM2 = .)
                [!provide]                PROVIDE (__start_data_SRAMX = .)
 *(SORT_BY_ALIGNMENT(.ramfunc.$RAM2))
 *(SORT_BY_ALIGNMENT(.ramfunc.$SRAMX))
 *(SORT_BY_ALIGNMENT(.data.$RAM2))
 *(SORT_BY_ALIGNMENT(.data.$SRAMX))
 *(SORT_BY_ALIGNMENT(.data.$RAM2.*))
 *(SORT_BY_ALIGNMENT(.data.$SRAMX.*))
                0x04000000                . = ALIGN (0x4)
                [!provide]                PROVIDE (__end_data_RAM2 = .)
                [!provide]                PROVIDE (__end_data_SRAMX = .)

.data_RAM3      0x40100000        0x0 load address 0x00002c28
 FILL mask 0xff
                [!provide]                PROVIDE (__start_data_RAM3 = .)
                [!provide]                PROVIDE (__start_data_USB_RAM = .)
 *(SORT_BY_ALIGNMENT(.ramfunc.$RAM3))
 *(SORT_BY_ALIGNMENT(.ramfunc.$USB_RAM))
 *(SORT_BY_ALIGNMENT(.data.$RAM3))
 *(SORT_BY_ALIGNMENT(.data.$USB_RAM))
 *(SORT_BY_ALIGNMENT(.data.$RAM3.*))
 *(SORT_BY_ALIGNMENT(.data.$USB_RAM.*))
                0x40100000                . = ALIGN (0x4)
                [!provide]                PROVIDE (__end_data_RAM3 = .)
                [!provide]                PROVIDE (__end_data_USB_RAM = .)

.data_RAM4      0x20040000        0x0 load address 0x00002c28
 FILL mask 0xff
                [!provide]                PROVIDE (__start_data_RAM4 = .)
                [!provide]                PROVIDE (__start_data_SRAM4 = .)
 *(SORT_BY_ALIGNMENT(.ramfunc.$RAM4))
 *(SORT_BY_ALIGNMENT(.ramfunc.$SRAM4))
 *(SORT_BY_ALIGNMENT(.data.$RAM4))
 *(SORT_BY_ALIGNMENT(.data.$SRAM4))
 *(SORT_BY_ALIGNMENT(.data.$RAM4.*))
 *(SORT_BY_ALIGNMENT(.data.$SRAM4.*))
                0x20040000                . = ALIGN (0x4)
                [!provide]                PROVIDE (__end_data_RAM4 = .)
                [!provide]                PROVIDE (__end_data_SRAM4 = .)

.uninit_RESERVED
                0x20000000        0x0
                0x20000000                _start_uninit_RESERVED = .
 *(SORT_BY_ALIGNMENT(.bss.$RESERVED*))
                0x20000000                . = ALIGN (0x4)
                0x20000000                _end_uninit_RESERVED = .

.data           0x20000000        0x4 load address 0x00002c28
 FILL mask 0xff
                0x20000000                _data = .
                [!provide]                PROVIDE (__start_data_RAM = .)
                [!provide]                PROVIDE (__start_data_SRAM = .)
 *(SORT_BY_ALIGNMENT(vtable))
 *(SORT_BY_ALIGNMENT(.ramfunc*))
 *(SORT_BY_ALIGNMENT(CodeQuickAccess))
 *(SORT_BY_ALIGNMENT(DataQuickAccess))
 *(SORT_BY_ALIGNMENT(RamFunction))
 *(SORT_BY_ALIGNMENT(.data*))
 .data.SystemCoreClock
                0x20000000        0x4 ./device/system_LPC55S69_cm33_core0.o
                0x20000000                SystemCoreClock
                0x20000004                . = ALIGN (0x4)
                0x20000004                _edata = .
                [!provide]                PROVIDE (__end_data_RAM = .)
                [!provide]                PROVIDE (__end_data_SRAM = .)

.igot.plt       0x20000004        0x0 load address 0x00002c2c
 .igot.plt      0x20000004        0x0 ./utilities/fsl_assert.o

.bss_RAM2       0x04000000        0x0
                [!provide]                PROVIDE (__start_bss_RAM2 = .)
                [!provide]                PROVIDE (__start_bss_SRAMX = .)
 *(SORT_BY_ALIGNMENT(.bss.$RAM2))
 *(SORT_BY_ALIGNMENT(.bss.$SRAMX))
 *(SORT_BY_ALIGNMENT(.bss.$RAM2.*))
 *(SORT_BY_ALIGNMENT(.bss.$SRAMX.*))
                0x04000000                . = ALIGN ((. != 0x0)?0x4:0x1)
                [!provide]                PROVIDE (__end_bss_RAM2 = .)
                [!provide]                PROVIDE (__end_bss_SRAMX = .)

.bss_RAM3       0x40100000        0x0
                [!provide]                PROVIDE (__start_bss_RAM3 = .)
                [!provide]                PROVIDE (__start_bss_USB_RAM = .)
 *(SORT_BY_ALIGNMENT(.bss.$RAM3))
 *(SORT_BY_ALIGNMENT(.bss.$USB_RAM))
 *(SORT_BY_ALIGNMENT(.bss.$RAM3.*))
 *(SORT_BY_ALIGNMENT(.bss.$USB_RAM.*))
                0x40100000                . = ALIGN ((. != 0x0)?0x4:0x1)
                [!provide]                PROVIDE (__end_bss_RAM3 = .)
                [!provide]                PROVIDE (__end_bss_USB_RAM = .)

.bss_RAM4       0x20040000        0x0
                [!provide]                PROVIDE (__start_bss_RAM4 = .)
                [!provide]                PROVIDE (__start_bss_SRAM4 = .)
 *(SORT_BY_ALIGNMENT(.bss.$RAM4))
 *(SORT_BY_ALIGNMENT(.bss.$SRAM4))
 *(SORT_BY_ALIGNMENT(.bss.$RAM4.*))
 *(SORT_BY_ALIGNMENT(.bss.$SRAM4.*))
                0x20040000                . = ALIGN ((. != 0x0)?0x4:0x1)
                [!provide]                PROVIDE (__end_bss_RAM4 = .)
                [!provide]                PROVIDE (__end_bss_SRAM4 = .)

.bss            0x20000004      0x10c
                0x20000004                _bss = .
                [!provide]                PROVIDE (__start_bss_RAM = .)
                [!provide]                PROVIDE (__start_bss_SRAM = .)
 *(SORT_BY_ALIGNMENT(.bss*))
 .bss.g_systickCounter
                0x20000004        0x4 ./source/led_blinky.o
                0x20000004                g_systickCounter
 .bss.s_flexcommIrqHandler
                0x20000008       0x24 ./drivers/fsl_flexcomm.o
 .bss.s_flexcommHandle
                0x2000002c       0x24 ./drivers/fsl_flexcomm.o
 .bss.errno     0x20000050        0x4 d:/mcuxpressoide_11.8.1_1197/ide/plugins/com.nxp.mcuxpresso.tools.win32_11.8.1.202308071233/tools/bin/../lib/gcc/arm-none-eabi/12.2.1/../../../../arm-none-eabi/lib/thumb/v8-m.main+fp/hard\libcr_c.a(errno.o)
                0x20000050                errno
 .bss.__end_of_heap
                0x20000054        0x4 d:/mcuxpressoide_11.8.1_1197/ide/plugins/com.nxp.mcuxpresso.tools.win32_11.8.1.202308071233/tools/bin/../lib/gcc/arm-none-eabi/12.2.1/../../../../arm-none-eabi/lib/thumb/v8-m.main+fp/hard\libcr_c.a(__init_alloc.o)
                0x20000054                __end_of_heap
 .bss.__heaps   0x20000058        0x4 d:/mcuxpressoide_11.8.1_1197/ide/plugins/com.nxp.mcuxpresso.tools.win32_11.8.1.202308071233/tools/bin/../lib/gcc/arm-none-eabi/12.2.1/../../../../arm-none-eabi/lib/thumb/v8-m.main+fp/hard\libcr_c.a(__init_alloc.o)
                0x20000058                __heaps
 .bss.__Ciob    0x2000005c       0xb4 d:/mcuxpressoide_11.8.1_1197/ide/plugins/com.nxp.mcuxpresso.tools.win32_11.8.1.202308071233/tools/bin/../lib/gcc/arm-none-eabi/12.2.1/../../../../arm-none-eabi/lib/thumb/v8-m.main+fp/hard\libcr_semihost_nf.a(__ciob.o)
                0x2000005c                __Ciob
 *(SORT_BY_ALIGNMENT(COMMON))
                0x20000110                . = ALIGN (0x4)
                0x20000110                _ebss = .
                [!provide]                PROVIDE (__end_bss_RAM = .)
                [!provide]                PROVIDE (__end_bss_SRAM = .)
                [!provide]                PROVIDE (end = .)

.noinit_RAM2    0x04000000        0x0
                [!provide]                PROVIDE (__start_noinit_RAM2 = .)
                [!provide]                PROVIDE (__start_noinit_SRAMX = .)
 *(SORT_BY_ALIGNMENT(.noinit.$RAM2))
 *(SORT_BY_ALIGNMENT(.noinit.$SRAMX))
 *(SORT_BY_ALIGNMENT(.noinit.$RAM2.*))
 *(SORT_BY_ALIGNMENT(.noinit.$SRAMX.*))
                0x04000000                . = ALIGN (0x4)
                [!provide]                PROVIDE (__end_noinit_RAM2 = .)
                [!provide]                PROVIDE (__end_noinit_SRAMX = .)

.noinit_RAM3    0x40100000        0x0
                [!provide]                PROVIDE (__start_noinit_RAM3 = .)
                [!provide]                PROVIDE (__start_noinit_USB_RAM = .)
 *(SORT_BY_ALIGNMENT(.noinit.$RAM3))
 *(SORT_BY_ALIGNMENT(.noinit.$USB_RAM))
 *(SORT_BY_ALIGNMENT(.noinit.$RAM3.*))
 *(SORT_BY_ALIGNMENT(.noinit.$USB_RAM.*))
                0x40100000                . = ALIGN (0x4)
                [!provide]                PROVIDE (__end_noinit_RAM3 = .)
                [!provide]                PROVIDE (__end_noinit_USB_RAM = .)

.noinit_RAM4    0x20040000        0x0
                [!provide]                PROVIDE (__start_noinit_RAM4 = .)
                [!provide]                PROVIDE (__start_noinit_SRAM4 = .)
 *(SORT_BY_ALIGNMENT(.noinit.$RAM4))
 *(SORT_BY_ALIGNMENT(.noinit.$SRAM4))
 *(SORT_BY_ALIGNMENT(.noinit.$RAM4.*))
 *(SORT_BY_ALIGNMENT(.noinit.$SRAM4.*))
                0x20040000                . = ALIGN (0x4)
                [!provide]                PROVIDE (__end_noinit_RAM4 = .)
                [!provide]                PROVIDE (__end_noinit_SRAM4 = .)

.noinit         0x20000110        0x0
                0x20000110                _noinit = .
                [!provide]                PROVIDE (__start_noinit_RAM = .)
                [!provide]                PROVIDE (__start_noinit_SRAM = .)
 *(SORT_BY_ALIGNMENT(.noinit*))
                0x20000110                . = ALIGN (0x4)
                0x20000110                _end_noinit = .
                [!provide]                PROVIDE (__end_noinit_RAM = .)
                [!provide]                PROVIDE (__end_noinit_SRAM = .)
                0x00001000                _HeapSize = 0x1000

.heap           0x20000110     0x1000
                0x20000110                _pvHeapStart = .
                0x20001110                . = (. + _HeapSize)
 *fill*         0x20000110     0x1000 
                0x20001110                . = ALIGN (0x4)
                0x20001110                _pvHeapLimit = .
                0x00001000                _StackSize = 0x1000

.heap2stackfill
                0x20001110     0x1000
                0x20002110                . = (. + _StackSize)
 *fill*         0x20001110     0x1000 

.stack          0x2003f000        0x0
                0x2003f000                _vStackBase = .
                0x2003f000                . = ALIGN (0x4)
                0x20040000                _vStackTop = (. + _StackSize)
                [!provide]                PROVIDE (__valid_user_code_checksum = (0x0 - ((((((_vStackTop + (ResetISR + 0x1)) + (NMI_Handler + 0x1)) + (HardFault_Handler + 0x1)) + (DEFINED (MemManage_Handler)?MemManage_Handler:0x0 + 0x1)) + (DEFINED (BusFault_Handler)?BusFault_Handler:0x0 + 0x1)) + (DEFINED (UsageFault_Handler)?UsageFault_Handler:0x0 + 0x1))))
                0x00000000                _image_start = LOADADDR (.text)
                0x00002c2c                _image_end = (LOADADDR (.data) + SIZEOF (.data))
                0x00002c2c                _image_size = (_image_end - _image_start)
OUTPUT(lpcxpresso55s69_Blinky_Led_led_blinky.axf elf32-littlearm)
LOAD linker stubs

.debug_info     0x00000000     0x8a9d
 .debug_info    0x00000000       0xd2 ./utilities/fsl_assert.o
 .debug_info    0x000000d2      0x958 ./startup/startup_lpc55s69_cm33_core0.o
 .debug_info    0x00000a2a     0x1b99 ./source/led_blinky.o
 .debug_info    0x000025c3       0x3d ./source/semihost_hardfault.o
 .debug_info    0x00002600     0x1a41 ./drivers/fsl_flexcomm.o
 .debug_info    0x00004041     0x16cd ./drivers/fsl_gpio.o
 .debug_info    0x0000570e      0xe3d ./drivers/fsl_reset.o
 .debug_info    0x0000654b     0x1471 ./device/system_LPC55S69_cm33_core0.o
 .debug_info    0x000079bc     0x10e1 ./board/pin_mux.o

.debug_abbrev   0x00000000      0xfdc
 .debug_abbrev  0x00000000       0x8f ./utilities/fsl_assert.o
 .debug_abbrev  0x0000008f      0x14a ./startup/startup_lpc55s69_cm33_core0.o
 .debug_abbrev  0x000001d9      0x285 ./source/led_blinky.o
 .debug_abbrev  0x0000045e       0x2f ./source/semihost_hardfault.o
 .debug_abbrev  0x0000048d      0x304 ./drivers/fsl_flexcomm.o
 .debug_abbrev  0x00000791      0x257 ./drivers/fsl_gpio.o
 .debug_abbrev  0x000009e8      0x18b ./drivers/fsl_reset.o
 .debug_abbrev  0x00000b73      0x21d ./device/system_LPC55S69_cm33_core0.o
 .debug_abbrev  0x00000d90      0x24c ./board/pin_mux.o

.debug_aranges  0x00000000      0x4b0
 .debug_aranges
                0x00000000       0x20 ./utilities/fsl_assert.o
 .debug_aranges
                0x00000020      0x268 ./startup/startup_lpc55s69_cm33_core0.o
 .debug_aranges
                0x00000288       0x50 ./source/led_blinky.o
 .debug_aranges
                0x000002d8       0x20 ./source/semihost_hardfault.o
 .debug_aranges
                0x000002f8       0x90 ./drivers/fsl_flexcomm.o
 .debug_aranges
                0x00000388       0x38 ./drivers/fsl_gpio.o
 .debug_aranges
                0x000003c0       0x30 ./drivers/fsl_reset.o
 .debug_aranges
                0x000003f0       0x88 ./device/system_LPC55S69_cm33_core0.o
 .debug_aranges
                0x00000478       0x38 ./board/pin_mux.o

.debug_rnglists
                0x00000000      0x35a
 .debug_rnglists
                0x00000000       0x13 ./utilities/fsl_assert.o
 .debug_rnglists
                0x00000013      0x1c9 ./startup/startup_lpc55s69_cm33_core0.o
 .debug_rnglists
                0x000001dc       0x37 ./source/led_blinky.o
 .debug_rnglists
                0x00000213       0x13 ./source/semihost_hardfault.o
 .debug_rnglists
                0x00000226       0x67 ./drivers/fsl_flexcomm.o
 .debug_rnglists
                0x0000028d       0x26 ./drivers/fsl_gpio.o
 .debug_rnglists
                0x000002b3       0x1f ./drivers/fsl_reset.o
 .debug_rnglists
                0x000002d2       0x63 ./device/system_LPC55S69_cm33_core0.o
 .debug_rnglists
                0x00000335       0x25 ./board/pin_mux.o

.debug_macro    0x00000000    0x15e94
 .debug_macro   0x00000000      0x157 ./utilities/fsl_assert.o
 .debug_macro   0x00000157      0xaf0 ./utilities/fsl_assert.o
 .debug_macro   0x00000c47       0x10 ./utilities/fsl_assert.o
 .debug_macro   0x00000c57       0x1c ./utilities/fsl_assert.o
 .debug_macro   0x00000c73       0x22 ./utilities/fsl_assert.o
 .debug_macro   0x00000c95      0x12e ./utilities/fsl_assert.o
 .debug_macro   0x00000dc3      0x5b3 ./utilities/fsl_assert.o
 .debug_macro   0x00001376       0x22 ./utilities/fsl_assert.o
 .debug_macro   0x00001398       0x10 ./utilities/fsl_assert.o
 .debug_macro   0x000013a8       0x46 ./utilities/fsl_assert.o
 .debug_macro   0x000013ee       0x1c ./utilities/fsl_assert.o
 .debug_macro   0x0000140a       0x29 ./utilities/fsl_assert.o
 .debug_macro   0x00001433       0xfb ./utilities/fsl_assert.o
 .debug_macro   0x0000152e     0x167e ./utilities/fsl_assert.o
 .debug_macro   0x00002bac       0x5e ./utilities/fsl_assert.o
 .debug_macro   0x00002c0a       0x2e ./utilities/fsl_assert.o
 .debug_macro   0x00002c38    0x11716 ./utilities/fsl_assert.o
 .debug_macro   0x0001434e      0x466 ./utilities/fsl_assert.o
 .debug_macro   0x000147b4       0x7a ./utilities/fsl_assert.o
 .debug_macro   0x0001482e       0xaf ./utilities/fsl_assert.o
 .debug_macro   0x000148dd      0x2ca ./utilities/fsl_assert.o
 .debug_macro   0x00014ba7       0x16 ./utilities/fsl_assert.o
 .debug_macro   0x00014bbd       0xee ./utilities/fsl_assert.o
 .debug_macro   0x00014cab       0x1c ./utilities/fsl_assert.o
 .debug_macro   0x00014cc7       0xd2 ./utilities/fsl_assert.o
 .debug_macro   0x00014d99       0x34 ./utilities/fsl_assert.o
 .debug_macro   0x00014dcd       0x29 ./startup/startup_lpc55s69_cm33_core0.o
 .debug_macro   0x00014df6      0x188 ./source/led_blinky.o
 .debug_macro   0x00014f7e       0x64 ./source/led_blinky.o
 .debug_macro   0x00014fe2      0x2b6 ./source/led_blinky.o
 .debug_macro   0x00015298       0x10 ./source/led_blinky.o
 .debug_macro   0x000152a8       0xfe ./source/led_blinky.o
 .debug_macro   0x000153a6      0x1ea ./source/led_blinky.o
 .debug_macro   0x00015590      0x304 ./source/led_blinky.o
 .debug_macro   0x00015894       0x11 ./source/semihost_hardfault.o
 .debug_macro   0x000158a5      0x145 ./drivers/fsl_flexcomm.o
 .debug_macro   0x000159ea       0x10 ./drivers/fsl_flexcomm.o
 .debug_macro   0x000159fa      0x14c ./drivers/fsl_gpio.o
 .debug_macro   0x00015b46      0x13c ./drivers/fsl_reset.o
 .debug_macro   0x00015c82       0xc1 ./device/system_LPC55S69_cm33_core0.o
 .debug_macro   0x00015d43      0x151 ./board/pin_mux.o

.debug_line     0x00000000     0x2d16
 .debug_line    0x00000000      0x42e ./utilities/fsl_assert.o
 .debug_line    0x0000042e      0x834 ./startup/startup_lpc55s69_cm33_core0.o
 .debug_line    0x00000c62      0x5fd ./source/led_blinky.o
 .debug_line    0x0000125f       0x59 ./source/semihost_hardfault.o
 .debug_line    0x000012b8      0x661 ./drivers/fsl_flexcomm.o
 .debug_line    0x00001919      0x443 ./drivers/fsl_gpio.o
 .debug_line    0x00001d5c      0x42a ./drivers/fsl_reset.o
 .debug_line    0x00002186      0x6df ./device/system_LPC55S69_cm33_core0.o
 .debug_line    0x00002865      0x4b1 ./board/pin_mux.o

.debug_str      0x00000000    0xba637
 .debug_str     0x00000000    0xb3574 ./utilities/fsl_assert.o
                              0xb3612 (size before relaxing)
 .debug_str     0x000b3574      0x6a9 ./startup/startup_lpc55s69_cm33_core0.o
                               0x3617 (size before relaxing)
 .debug_str     0x000b3c1d     0x555b ./source/led_blinky.o
                              0xb881a (size before relaxing)
 .debug_str     0x000b9178       0x1f ./source/semihost_hardfault.o
                               0x2f30 (size before relaxing)
 .debug_str     0x000b9197      0xfc4 ./drivers/fsl_flexcomm.o
                              0xb578e (size before relaxing)
 .debug_str     0x000ba15b      0x10e ./drivers/fsl_gpio.o
                              0xb5103 (size before relaxing)
 .debug_str     0x000ba269       0x98 ./drivers/fsl_reset.o
                              0xb4042 (size before relaxing)
 .debug_str     0x000ba301      0x2cd ./device/system_LPC55S69_cm33_core0.o
                              0xb1235 (size before relaxing)
 .debug_str     0x000ba5ce       0x69 ./board/pin_mux.o
                              0xb4778 (size before relaxing)

.comment        0x00000000       0x45
 .comment       0x00000000       0x45 ./utilities/fsl_assert.o
                                 0x46 (size before relaxing)
 .comment       0x00000045       0x46 ./startup/startup_lpc55s69_cm33_core0.o
 .comment       0x00000045       0x46 ./source/led_blinky.o
 .comment       0x00000045       0x46 ./source/semihost_hardfault.o
 .comment       0x00000045       0x46 ./drivers/fsl_flexcomm.o
 .comment       0x00000045       0x46 ./drivers/fsl_gpio.o
 .comment       0x00000045       0x46 ./drivers/fsl_reset.o
 .comment       0x00000045       0x46 ./device/system_LPC55S69_cm33_core0.o
 .comment       0x00000045       0x46 ./board/pin_mux.o
 .comment       0x00000045       0x46 d:/mcuxpressoide_11.8.1_1197/ide/plugins/com.nxp.mcuxpresso.tools.win32_11.8.1.202308071233/tools/bin/../lib/gcc/arm-none-eabi/12.2.1/../../../../arm-none-eabi/lib/thumb/v8-m.main+fp/hard\libcr_semihost_nf.a(_cr__main.o)
 .comment       0x00000045       0x46 d:/mcuxpressoide_11.8.1_1197/ide/plugins/com.nxp.mcuxpresso.tools.win32_11.8.1.202308071233/tools/bin/../lib/gcc/arm-none-eabi/12.2.1/../../../../arm-none-eabi/lib/thumb/v8-m.main+fp/hard\libcr_c.a(memset.o)
 .comment       0x00000045       0x46 d:/mcuxpressoide_11.8.1_1197/ide/plugins/com.nxp.mcuxpresso.tools.win32_11.8.1.202308071233/tools/bin/../lib/gcc/arm-none-eabi/12.2.1/../../../../arm-none-eabi/lib/thumb/v8-m.main+fp/hard\libcr_c.a(alloc.o)
 .comment       0x00000045       0x46 d:/mcuxpressoide_11.8.1_1197/ide/plugins/com.nxp.mcuxpresso.tools.win32_11.8.1.202308071233/tools/bin/../lib/gcc/arm-none-eabi/12.2.1/../../../../arm-none-eabi/lib/thumb/v8-m.main+fp/hard\libcr_c.a(errno.o)
 .comment       0x00000045       0x46 d:/mcuxpressoide_11.8.1_1197/ide/plugins/com.nxp.mcuxpresso.tools.win32_11.8.1.202308071233/tools/bin/../lib/gcc/arm-none-eabi/12.2.1/../../../../arm-none-eabi/lib/thumb/v8-m.main+fp/hard\libcr_c.a(initio.o)
 .comment       0x00000045       0x46 d:/mcuxpressoide_11.8.1_1197/ide/plugins/com.nxp.mcuxpresso.tools.win32_11.8.1.202308071233/tools/bin/../lib/gcc/arm-none-eabi/12.2.1/../../../../arm-none-eabi/lib/thumb/v8-m.main+fp/hard\libcr_c.a(printf.o)
 .comment       0x00000045       0x46 d:/mcuxpressoide_11.8.1_1197/ide/plugins/com.nxp.mcuxpresso.tools.win32_11.8.1.202308071233/tools/bin/../lib/gcc/arm-none-eabi/12.2.1/../../../../arm-none-eabi/lib/thumb/v8-m.main+fp/hard\libcr_c.a(setvbuf.o)
 .comment       0x00000045       0x46 d:/mcuxpressoide_11.8.1_1197/ide/plugins/com.nxp.mcuxpresso.tools.win32_11.8.1.202308071233/tools/bin/../lib/gcc/arm-none-eabi/12.2.1/../../../../arm-none-eabi/lib/thumb/v8-m.main+fp/hard\libcr_c.a(strlen.o)
 .comment       0x00000045       0x46 d:/mcuxpressoide_11.8.1_1197/ide/plugins/com.nxp.mcuxpresso.tools.win32_11.8.1.202308071233/tools/bin/../lib/gcc/arm-none-eabi/12.2.1/../../../../arm-none-eabi/lib/thumb/v8-m.main+fp/hard\libcr_c.a(__init_alloc.o)
 .comment       0x00000045       0x46 d:/mcuxpressoide_11.8.1_1197/ide/plugins/com.nxp.mcuxpresso.tools.win32_11.8.1.202308071233/tools/bin/../lib/gcc/arm-none-eabi/12.2.1/../../../../arm-none-eabi/lib/thumb/v8-m.main+fp/hard\libcr_c.a(_cr_sbrk.o)
 .comment       0x00000045       0x46 d:/mcuxpressoide_11.8.1_1197/ide/plugins/com.nxp.mcuxpresso.tools.win32_11.8.1.202308071233/tools/bin/../lib/gcc/arm-none-eabi/12.2.1/../../../../arm-none-eabi/lib/thumb/v8-m.main+fp/hard\libcr_c.a(_deferredlazyseek.o)
 .comment       0x00000045       0x46 d:/mcuxpressoide_11.8.1_1197/ide/plugins/com.nxp.mcuxpresso.tools.win32_11.8.1.202308071233/tools/bin/../lib/gcc/arm-none-eabi/12.2.1/../../../../arm-none-eabi/lib/thumb/v8-m.main+fp/hard\libcr_c.a(_fdopen.o)
 .comment       0x00000045       0x46 d:/mcuxpressoide_11.8.1_1197/ide/plugins/com.nxp.mcuxpresso.tools.win32_11.8.1.202308071233/tools/bin/../lib/gcc/arm-none-eabi/12.2.1/../../../../arm-none-eabi/lib/thumb/v8-m.main+fp/hard\libcr_c.a(_fflush.o)
 .comment       0x00000045       0x46 d:/mcuxpressoide_11.8.1_1197/ide/plugins/com.nxp.mcuxpresso.tools.win32_11.8.1.202308071233/tools/bin/../lib/gcc/arm-none-eabi/12.2.1/../../../../arm-none-eabi/lib/thumb/v8-m.main+fp/hard\libcr_c.a(_writebuf.o)
 .comment       0x00000045       0x46 d:/mcuxpressoide_11.8.1_1197/ide/plugins/com.nxp.mcuxpresso.tools.win32_11.8.1.202308071233/tools/bin/../lib/gcc/arm-none-eabi/12.2.1/../../../../arm-none-eabi/lib/thumb/v8-m.main+fp/hard\libcr_c.a(fclose.o)
 .comment       0x00000045       0x46 d:/mcuxpressoide_11.8.1_1197/ide/plugins/com.nxp.mcuxpresso.tools.win32_11.8.1.202308071233/tools/bin/../lib/gcc/arm-none-eabi/12.2.1/../../../../arm-none-eabi/lib/thumb/v8-m.main+fp/hard\libcr_c.a(fflush.o)
 .comment       0x00000045       0x46 d:/mcuxpressoide_11.8.1_1197/ide/plugins/com.nxp.mcuxpresso.tools.win32_11.8.1.202308071233/tools/bin/../lib/gcc/arm-none-eabi/12.2.1/../../../../arm-none-eabi/lib/thumb/v8-m.main+fp/hard\libcr_c.a(fseek.o)
 .comment       0x00000045       0x46 d:/mcuxpressoide_11.8.1_1197/ide/plugins/com.nxp.mcuxpresso.tools.win32_11.8.1.202308071233/tools/bin/../lib/gcc/arm-none-eabi/12.2.1/../../../../arm-none-eabi/lib/thumb/v8-m.main+fp/hard\libcr_c.a(ftell.o)
 .comment       0x00000045       0x46 d:/mcuxpressoide_11.8.1_1197/ide/plugins/com.nxp.mcuxpresso.tools.win32_11.8.1.202308071233/tools/bin/../lib/gcc/arm-none-eabi/12.2.1/../../../../arm-none-eabi/lib/thumb/v8-m.main+fp/hard\libcr_c.a(remove.o)
 .comment       0x00000045       0x46 d:/mcuxpressoide_11.8.1_1197/ide/plugins/com.nxp.mcuxpresso.tools.win32_11.8.1.202308071233/tools/bin/../lib/gcc/arm-none-eabi/12.2.1/../../../../arm-none-eabi/lib/thumb/v8-m.main+fp/hard\libcr_c.a(_cr_check_heap.o)
 .comment       0x00000045       0x46 d:/mcuxpressoide_11.8.1_1197/ide/plugins/com.nxp.mcuxpresso.tools.win32_11.8.1.202308071233/tools/bin/../lib/gcc/arm-none-eabi/12.2.1/../../../../arm-none-eabi/lib/thumb/v8-m.main+fp/hard\libcr_c.a(_do_fflush.o)
 .comment       0x00000045       0x46 d:/mcuxpressoide_11.8.1_1197/ide/plugins/com.nxp.mcuxpresso.tools.win32_11.8.1.202308071233/tools/bin/../lib/gcc/arm-none-eabi/12.2.1/thumb/v8-m.main+fp/hard\libcr_eabihelpers.a(float.o)
 .comment       0x00000045       0x46 d:/mcuxpressoide_11.8.1_1197/ide/plugins/com.nxp.mcuxpresso.tools.win32_11.8.1.202308071233/tools/bin/../lib/gcc/arm-none-eabi/12.2.1/../../../../arm-none-eabi/lib/thumb/v8-m.main+fp/hard\libcr_semihost_nf.a(__ciob.o)

.ARM.attributes
                0x00000000       0x38
 .ARM.attributes
                0x00000000       0x3a ./utilities/fsl_assert.o
 .ARM.attributes
                0x0000003a       0x3a ./startup/startup_lpc55s69_cm33_core0.o
 .ARM.attributes
                0x00000074       0x3a ./source/led_blinky.o
 .ARM.attributes
                0x000000ae       0x3a ./source/semihost_hardfault.o
 .ARM.attributes
                0x000000e8       0x3a ./drivers/fsl_flexcomm.o
 .ARM.attributes
                0x00000122       0x3a ./drivers/fsl_gpio.o
 .ARM.attributes
                0x0000015c       0x3a ./drivers/fsl_reset.o
 .ARM.attributes
                0x00000196       0x3a ./device/system_LPC55S69_cm33_core0.o
 .ARM.attributes
                0x000001d0       0x3a ./board/pin_mux.o
 .ARM.attributes
                0x0000020a       0x38 d:/mcuxpressoide_11.8.1_1197/ide/plugins/com.nxp.mcuxpresso.tools.win32_11.8.1.202308071233/tools/bin/../lib/gcc/arm-none-eabi/12.2.1/../../../../arm-none-eabi/lib/thumb/v8-m.main+fp/hard\libcr_semihost_nf.a(_cr__main.o)
 .ARM.attributes
                0x00000242       0x38 d:/mcuxpressoide_11.8.1_1197/ide/plugins/com.nxp.mcuxpresso.tools.win32_11.8.1.202308071233/tools/bin/../lib/gcc/arm-none-eabi/12.2.1/../../../../arm-none-eabi/lib/thumb/v8-m.main+fp/hard\libcr_c.a(memset.o)
 .ARM.attributes
                0x0000027a       0x38 d:/mcuxpressoide_11.8.1_1197/ide/plugins/com.nxp.mcuxpresso.tools.win32_11.8.1.202308071233/tools/bin/../lib/gcc/arm-none-eabi/12.2.1/../../../../arm-none-eabi/lib/thumb/v8-m.main+fp/hard\libcr_c.a(alloc.o)
 .ARM.attributes
                0x000002b2       0x38 d:/mcuxpressoide_11.8.1_1197/ide/plugins/com.nxp.mcuxpresso.tools.win32_11.8.1.202308071233/tools/bin/../lib/gcc/arm-none-eabi/12.2.1/../../../../arm-none-eabi/lib/thumb/v8-m.main+fp/hard\libcr_c.a(errno.o)
 .ARM.attributes
                0x000002ea       0x38 d:/mcuxpressoide_11.8.1_1197/ide/plugins/com.nxp.mcuxpresso.tools.win32_11.8.1.202308071233/tools/bin/../lib/gcc/arm-none-eabi/12.2.1/../../../../arm-none-eabi/lib/thumb/v8-m.main+fp/hard\libcr_c.a(initio.o)
 .ARM.attributes
                0x00000322       0x38 d:/mcuxpressoide_11.8.1_1197/ide/plugins/com.nxp.mcuxpresso.tools.win32_11.8.1.202308071233/tools/bin/../lib/gcc/arm-none-eabi/12.2.1/../../../../arm-none-eabi/lib/thumb/v8-m.main+fp/hard\libcr_c.a(printf.o)
 .ARM.attributes
                0x0000035a       0x38 d:/mcuxpressoide_11.8.1_1197/ide/plugins/com.nxp.mcuxpresso.tools.win32_11.8.1.202308071233/tools/bin/../lib/gcc/arm-none-eabi/12.2.1/../../../../arm-none-eabi/lib/thumb/v8-m.main+fp/hard\libcr_c.a(setvbuf.o)
 .ARM.attributes
                0x00000392       0x38 d:/mcuxpressoide_11.8.1_1197/ide/plugins/com.nxp.mcuxpresso.tools.win32_11.8.1.202308071233/tools/bin/../lib/gcc/arm-none-eabi/12.2.1/../../../../arm-none-eabi/lib/thumb/v8-m.main+fp/hard\libcr_c.a(strlen.o)
 .ARM.attributes
                0x000003ca       0x38 d:/mcuxpressoide_11.8.1_1197/ide/plugins/com.nxp.mcuxpresso.tools.win32_11.8.1.202308071233/tools/bin/../lib/gcc/arm-none-eabi/12.2.1/../../../../arm-none-eabi/lib/thumb/v8-m.main+fp/hard\libcr_c.a(__init_alloc.o)
 .ARM.attributes
                0x00000402       0x38 d:/mcuxpressoide_11.8.1_1197/ide/plugins/com.nxp.mcuxpresso.tools.win32_11.8.1.202308071233/tools/bin/../lib/gcc/arm-none-eabi/12.2.1/../../../../arm-none-eabi/lib/thumb/v8-m.main+fp/hard\libcr_c.a(_cr_sbrk.o)
 .ARM.attributes
                0x0000043a       0x38 d:/mcuxpressoide_11.8.1_1197/ide/plugins/com.nxp.mcuxpresso.tools.win32_11.8.1.202308071233/tools/bin/../lib/gcc/arm-none-eabi/12.2.1/../../../../arm-none-eabi/lib/thumb/v8-m.main+fp/hard\libcr_c.a(_deferredlazyseek.o)
 .ARM.attributes
                0x00000472       0x38 d:/mcuxpressoide_11.8.1_1197/ide/plugins/com.nxp.mcuxpresso.tools.win32_11.8.1.202308071233/tools/bin/../lib/gcc/arm-none-eabi/12.2.1/../../../../arm-none-eabi/lib/thumb/v8-m.main+fp/hard\libcr_c.a(_fdopen.o)
 .ARM.attributes
                0x000004aa       0x38 d:/mcuxpressoide_11.8.1_1197/ide/plugins/com.nxp.mcuxpresso.tools.win32_11.8.1.202308071233/tools/bin/../lib/gcc/arm-none-eabi/12.2.1/../../../../arm-none-eabi/lib/thumb/v8-m.main+fp/hard\libcr_c.a(_fflush.o)
 .ARM.attributes
                0x000004e2       0x38 d:/mcuxpressoide_11.8.1_1197/ide/plugins/com.nxp.mcuxpresso.tools.win32_11.8.1.202308071233/tools/bin/../lib/gcc/arm-none-eabi/12.2.1/../../../../arm-none-eabi/lib/thumb/v8-m.main+fp/hard\libcr_c.a(_writebuf.o)
 .ARM.attributes
                0x0000051a       0x38 d:/mcuxpressoide_11.8.1_1197/ide/plugins/com.nxp.mcuxpresso.tools.win32_11.8.1.202308071233/tools/bin/../lib/gcc/arm-none-eabi/12.2.1/../../../../arm-none-eabi/lib/thumb/v8-m.main+fp/hard\libcr_c.a(fclose.o)
 .ARM.attributes
                0x00000552       0x38 d:/mcuxpressoide_11.8.1_1197/ide/plugins/com.nxp.mcuxpresso.tools.win32_11.8.1.202308071233/tools/bin/../lib/gcc/arm-none-eabi/12.2.1/../../../../arm-none-eabi/lib/thumb/v8-m.main+fp/hard\libcr_c.a(fflush.o)
 .ARM.attributes
                0x0000058a       0x38 d:/mcuxpressoide_11.8.1_1197/ide/plugins/com.nxp.mcuxpresso.tools.win32_11.8.1.202308071233/tools/bin/../lib/gcc/arm-none-eabi/12.2.1/../../../../arm-none-eabi/lib/thumb/v8-m.main+fp/hard\libcr_c.a(fseek.o)
 .ARM.attributes
                0x000005c2       0x38 d:/mcuxpressoide_11.8.1_1197/ide/plugins/com.nxp.mcuxpresso.tools.win32_11.8.1.202308071233/tools/bin/../lib/gcc/arm-none-eabi/12.2.1/../../../../arm-none-eabi/lib/thumb/v8-m.main+fp/hard\libcr_c.a(ftell.o)
 .ARM.attributes
                0x000005fa       0x38 d:/mcuxpressoide_11.8.1_1197/ide/plugins/com.nxp.mcuxpresso.tools.win32_11.8.1.202308071233/tools/bin/../lib/gcc/arm-none-eabi/12.2.1/../../../../arm-none-eabi/lib/thumb/v8-m.main+fp/hard\libcr_c.a(remove.o)
 .ARM.attributes
                0x00000632       0x38 d:/mcuxpressoide_11.8.1_1197/ide/plugins/com.nxp.mcuxpresso.tools.win32_11.8.1.202308071233/tools/bin/../lib/gcc/arm-none-eabi/12.2.1/../../../../arm-none-eabi/lib/thumb/v8-m.main+fp/hard\libcr_c.a(_cr_check_heap.o)
 .ARM.attributes
                0x0000066a       0x38 d:/mcuxpressoide_11.8.1_1197/ide/plugins/com.nxp.mcuxpresso.tools.win32_11.8.1.202308071233/tools/bin/../lib/gcc/arm-none-eabi/12.2.1/../../../../arm-none-eabi/lib/thumb/v8-m.main+fp/hard\libcr_c.a(_do_fflush.o)
 .ARM.attributes
                0x000006a2       0x24 d:/mcuxpressoide_11.8.1_1197/ide/plugins/com.nxp.mcuxpresso.tools.win32_11.8.1.202308071233/tools/bin/../lib/gcc/arm-none-eabi/12.2.1/thumb/v8-m.main+fp/hard\libcr_eabihelpers.a(division_64.o)
 .ARM.attributes
                0x000006c6       0x24 d:/mcuxpressoide_11.8.1_1197/ide/plugins/com.nxp.mcuxpresso.tools.win32_11.8.1.202308071233/tools/bin/../lib/gcc/arm-none-eabi/12.2.1/thumb/v8-m.main+fp/hard\libcr_eabihelpers.a(division_idiv0.o)
 .ARM.attributes
                0x000006ea       0x38 d:/mcuxpressoide_11.8.1_1197/ide/plugins/com.nxp.mcuxpresso.tools.win32_11.8.1.202308071233/tools/bin/../lib/gcc/arm-none-eabi/12.2.1/thumb/v8-m.main+fp/hard\libcr_eabihelpers.a(float.o)
 .ARM.attributes
                0x00000722       0x24 d:/mcuxpressoide_11.8.1_1197/ide/plugins/com.nxp.mcuxpresso.tools.win32_11.8.1.202308071233/tools/bin/../lib/gcc/arm-none-eabi/12.2.1/thumb/v8-m.main+fp/hard\libcr_eabihelpers.a(memcpy.o)
 .ARM.attributes
                0x00000746       0x38 d:/mcuxpressoide_11.8.1_1197/ide/plugins/com.nxp.mcuxpresso.tools.win32_11.8.1.202308071233/tools/bin/../lib/gcc/arm-none-eabi/12.2.1/../../../../arm-none-eabi/lib/thumb/v8-m.main+fp/hard\libcr_semihost_nf.a(__ciob.o)
 .ARM.attributes
                0x0000077e       0x24 d:/mcuxpressoide_11.8.1_1197/ide/plugins/com.nxp.mcuxpresso.tools.win32_11.8.1.202308071233/tools/bin/../lib/gcc/arm-none-eabi/12.2.1/../../../../arm-none-eabi/lib/thumb/v8-m.main+fp/hard\libcr_semihost_nf.a(__sys_appexit.o)
 .ARM.attributes
                0x000007a2       0x24 d:/mcuxpressoide_11.8.1_1197/ide/plugins/com.nxp.mcuxpresso.tools.win32_11.8.1.202308071233/tools/bin/../lib/gcc/arm-none-eabi/12.2.1/../../../../arm-none-eabi/lib/thumb/v8-m.main+fp/hard\libcr_semihost_nf.a(__sys_close.o)
 .ARM.attributes
                0x000007c6       0x24 d:/mcuxpressoide_11.8.1_1197/ide/plugins/com.nxp.mcuxpresso.tools.win32_11.8.1.202308071233/tools/bin/../lib/gcc/arm-none-eabi/12.2.1/../../../../arm-none-eabi/lib/thumb/v8-m.main+fp/hard\libcr_semihost_nf.a(__sys_flen.o)
 .ARM.attributes
                0x000007ea       0x24 d:/mcuxpressoide_11.8.1_1197/ide/plugins/com.nxp.mcuxpresso.tools.win32_11.8.1.202308071233/tools/bin/../lib/gcc/arm-none-eabi/12.2.1/../../../../arm-none-eabi/lib/thumb/v8-m.main+fp/hard\libcr_semihost_nf.a(__sys_istty.o)
 .ARM.attributes
                0x0000080e       0x24 d:/mcuxpressoide_11.8.1_1197/ide/plugins/com.nxp.mcuxpresso.tools.win32_11.8.1.202308071233/tools/bin/../lib/gcc/arm-none-eabi/12.2.1/../../../../arm-none-eabi/lib/thumb/v8-m.main+fp/hard\libcr_semihost_nf.a(__sys_remove.o)
 .ARM.attributes
                0x00000832       0x24 d:/mcuxpressoide_11.8.1_1197/ide/plugins/com.nxp.mcuxpresso.tools.win32_11.8.1.202308071233/tools/bin/../lib/gcc/arm-none-eabi/12.2.1/../../../../arm-none-eabi/lib/thumb/v8-m.main+fp/hard\libcr_semihost_nf.a(__sys_seek.o)
 .ARM.attributes
                0x00000856       0x24 d:/mcuxpressoide_11.8.1_1197/ide/plugins/com.nxp.mcuxpresso.tools.win32_11.8.1.202308071233/tools/bin/../lib/gcc/arm-none-eabi/12.2.1/../../../../arm-none-eabi/lib/thumb/v8-m.main+fp/hard\libcr_semihost_nf.a(__sys_tmpnam.o)
 .ARM.attributes
                0x0000087a       0x24 d:/mcuxpressoide_11.8.1_1197/ide/plugins/com.nxp.mcuxpresso.tools.win32_11.8.1.202308071233/tools/bin/../lib/gcc/arm-none-eabi/12.2.1/../../../../arm-none-eabi/lib/thumb/v8-m.main+fp/hard\libcr_semihost_nf.a(__sys_write.o)

.debug_frame    0x00000000      0xdfc
 .debug_frame   0x00000000       0x30 ./utilities/fsl_assert.o
 .debug_frame   0x00000030      0x69c ./startup/startup_lpc55s69_cm33_core0.o
 .debug_frame   0x000006cc      0x110 ./source/led_blinky.o
 .debug_frame   0x000007dc       0x20 ./source/semihost_hardfault.o
 .debug_frame   0x000007fc      0x234 ./drivers/fsl_flexcomm.o
 .debug_frame   0x00000a30       0xa4 ./drivers/fsl_gpio.o
 .debug_frame   0x00000ad4       0x7c ./drivers/fsl_reset.o
 .debug_frame   0x00000b50      0x20c ./device/system_LPC55S69_cm33_core0.o
 .debug_frame   0x00000d5c       0xa0 ./board/pin_mux.o

.debug_loclists
                0x00000000      0x113
 .debug_loclists
                0x00000000      0x113 ./startup/startup_lpc55s69_cm33_core0.o

Cross Reference Table

Symbol                                            File
ACMP_DriverIRQHandler                             ./startup/startup_lpc55s69_cm33_core0.o
ACMP_IRQHandler                                   ./startup/startup_lpc55s69_cm33_core0.o
ADC0_DriverIRQHandler                             ./startup/startup_lpc55s69_cm33_core0.o
ADC0_IRQHandler                                   ./startup/startup_lpc55s69_cm33_core0.o
BOARD_BootClockFRO12M                             ./board/clock_config.o
BOARD_BootClockFROHF96M                           ./board/clock_config.o
BOARD_BootClockPLL100M                            ./board/clock_config.o
BOARD_InitBootClocks                              ./board/clock_config.o
BOARD_InitBootPins                                ./board/pin_mux.o
                                                  ./source/led_blinky.o
BOARD_InitDebugConsole                            ./board/board.o
BOARD_InitDebugConsole_Core1                      ./board/board.o
BOARD_InitPins                                    ./board/pin_mux.o
BusFault_Handler                                  ./startup/startup_lpc55s69_cm33_core0.o
CASER_DriverIRQHandler                            ./startup/startup_lpc55s69_cm33_core0.o
CASER_IRQHandler                                  ./startup/startup_lpc55s69_cm33_core0.o
CLOCK_AttachClk                                   ./drivers/fsl_clock.o
                                                  ./board/clock_config.o
                                                  ./board/board.o
                                                  ./drivers/fsl_power.o
CLOCK_EnableOstimer32kClock                       ./drivers/fsl_clock.o
CLOCK_EnableUsbfs0DeviceClock                     ./drivers/fsl_clock.o
CLOCK_EnableUsbfs0HostClock                       ./drivers/fsl_clock.o
CLOCK_EnableUsbhs0DeviceClock                     ./drivers/fsl_clock.o
CLOCK_EnableUsbhs0HostClock                       ./drivers/fsl_clock.o
CLOCK_EnableUsbhs0PhyPllClock                     ./drivers/fsl_clock.o
CLOCK_GetAdcClkFreq                               ./drivers/fsl_clock.o
CLOCK_GetCTimerClkFreq                            ./drivers/fsl_clock.o
CLOCK_GetClockAttachId                            ./drivers/fsl_clock.o
CLOCK_GetClockOutClkFreq                          ./drivers/fsl_clock.o
CLOCK_GetCoreSysClkFreq                           ./drivers/fsl_clock.o
CLOCK_GetExtClkFreq                               ./drivers/fsl_clock.o
CLOCK_GetFlexCommClkFreq                          ./drivers/fsl_clock.o
CLOCK_GetFlexCommInputClock                       ./drivers/fsl_clock.o
CLOCK_GetFreq                                     ./drivers/fsl_clock.o
CLOCK_GetFro12MFreq                               ./drivers/fsl_clock.o
CLOCK_GetFro1MFreq                                ./drivers/fsl_clock.o
CLOCK_GetFroHfFreq                                ./drivers/fsl_clock.o
CLOCK_GetHsLspiClkFreq                            ./drivers/fsl_clock.o
CLOCK_GetI2SMClkFreq                              ./drivers/fsl_clock.o
CLOCK_GetMclkClkFreq                              ./drivers/fsl_clock.o
CLOCK_GetOsc32KFreq                               ./drivers/fsl_clock.o
CLOCK_GetPLL0InClockRate                          ./drivers/fsl_clock.o
CLOCK_GetPLL0OutClockRate                         ./drivers/fsl_clock.o
CLOCK_GetPLL0OutFromSetup                         ./drivers/fsl_clock.o
CLOCK_GetPLL1InClockRate                          ./drivers/fsl_clock.o
CLOCK_GetPLUClkInFreq                             ./drivers/fsl_clock.o
CLOCK_GetPll0OutFreq                              ./drivers/fsl_clock.o
CLOCK_GetPll1OutFreq                              ./drivers/fsl_clock.o
CLOCK_GetSctClkFreq                               ./drivers/fsl_clock.o
CLOCK_GetSdioClkFreq                              ./drivers/fsl_clock.o
CLOCK_GetSystickClkFreq                           ./drivers/fsl_clock.o
CLOCK_GetUsb0ClkFreq                              ./drivers/fsl_clock.o
CLOCK_GetUsb1ClkFreq                              ./drivers/fsl_clock.o
CLOCK_GetWdtClkFreq                               ./drivers/fsl_clock.o
CLOCK_SetClkDiv                                   ./drivers/fsl_clock.o
                                                  ./board/clock_config.o
                                                  ./drivers/fsl_power.o
CLOCK_SetFLASHAccessCyclesForFreq                 ./drivers/fsl_clock.o
                                                  ./board/clock_config.o
CLOCK_SetFlexCommClock                            ./drivers/fsl_clock.o
CLOCK_SetPLL0Freq                                 ./drivers/fsl_clock.o
                                                  ./board/clock_config.o
CLOCK_SetPLL1Freq                                 ./drivers/fsl_clock.o
CLOCK_SetRtc1hzClkDiv                             ./drivers/fsl_clock.o
CLOCK_SetRtc1khzClkDiv                            ./drivers/fsl_clock.o
CLOCK_SetStoredPLL0ClockRate                      ./drivers/fsl_clock.o
CLOCK_SetupExtClocking                            ./drivers/fsl_clock.o
                                                  ./board/clock_config.o
CLOCK_SetupFROClocking                            ./drivers/fsl_clock.o
                                                  ./board/clock_config.o
CLOCK_SetupI2SMClkClocking                        ./drivers/fsl_clock.o
CLOCK_SetupPLL0Data                               ./drivers/fsl_clock.o
CLOCK_SetupPLL0Mult                               ./drivers/fsl_clock.o
CLOCK_SetupPLL0Prec                               ./drivers/fsl_clock.o
CLOCK_SetupPLUClkInClocking                       ./drivers/fsl_clock.o
CTIMER0_DriverIRQHandler                          ./startup/startup_lpc55s69_cm33_core0.o
CTIMER0_IRQHandler                                ./startup/startup_lpc55s69_cm33_core0.o
CTIMER1_DriverIRQHandler                          ./startup/startup_lpc55s69_cm33_core0.o
CTIMER1_IRQHandler                                ./startup/startup_lpc55s69_cm33_core0.o
CTIMER2_DriverIRQHandler                          ./startup/startup_lpc55s69_cm33_core0.o
CTIMER2_IRQHandler                                ./startup/startup_lpc55s69_cm33_core0.o
CTIMER3_DriverIRQHandler                          ./startup/startup_lpc55s69_cm33_core0.o
CTIMER3_IRQHandler                                ./startup/startup_lpc55s69_cm33_core0.o
CTIMER4_DriverIRQHandler                          ./startup/startup_lpc55s69_cm33_core0.o
CTIMER4_IRQHandler                                ./startup/startup_lpc55s69_cm33_core0.o
DMA0_DriverIRQHandler                             ./startup/startup_lpc55s69_cm33_core0.o
DMA0_IRQHandler                                   ./startup/startup_lpc55s69_cm33_core0.o
DMA1_DriverIRQHandler                             ./startup/startup_lpc55s69_cm33_core0.o
DMA1_IRQHandler                                   ./startup/startup_lpc55s69_cm33_core0.o
DebugMon_Handler                                  ./startup/startup_lpc55s69_cm33_core0.o
FLEXCOMM0_DriverIRQHandler                        ./drivers/fsl_flexcomm.o
                                                  ./startup/startup_lpc55s69_cm33_core0.o
FLEXCOMM0_IRQHandler                              ./startup/startup_lpc55s69_cm33_core0.o
FLEXCOMM1_DriverIRQHandler                        ./drivers/fsl_flexcomm.o
                                                  ./startup/startup_lpc55s69_cm33_core0.o
FLEXCOMM1_IRQHandler                              ./startup/startup_lpc55s69_cm33_core0.o
FLEXCOMM2_DriverIRQHandler                        ./drivers/fsl_flexcomm.o
                                                  ./startup/startup_lpc55s69_cm33_core0.o
FLEXCOMM2_IRQHandler                              ./startup/startup_lpc55s69_cm33_core0.o
FLEXCOMM3_DriverIRQHandler                        ./drivers/fsl_flexcomm.o
                                                  ./startup/startup_lpc55s69_cm33_core0.o
FLEXCOMM3_IRQHandler                              ./startup/startup_lpc55s69_cm33_core0.o
FLEXCOMM4_DriverIRQHandler                        ./drivers/fsl_flexcomm.o
                                                  ./startup/startup_lpc55s69_cm33_core0.o
FLEXCOMM4_IRQHandler                              ./startup/startup_lpc55s69_cm33_core0.o
FLEXCOMM5_DriverIRQHandler                        ./drivers/fsl_flexcomm.o
                                                  ./startup/startup_lpc55s69_cm33_core0.o
FLEXCOMM5_IRQHandler                              ./startup/startup_lpc55s69_cm33_core0.o
FLEXCOMM6_DriverIRQHandler                        ./drivers/fsl_flexcomm.o
                                                  ./startup/startup_lpc55s69_cm33_core0.o
FLEXCOMM6_IRQHandler                              ./startup/startup_lpc55s69_cm33_core0.o
FLEXCOMM7_DriverIRQHandler                        ./drivers/fsl_flexcomm.o
                                                  ./startup/startup_lpc55s69_cm33_core0.o
FLEXCOMM7_IRQHandler                              ./startup/startup_lpc55s69_cm33_core0.o
FLEXCOMM8_DriverIRQHandler                        ./drivers/fsl_flexcomm.o
                                                  ./startup/startup_lpc55s69_cm33_core0.o
FLEXCOMM8_IRQHandler                              ./startup/startup_lpc55s69_cm33_core0.o
FLEXCOMM_GetInstance                              ./drivers/fsl_flexcomm.o
FLEXCOMM_Init                                     ./drivers/fsl_flexcomm.o
                                                  ./drivers/fsl_usart.o
FLEXCOMM_SetIRQHandler                            ./drivers/fsl_flexcomm.o
                                                  ./drivers/fsl_usart.o
GINT0_DriverIRQHandler                            ./startup/startup_lpc55s69_cm33_core0.o
GINT0_IRQHandler                                  ./startup/startup_lpc55s69_cm33_core0.o
GINT1_DriverIRQHandler                            ./startup/startup_lpc55s69_cm33_core0.o
GINT1_IRQHandler                                  ./startup/startup_lpc55s69_cm33_core0.o
GPIO_PinInit                                      ./drivers/fsl_gpio.o
                                                  ./board/pin_mux.o
GPIO_PortInit                                     ./drivers/fsl_gpio.o
                                                  ./source/led_blinky.o
HAL_UartDeinit                                    ./component/uart/fsl_adapter_usart.o
HAL_UartEnterLowpower                             ./component/uart/fsl_adapter_usart.o
HAL_UartExitLowpower                              ./component/uart/fsl_adapter_usart.o
HAL_UartInit                                      ./component/uart/fsl_adapter_usart.o
HAL_UartReceiveBlocking                           ./component/uart/fsl_adapter_usart.o
HAL_UartSendBlocking                              ./component/uart/fsl_adapter_usart.o
HASHCRYPT_DriverIRQHandler                        ./startup/startup_lpc55s69_cm33_core0.o
HASHCRYPT_IRQHandler                              ./startup/startup_lpc55s69_cm33_core0.o
HardFault_Handler                                 ./source/semihost_hardfault.o
                                                  ./startup/startup_lpc55s69_cm33_core0.o
IntDefaultHandler                                 ./startup/startup_lpc55s69_cm33_core0.o
LIST_AddHead                                      ./component/lists/fsl_component_generic_list.o
LIST_AddPrevElement                               ./component/lists/fsl_component_generic_list.o
LIST_AddTail                                      ./component/lists/fsl_component_generic_list.o
LIST_GetAvailableSize                             ./component/lists/fsl_component_generic_list.o
LIST_GetHead                                      ./component/lists/fsl_component_generic_list.o
LIST_GetList                                      ./component/lists/fsl_component_generic_list.o
LIST_GetNext                                      ./component/lists/fsl_component_generic_list.o
LIST_GetPrev                                      ./component/lists/fsl_component_generic_list.o
LIST_GetSize                                      ./component/lists/fsl_component_generic_list.o
LIST_Init                                         ./component/lists/fsl_component_generic_list.o
LIST_RemoveElement                                ./component/lists/fsl_component_generic_list.o
LIST_RemoveHead                                   ./component/lists/fsl_component_generic_list.o
MAILBOX_DriverIRQHandler                          ./startup/startup_lpc55s69_cm33_core0.o
MAILBOX_IRQHandler                                ./startup/startup_lpc55s69_cm33_core0.o
MRT0_DriverIRQHandler                             ./startup/startup_lpc55s69_cm33_core0.o
MRT0_IRQHandler                                   ./startup/startup_lpc55s69_cm33_core0.o
MSDK_EnableCpuCycleCounter                        ./drivers/fsl_common_arm.o
MSDK_GetCpuCycleCount                             ./drivers/fsl_common_arm.o
MemManage_Handler                                 ./startup/startup_lpc55s69_cm33_core0.o
NMI_Handler                                       ./startup/startup_lpc55s69_cm33_core0.o
OS_EVENT_DriverIRQHandler                         ./startup/startup_lpc55s69_cm33_core0.o
OS_EVENT_IRQHandler                               ./startup/startup_lpc55s69_cm33_core0.o
PIN_INT0_DriverIRQHandler                         ./startup/startup_lpc55s69_cm33_core0.o
PIN_INT0_IRQHandler                               ./startup/startup_lpc55s69_cm33_core0.o
PIN_INT1_DriverIRQHandler                         ./startup/startup_lpc55s69_cm33_core0.o
PIN_INT1_IRQHandler                               ./startup/startup_lpc55s69_cm33_core0.o
PIN_INT2_DriverIRQHandler                         ./startup/startup_lpc55s69_cm33_core0.o
PIN_INT2_IRQHandler                               ./startup/startup_lpc55s69_cm33_core0.o
PIN_INT3_DriverIRQHandler                         ./startup/startup_lpc55s69_cm33_core0.o
PIN_INT3_IRQHandler                               ./startup/startup_lpc55s69_cm33_core0.o
PIN_INT4_DriverIRQHandler                         ./startup/startup_lpc55s69_cm33_core0.o
PIN_INT4_IRQHandler                               ./startup/startup_lpc55s69_cm33_core0.o
PIN_INT5_DriverIRQHandler                         ./startup/startup_lpc55s69_cm33_core0.o
PIN_INT5_IRQHandler                               ./startup/startup_lpc55s69_cm33_core0.o
PIN_INT6_DriverIRQHandler                         ./startup/startup_lpc55s69_cm33_core0.o
PIN_INT6_IRQHandler                               ./startup/startup_lpc55s69_cm33_core0.o
PIN_INT7_DriverIRQHandler                         ./startup/startup_lpc55s69_cm33_core0.o
PIN_INT7_IRQHandler                               ./startup/startup_lpc55s69_cm33_core0.o
PLU_DriverIRQHandler                              ./startup/startup_lpc55s69_cm33_core0.o
PLU_IRQHandler                                    ./startup/startup_lpc55s69_cm33_core0.o
POWER_CycleCpuAndFlash                            ./drivers/fsl_power.o
POWER_EnterDeepPowerDown                          ./drivers/fsl_power.o
POWER_EnterDeepSleep                              ./drivers/fsl_power.o
POWER_EnterPowerDown                              ./drivers/fsl_power.o
POWER_EnterSleep                                  ./drivers/fsl_power.o
POWER_GetWakeUpCause                              ./drivers/fsl_power.o
POWER_SetVoltageForFreq                           ./drivers/fsl_power.o
                                                  ./board/clock_config.o
                                                  ./drivers/fsl_clock.o
POWER_SetXtal16mhzLdo                             ./drivers/fsl_power.o
POWER_Xtal16mhzCapabankTrim                       ./drivers/fsl_power.o
POWER_Xtal32khzCapabankTrim                       ./drivers/fsl_power.o
PQ_DriverIRQHandler                               ./startup/startup_lpc55s69_cm33_core0.o
PQ_IRQHandler                                     ./startup/startup_lpc55s69_cm33_core0.o
PUF_DriverIRQHandler                              ./startup/startup_lpc55s69_cm33_core0.o
PUF_IRQHandler                                    ./startup/startup_lpc55s69_cm33_core0.o
PendSV_Handler                                    ./startup/startup_lpc55s69_cm33_core0.o
RESET_ClearPeripheralReset                        ./drivers/fsl_reset.o
                                                  ./board/board.o
RESET_PeripheralReset                             ./drivers/fsl_reset.o
                                                  ./drivers/fsl_gpio.o
                                                  ./drivers/fsl_flexcomm.o
RESET_SetPeripheralReset                          ./drivers/fsl_reset.o
RTC_DriverIRQHandler                              ./startup/startup_lpc55s69_cm33_core0.o
RTC_IRQHandler                                    ./startup/startup_lpc55s69_cm33_core0.o