21:17:29 **** Incremental Build of configuration Debug for project lpcxpresso55s69_Des ****
make -r -j16 all 
Building file: ../source/hello_world.c
Invoking: MCU C Compiler
arm-none-eabi-gcc -std=gnu99 -D__REDLIB__ -DCPU_LPC55S69JBD100 -DCPU_LPC55S69JBD100_cm33 -DCPU_LPC55S69JBD100_cm33_core0 -DMCUXPRESSO_SDK -DSDK_DEBUGCONSOLE=1 -DCR_INTEGER_PRINTF -DPRINTF_FLOAT_ENABLE=0 -D__MCUXPRESSO -D__USE_CMSIS -DDEBUG -DSDK_OS_BAREMETAL -DSERIAL_PORT_TYPE_UART=1 -DMBEDTLS_CONFIG_FILE='"ksdk_mbedtls_config.h"' -I"C:\Users\UIF87839\Documents\MCUXpressoIDE_11.8.1_1197\workspace\lpcxpresso55s69_Des\utilities" -I"C:\Users\UIF87839\Documents\MCUXpressoIDE_11.8.1_1197\workspace\lpcxpresso55s69_Des\drivers" -I"C:\Users\UIF87839\Documents\MCUXpressoIDE_11.8.1_1197\workspace\lpcxpresso55s69_Des\device" -I"C:\Users\UIF87839\Documents\MCUXpressoIDE_11.8.1_1197\workspace\lpcxpresso55s69_Des\startup" -I"C:\Users\UIF87839\Documents\MCUXpressoIDE_11.8.1_1197\workspace\lpcxpresso55s69_Des\component\uart" -I"C:\Users\UIF87839\Documents\MCUXpressoIDE_11.8.1_1197\workspace\lpcxpresso55s69_Des\component\lists" -I"C:\Users\UIF87839\Documents\MCUXpressoIDE_11.8.1_1197\workspace\lpcxpresso55s69_Des\CMSIS" -I"C:\Users\UIF87839\Documents\MCUXpressoIDE_11.8.1_1197\workspace\lpcxpresso55s69_Des\component\serial_manager" -I"C:\Users\UIF87839\Documents\MCUXpressoIDE_11.8.1_1197\workspace\lpcxpresso55s69_Des\mbedtls\include" -I"C:\Users\UIF87839\Documents\MCUXpressoIDE_11.8.1_1197\workspace\lpcxpresso55s69_Des\mbedtls\library" -I"C:\Users\UIF87839\Documents\MCUXpressoIDE_11.8.1_1197\workspace\lpcxpresso55s69_Des\mbedtls\port\ksdk" -I"C:\Users\UIF87839\Documents\MCUXpressoIDE_11.8.1_1197\workspace\lpcxpresso55s69_Des\board" -I"C:\Users\UIF87839\Documents\MCUXpressoIDE_11.8.1_1197\workspace\lpcxpresso55s69_Des\source" -I"C:\Users\UIF87839\Documents\MCUXpressoIDE_11.8.1_1197\workspace\lpcxpresso55s69_Des\utilities" -I"C:\Users\UIF87839\Documents\MCUXpressoIDE_11.8.1_1197\workspace\lpcxpresso55s69_Des\drivers" -I"C:\Users\UIF87839\Documents\MCUXpressoIDE_11.8.1_1197\workspace\lpcxpresso55s69_Des\device" -I"C:\Users\UIF87839\Documents\MCUXpressoIDE_11.8.1_1197\workspace\lpcxpresso55s69_Des\startup" -I"C:\Users\UIF87839\Documents\MCUXpressoIDE_11.8.1_1197\workspace\lpcxpresso55s69_Des\component\uart" -I"C:\Users\UIF87839\Documents\MCUXpressoIDE_11.8.1_1197\workspace\lpcxpresso55s69_Des\component\lists" -I"C:\Users\UIF87839\Documents\MCUXpressoIDE_11.8.1_1197\workspace\lpcxpresso55s69_Des\CMSIS" -I"C:\Users\UIF87839\Documents\MCUXpressoIDE_11.8.1_1197\workspace\lpcxpresso55s69_Des\board" -O0 -fno-common -g3 -mcpu=cortex-m33 -c -ffunction-sections -fdata-sections -ffreestanding -fno-builtin -fmerge-constants -fmacro-prefix-map="../source/"= -mcpu=cortex-m33 -mfpu=fpv5-sp-d16 -mfloat-abi=hard -mthumb -D__REDLIB__ -fstack-usage -specs=redlib.specs -MMD -MP -MF"source/hello_world.d" -MT"source/hello_world.o" -MT"source/hello_world.d" -o "source/hello_world.o" "../source/hello_world.c"
Finished building: ../source/hello_world.c
 
Building target: lpcxpresso55s69_Des.axf
Invoking: MCU Linker
arm-none-eabi-gcc -nostdlib -Xlinker -Map="lpcxpresso55s69_Des.map" -Xlinker --gc-sections -Xlinker -print-memory-usage -Xlinker --sort-section=alignment -Xlinker --cref -mcpu=cortex-m33 -mfpu=fpv5-sp-d16 -mfloat-abi=hard -mthumb -T lpcxpresso55s69_Des_Debug.ld -o "lpcxpresso55s69_Des.axf" ./utilities/fsl_assert.o ./utilities/fsl_debug_console.o ./utilities/fsl_str.o  ./startup/boot_multicore_slave.o ./startup/startup_lpc55s69_cm33_core0.o  ./source/hello_world.o ./source/semihost_hardfault.o  ./mbedtls/port/ksdk/aes_alt.o ./mbedtls/port/ksdk/des_alt.o ./mbedtls/port/ksdk/ecp_alt.o ./mbedtls/port/ksdk/ecp_alt_ksdk.o ./mbedtls/port/ksdk/ecp_curves_alt.o ./mbedtls/port/ksdk/ksdk_mbedtls.o  ./mbedtls/library/aes.o ./mbedtls/library/aesni.o ./mbedtls/library/arc4.o ./mbedtls/library/aria.o ./mbedtls/library/asn1parse.o ./mbedtls/library/asn1write.o ./mbedtls/library/base64.o ./mbedtls/library/bignum.o ./mbedtls/library/blowfish.o ./mbedtls/library/camellia.o ./mbedtls/library/ccm.o ./mbedtls/library/certs.o ./mbedtls/library/chacha20.o ./mbedtls/library/chachapoly.o ./mbedtls/library/cipher.o ./mbedtls/library/cipher_wrap.o ./mbedtls/library/cmac.o ./mbedtls/library/constant_time.o ./mbedtls/library/ctr_drbg.o ./mbedtls/library/debug.o ./mbedtls/library/des.o ./mbedtls/library/dhm.o ./mbedtls/library/ecdh.o ./mbedtls/library/ecdsa.o ./mbedtls/library/ecjpake.o ./mbedtls/library/ecp.o ./mbedtls/library/ecp_curves.o ./mbedtls/library/entropy.o ./mbedtls/library/entropy_poll.o ./mbedtls/library/error.o ./mbedtls/library/gcm.o ./mbedtls/library/havege.o ./mbedtls/library/hkdf.o ./mbedtls/library/hmac_drbg.o ./mbedtls/library/md.o ./mbedtls/library/md2.o ./mbedtls/library/md4.o ./mbedtls/library/md5.o ./mbedtls/library/memory_buffer_alloc.o ./mbedtls/library/mps_reader.o ./mbedtls/library/mps_trace.o ./mbedtls/library/net_sockets.o ./mbedtls/library/nist_kw.o ./mbedtls/library/oid.o ./mbedtls/library/padlock.o ./mbedtls/library/pem.o ./mbedtls/library/pk.o ./mbedtls/library/pk_wrap.o ./mbedtls/library/pkcs11.o ./mbedtls/library/pkcs12.o ./mbedtls/library/pkcs5.o ./mbedtls/library/pkparse.o ./mbedtls/library/pkwrite.o ./mbedtls/library/platform.o ./mbedtls/library/platform_util.o ./mbedtls/library/poly1305.o ./mbedtls/library/psa_crypto.o ./mbedtls/library/psa_crypto_aead.o ./mbedtls/library/psa_crypto_cipher.o ./mbedtls/library/psa_crypto_client.o ./mbedtls/library/psa_crypto_driver_wrappers.o ./mbedtls/library/psa_crypto_ecp.o ./mbedtls/library/psa_crypto_hash.o ./mbedtls/library/psa_crypto_mac.o ./mbedtls/library/psa_crypto_rsa.o ./mbedtls/library/psa_crypto_se.o ./mbedtls/library/psa_crypto_slot_management.o ./mbedtls/library/psa_crypto_storage.o ./mbedtls/library/psa_its_file.o ./mbedtls/library/ripemd160.o ./mbedtls/library/rsa.o ./mbedtls/library/rsa_internal.o ./mbedtls/library/sha1.o ./mbedtls/library/sha256.o ./mbedtls/library/sha512.o ./mbedtls/library/ssl_cache.o ./mbedtls/library/ssl_ciphersuites.o ./mbedtls/library/ssl_cli.o ./mbedtls/library/ssl_cookie.o ./mbedtls/library/ssl_msg.o ./mbedtls/library/ssl_srv.o ./mbedtls/library/ssl_ticket.o ./mbedtls/library/ssl_tls.o ./mbedtls/library/ssl_tls13_keys.o ./mbedtls/library/threading.o ./mbedtls/library/timing.o ./mbedtls/library/version.o ./mbedtls/library/version_features.o ./mbedtls/library/x509.o ./mbedtls/library/x509_create.o ./mbedtls/library/x509_crl.o ./mbedtls/library/x509_crt.o ./mbedtls/library/x509_csr.o ./mbedtls/library/x509write_crt.o ./mbedtls/library/x509write_csr.o ./mbedtls/library/xtea.o  ./drivers/fsl_casper.o ./drivers/fsl_clock.o ./drivers/fsl_common.o ./drivers/fsl_common_arm.o ./drivers/fsl_flexcomm.o ./drivers/fsl_gpio.o ./drivers/fsl_hashcrypt.o ./drivers/fsl_i2c.o ./drivers/fsl_power.o ./drivers/fsl_reset.o ./drivers/fsl_rng.o ./drivers/fsl_usart.o  ./device/system_LPC55S69_cm33_core0.o  ./component/uart/fsl_adapter_usart.o  ./component/serial_manager/fsl_component_serial_manager.o ./component/serial_manager/fsl_component_serial_port_uart.o  ./component/lists/fsl_component_generic_list.o  ./board/board.o ./board/clock_config.o ./board/pin_mux.o   
Memory region         Used Size  Region Size  %age Used
   PROGRAM_FLASH:       16860 B       630 KB      2.61%
            SRAM:        8484 B       256 KB      3.24%
           SRAMX:          0 GB        32 KB      0.00%
         USB_RAM:          0 GB        16 KB      0.00%
           SRAM4:          0 GB        16 KB      0.00%
Finished building target: lpcxpresso55s69_Des.axf
 
Performing post-build steps
arm-none-eabi-size "lpcxpresso55s69_Des.axf"; # arm-none-eabi-objcopy -v -O binary "lpcxpresso55s69_Des.axf" "lpcxpresso55s69_Des.bin" ; # checksum -p LPC55S69 -d "lpcxpresso55s69_Des.bin";
   text	   data	    bss	    dec	    hex	filename
  16848	     12	   8472	  25332	   62f4	lpcxpresso55s69_Des.axf
 

21:17:31 Build Finished. 0 errors, 0 warnings. (took 1s.844ms)

