23:32:16 **** Incremental Build of configuration Debug for project SHA_256_PASSWORD ****
make -r -j16 all 
make[1]: Nothing to be done for 'main-build'.
Performing post-build steps
arm-none-eabi-size "SHA_256_PASSWORD.axf"; # arm-none-eabi-objcopy -v -O binary "SHA_256_PASSWORD.axf" "SHA_256_PASSWORD.bin" ; # checksum -p LPC55S69 -d "SHA_256_PASSWORD.bin";
   text	   data	    bss	    dec	    hex	filename
  21924	     16	   8580	  30520	   7738	SHA_256_PASSWORD.axf
 

23:32:17 Build Finished. 0 errors, 0 warnings. (took 503ms)

