23:20:37 **** Incremental Build of configuration Debug for project SHA_512_PASSWORD ****
make -r -j16 all 
make[1]: Nothing to be done for 'main-build'.
Performing post-build steps
arm-none-eabi-size "SHA_512_PASSWORD.axf"; # arm-none-eabi-objcopy -v -O binary "SHA_512_PASSWORD.axf" "SHA_512_PASSWORD.bin" ; # checksum -p LPC55S69 -d "SHA_512_PASSWORD.bin";
   text	   data	    bss	    dec	    hex	filename
  24644	     16	   8688	  33348	   8244	SHA_512_PASSWORD.axf
 

23:20:38 Build Finished. 0 errors, 0 warnings. (took 443ms)

