../mbedtls/library/bignum.c:70:13:mbedtls_mpi_zeroize	16	static
../mbedtls/library/bignum.c:78:6:mbedtls_mpi_init	8	static
../mbedtls/library/bignum.c:91:6:mbedtls_mpi_free	16	static
../mbedtls/library/bignum.c:111:5:mbedtls_mpi_grow	24	static
../mbedtls/library/bignum.c:142:5:mbedtls_mpi_shrink	24	static
../mbedtls/library/bignum.c:186:12:mbedtls_mpi_resize_clear	16	static
../mbedtls/library/bignum.c:210:5:mbedtls_mpi_copy	24	static
../mbedtls/library/bignum.c:254:6:mbedtls_mpi_swap	32	static
../mbedtls/library/bignum.c:265:32:mpi_sint_abs	8	static
../mbedtls/library/bignum.c:280:5:mbedtls_mpi_lset	24	static
../mbedtls/library/bignum.c:299:5:mbedtls_mpi_get_bit	8	static
../mbedtls/library/bignum.c:317:5:mbedtls_mpi_set_bit	40	static
../mbedtls/library/bignum.c:347:8:mbedtls_mpi_lsb	24	static
../mbedtls/library/bignum.c:366:15:mbedtls_clz	16	static
../mbedtls/library/bignum.c:385:8:mbedtls_mpi_bitlen	24	static
../mbedtls/library/bignum.c:407:8:mbedtls_mpi_size	16	static
../mbedtls/library/bignum.c:415:12:mpi_get_digit	16	static
../mbedtls/library/bignum.c:439:5:mbedtls_mpi_read_string	64	static
../mbedtls/library/bignum.c:505:12:mpi_write_hlp	40	static
../mbedtls/library/bignum.c:543:5:mbedtls_mpi_write_string	64	static
../mbedtls/library/bignum.c:726:25:mpi_uint_bigendian_to_host_c	24	static
../mbedtls/library/bignum.c:740:25:mpi_uint_bigendian_to_host	16	static
../mbedtls/library/bignum.c:782:13:mpi_bigendian_to_host	32	static
../mbedtls/library/bignum.c:814:5:mbedtls_mpi_read_binary_le	40	static
../mbedtls/library/bignum.c:841:5:mbedtls_mpi_read_binary	40	static
../mbedtls/library/bignum.c:876:5:mbedtls_mpi_write_binary_le	40	static
../mbedtls/library/bignum.c:912:5:mbedtls_mpi_write_binary	40	static
../mbedtls/library/bignum.c:956:5:mbedtls_mpi_shift_l	40	static
../mbedtls/library/bignum.c:1007:5:mbedtls_mpi_shift_r	40	static
../mbedtls/library/bignum.c:1051:5:mbedtls_mpi_cmp_abs	16	static
../mbedtls/library/bignum.c:1095:5:mbedtls_mpi_cmp_mpi	16	static
../mbedtls/library/bignum.c:1146:5:mbedtls_mpi_cmp_int	32	static
../mbedtls/library/bignum.c:1166:5:mbedtls_mpi_add_abs	56	static
../mbedtls/library/bignum.c:1245:25:mpi_sub_hlp	32	static
../mbedtls/library/bignum.c:1268:5:mbedtls_mpi_sub_abs	40	static
../mbedtls/library/bignum.c:1326:12:add_sub_mpi	40	static
../mbedtls/library/bignum.c:1362:5:mbedtls_mpi_add_mpi	24	static
../mbedtls/library/bignum.c:1370:5:mbedtls_mpi_sub_mpi	24	static
../mbedtls/library/bignum.c:1378:5:mbedtls_mpi_add_int	40	static
../mbedtls/library/bignum.c:1396:5:mbedtls_mpi_sub_int	40	static
../mbedtls/library/bignum.c:1435:6:mpi_mul_hlp	672	static
../mbedtls/library/bignum.c:1499:5:mbedtls_mpi_mul_mpi	64	static
../mbedtls/library/bignum.c:1564:5:mbedtls_mpi_mul_int	32	static
../mbedtls/library/bignum.c:1603:25:mbedtls_int_div_int	72	static
../mbedtls/library/bignum.c:1706:5:mbedtls_mpi_div_mpi	128	static
../mbedtls/library/bignum.c:1831:5:mbedtls_mpi_div_int	40	static
../mbedtls/library/bignum.c:1854:5:mbedtls_mpi_mod_mpi	32	static
../mbedtls/library/bignum.c:1884:5:mbedtls_mpi_mod_int	32	static
../mbedtls/library/bignum.c:1943:13:mpi_montg_init	24	static
../mbedtls/library/bignum.c:1980:13:mpi_montmul	48	static
../mbedtls/library/bignum.c:2034:13:mpi_montred	48	static
../mbedtls/library/bignum.c:2061:12:mpi_select	32	static
../mbedtls/library/bignum.c:2082:5:mbedtls_mpi_exp_mod	160	static
../mbedtls/library/bignum.c:2387:5:mbedtls_mpi_gcd	64	static
../mbedtls/library/bignum.c:2502:12:mpi_fill_random_internal	40	static
../mbedtls/library/bignum.c:2530:5:mbedtls_mpi_fill_random	32	static
../mbedtls/library/bignum.c:2552:5:mbedtls_mpi_random	64	static
../mbedtls/library/bignum.c:2633:5:mbedtls_mpi_inv_mod	136	static
../mbedtls/library/bignum.c:2758:12:mpi_check_small_factors	32	static
../mbedtls/library/bignum.c:2787:12:mpi_miller_rabin	120	static
../mbedtls/library/bignum.c:2879:5:mbedtls_mpi_is_prime_ext	40	static
../mbedtls/library/bignum.c:2922:5:mbedtls_mpi_is_prime	24	static
../mbedtls/library/bignum.c:2946:5:mbedtls_mpi_gen_prime	56	static
../mbedtls/library/bignum.c:3083:5:mbedtls_mpi_self_test	120	static
