C:\Users\UIF87839\Documents\MCUXpressoIDE_11.8.1_1197\workspace\lpcxpresso55s69_BenchMark_mbedtls_benchmark\mbedtls\include/mbedtls/cipher.h:503:28:mbedtls_cipher_get_block_size	8	static
C:\Users\UIF87839\Documents\MCUXpressoIDE_11.8.1_1197\workspace\lpcxpresso55s69_BenchMark_mbedtls_benchmark\mbedtls\include/mbedtls/cipher.h:544:19:mbedtls_cipher_get_iv_size	8	static
../mbedtls/library/cipher.c:75:12:mbedtls_cipher_list	8	static
../mbedtls/library/cipher.c:96:30:mbedtls_cipher_info_from_type	16	static
../mbedtls/library/cipher.c:110:30:mbedtls_cipher_info_from_string	24	static
../mbedtls/library/cipher.c:128:30:mbedtls_cipher_info_from_values	16	static
../mbedtls/library/cipher.c:146:6:mbedtls_cipher_init	16	static
../mbedtls/library/cipher.c:152:6:mbedtls_cipher_free	16	static
../mbedtls/library/cipher.c:193:5:mbedtls_cipher_setup	16	static
../mbedtls/library/cipher.c:259:5:mbedtls_cipher_setkey	24	static
../mbedtls/library/cipher.c:358:5:mbedtls_cipher_set_iv	32	static
../mbedtls/library/cipher.c:425:5:mbedtls_cipher_reset	8	static
../mbedtls/library/cipher.c:446:5:mbedtls_cipher_update_ad	32	static
../mbedtls/library/cipher.c:496:5:mbedtls_cipher_update	64	static
../mbedtls/library/cipher.c:726:13:add_pkcs_padding	24	static
../mbedtls/library/cipher.c:737:12:get_pkcs_padding	32	static
../mbedtls/library/cipher.c:769:13:add_one_and_zeros_padding	24	static
../mbedtls/library/cipher.c:781:12:get_one_and_zeros_padding	24	static
../mbedtls/library/cipher.c:809:13:add_zeros_and_len_padding	24	static
../mbedtls/library/cipher.c:821:12:get_zeros_and_len_padding	32	static
../mbedtls/library/cipher.c:852:13:add_zeros_padding	24	static
../mbedtls/library/cipher.c:862:12:get_zeros_padding	24	static
../mbedtls/library/cipher.c:889:12:get_no_padding	16	static
../mbedtls/library/cipher.c:902:5:mbedtls_cipher_finish	48	static
../mbedtls/library/cipher.c:1000:5:mbedtls_cipher_set_padding_mode	8	static
../mbedtls/library/cipher.c:1061:5:mbedtls_cipher_write_tag	24	static
../mbedtls/library/cipher.c:1105:5:mbedtls_cipher_check_tag	48	static
../mbedtls/library/cipher.c:1186:5:mbedtls_cipher_crypt	40	static
../mbedtls/library/cipher.c:1288:12:mbedtls_cipher_aead_encrypt	56	static
../mbedtls/library/cipher.c:1365:12:mbedtls_cipher_aead_decrypt	56	static
../mbedtls/library/cipher.c:1467:5:mbedtls_cipher_auth_encrypt	56	static
../mbedtls/library/cipher.c:1490:5:mbedtls_cipher_auth_decrypt	56	static
../mbedtls/library/cipher.c:1516:5:mbedtls_cipher_auth_encrypt_ext	64	static
../mbedtls/library/cipher.c:1573:5:mbedtls_cipher_auth_decrypt_ext	56	static
