../mbedtls/library/ctr_drbg.c:44:6:mbedtls_ctr_drbg_init	16	static
../mbedtls/library/ctr_drbg.c:58:6:mbedtls_ctr_drbg_free	16	static
../mbedtls/library/ctr_drbg.c:76:6:mbedtls_ctr_drbg_set_prediction_resistance	8	static
../mbedtls/library/ctr_drbg.c:82:6:mbedtls_ctr_drbg_set_entropy_len	8	static
../mbedtls/library/ctr_drbg.c:88:5:mbedtls_ctr_drbg_set_nonce_len	8	static
../mbedtls/library/ctr_drbg.c:117:6:mbedtls_ctr_drbg_set_reseed_interval	8	static
../mbedtls/library/ctr_drbg.c:123:12:block_cipher_df	608	static
../mbedtls/library/ctr_drbg.c:246:12:ctr_drbg_update_internal	80	static
../mbedtls/library/ctr_drbg.c:308:5:mbedtls_ctr_drbg_update_ret	80	static
../mbedtls/library/ctr_drbg.c:332:6:mbedtls_ctr_drbg_update	24	static
../mbedtls/library/ctr_drbg.c:358:12:mbedtls_ctr_drbg_reseed_internal	416	static
../mbedtls/library/ctr_drbg.c:415:5:mbedtls_ctr_drbg_reseed	24	static
../mbedtls/library/ctr_drbg.c:426:15:good_nonce_len	8	static
../mbedtls/library/ctr_drbg.c:446:5:mbedtls_ctr_drbg_seed	64	static
../mbedtls/library/ctr_drbg.c:512:5:mbedtls_ctr_drbg_random_with_add	112	static
../mbedtls/library/ctr_drbg.c:591:5:mbedtls_ctr_drbg_random	40	static
../mbedtls/library/ctr_drbg.c:817:12:ctr_drbg_self_test_entropy	32	static
../mbedtls/library/ctr_drbg.c:838:5:mbedtls_ctr_drbg_self_test	168	static
