../mbedtls/library/ecdh.c:48:29:mbedtls_ecdh_grp_id	8	static
../mbedtls/library/ecdh.c:60:5:mbedtls_ecdh_can_do	8	static
../mbedtls/library/ecdh.c:76:12:ecdh_gen_public_restartable	48	static
../mbedtls/library/ecdh.c:103:5:mbedtls_ecdh_gen_public	32	static
../mbedtls/library/ecdh.c:119:12:ecdh_compute_shared_restartable	80	static
../mbedtls/library/ecdh.c:150:5:mbedtls_ecdh_compute_shared	40	static
../mbedtls/library/ecdh.c:164:13:ecdh_init_internal	16	static
../mbedtls/library/ecdh.c:180:6:mbedtls_ecdh_init	16	static
../mbedtls/library/ecdh.c:200:12:ecdh_setup_internal	24	static
../mbedtls/library/ecdh.c:216:5:mbedtls_ecdh_setup	16	static
../mbedtls/library/ecdh.c:241:13:ecdh_free_internal	16	static
../mbedtls/library/ecdh.c:269:6:mbedtls_ecdh_free	16	static
../mbedtls/library/ecdh.c:300:12:ecdh_make_params_internal	48	static
../mbedtls/library/ecdh.c:364:5:mbedtls_ecdh_make_params	48	static
../mbedtls/library/ecdh.c:402:12:ecdh_read_params_internal	24	static
../mbedtls/library/ecdh.c:417:5:mbedtls_ecdh_read_params	32	static
../mbedtls/library/ecdh.c:455:12:ecdh_get_params_internal	32	static
../mbedtls/library/ecdh.c:482:5:mbedtls_ecdh_get_params	32	static
../mbedtls/library/ecdh.c:530:12:ecdh_make_public_internal	40	static
../mbedtls/library/ecdh.c:575:5:mbedtls_ecdh_make_public	48	static
../mbedtls/library/ecdh.c:611:12:ecdh_read_public_internal	32	static
../mbedtls/library/ecdh.c:632:5:mbedtls_ecdh_read_public	24	static
../mbedtls/library/ecdh.c:656:12:ecdh_calc_secret_internal	40	static
../mbedtls/library/ecdh.c:711:5:mbedtls_ecdh_calc_secret	48	static
