C:\Users\UIF87839\Documents\MCUXpressoIDE_11.8.1_1197\workspace\lpcxpresso55s69_BenchMark_mbedtls_benchmark\mbedtls\include/mbedtls/error.h:159:19:mbedtls_error_add	16	static
../mbedtls/library/ecdsa.c:221:12:derive_mpi	40	static
../mbedtls/library/ecdsa.c:248:12:ecdsa_sign_restartable	144	static
../mbedtls/library/ecdsa.c:382:5:mbedtls_ecdsa_can_do	8	static
../mbedtls/library/ecdsa.c:398:5:mbedtls_ecdsa_sign	56	static
../mbedtls/library/ecdsa.c:419:12:ecdsa_sign_det_restartable	424	static
../mbedtls/library/ecdsa.c:552:5:mbedtls_ecdsa_sign_det	48	static
../mbedtls/library/ecdsa.c:568:5:mbedtls_ecdsa_sign_det_ext	48	static
../mbedtls/library/ecdsa.c:593:12:ecdsa_verify_restartable	136	static
../mbedtls/library/ecdsa.c:700:5:mbedtls_ecdsa_verify	40	static
../mbedtls/library/ecdsa.c:719:12:ecdsa_signature_to_asn1	176	static
../mbedtls/library/ecdsa.c:744:5:mbedtls_ecdsa_write_signature_restartable	80	static
../mbedtls/library/ecdsa.c:794:5:mbedtls_ecdsa_write_signature	48	static
../mbedtls/library/ecdsa.c:811:5:mbedtls_ecdsa_write_signature_det	40	static
../mbedtls/library/ecdsa.c:828:5:mbedtls_ecdsa_read_signature	32	static
../mbedtls/library/ecdsa.c:842:5:mbedtls_ecdsa_read_signature_restartable	80	static
../mbedtls/library/ecdsa.c:908:5:mbedtls_ecdsa_genkey	40	static
../mbedtls/library/ecdsa.c:930:5:mbedtls_ecdsa_from_keypair	24	static
../mbedtls/library/ecdsa.c:948:6:mbedtls_ecdsa_init	16	static
../mbedtls/library/ecdsa.c:958:6:mbedtls_ecdsa_free	16	static
