../mbedtls/library/md.c:168:12:mbedtls_md_list	0	static
../mbedtls/library/md.c:173:26:mbedtls_md_info_from_string	16	static
../mbedtls/library/md.c:226:26:mbedtls_md_info_from_type	8	static
../mbedtls/library/md.c:268:6:mbedtls_md_init	16	static
../mbedtls/library/md.c:273:6:mbedtls_md_free	16	static
../mbedtls/library/md.c:336:5:mbedtls_md_clone	16	static
../mbedtls/library/md.c:393:5:mbedtls_md_init_ctx	16	static
../mbedtls/library/md.c:408:5:mbedtls_md_setup	24	static
../mbedtls/library/md.c:474:5:mbedtls_md_starts	16	static
../mbedtls/library/md.c:520:5:mbedtls_md_update	24	static
../mbedtls/library/md.c:564:5:mbedtls_md_finish	16	static
../mbedtls/library/md.c:608:5:mbedtls_md	24	static
../mbedtls/library/md.c:703:5:mbedtls_md_hmac_starts	104	static
../mbedtls/library/md.c:754:5:mbedtls_md_hmac_update	24	static
../mbedtls/library/md.c:763:5:mbedtls_md_hmac_finish	88	static
../mbedtls/library/md.c:792:5:mbedtls_md_hmac_reset	24	static
../mbedtls/library/md.c:809:5:mbedtls_md_hmac	40	static
../mbedtls/library/md.c:843:5:mbedtls_md_process	16	static
../mbedtls/library/md.c:887:15:mbedtls_md_get_size	8	static
../mbedtls/library/md.c:896:19:mbedtls_md_get_type	8	static
../mbedtls/library/md.c:905:13:mbedtls_md_get_name	8	static
