C:\Users\UIF87839\Documents\MCUXpressoIDE_11.8.1_1197\workspace\lpcxpresso55s69_BenchMark_mbedtls_benchmark\mbedtls\include/mbedtls/pk.h:367:22:mbedtls_pk_get_len	16	static
C:\Users\UIF87839\Documents\MCUXpressoIDE_11.8.1_1197\workspace\lpcxpresso55s69_BenchMark_mbedtls_benchmark\mbedtls\include/mbedtls/pk.h:646:36:mbedtls_pk_rsa	16	static
../mbedtls/library/pk.c:55:6:mbedtls_pk_init	8	static
../mbedtls/library/pk.c:66:6:mbedtls_pk_free	16	static
../mbedtls/library/pk.c:110:26:mbedtls_pk_info_from_type	8	static
../mbedtls/library/pk.c:136:5:mbedtls_pk_setup	16	static
../mbedtls/library/pk.c:196:5:mbedtls_pk_setup_rsa_alt	32	static
../mbedtls/library/pk.c:229:5:mbedtls_pk_can_do	16	static
../mbedtls/library/pk.c:244:19:pk_hashlen_helper	24	static
../mbedtls/library/pk.c:294:5:mbedtls_pk_verify_restartable	32	static
../mbedtls/library/pk.c:345:5:mbedtls_pk_verify	40	static
../mbedtls/library/pk.c:356:5:mbedtls_pk_verify_ext	56	static
../mbedtls/library/pk.c:426:5:mbedtls_pk_sign_restartable	40	static
../mbedtls/library/pk.c:479:5:mbedtls_pk_sign	48	static
../mbedtls/library/pk.c:491:5:mbedtls_pk_decrypt	40	static
../mbedtls/library/pk.c:516:5:mbedtls_pk_encrypt	40	static
../mbedtls/library/pk.c:541:5:mbedtls_pk_check_pair	16	static
../mbedtls/library/pk.c:571:8:mbedtls_pk_get_bitlen	16	static
../mbedtls/library/pk.c:585:5:mbedtls_pk_debug	16	static
../mbedtls/library/pk.c:603:13:mbedtls_pk_get_name	8	static
../mbedtls/library/pk.c:615:19:mbedtls_pk_get_type	8	static
