../mbedtls/library/pk_wrap.c:59:12:rsa_can_do	8	static
../mbedtls/library/pk_wrap.c:65:15:rsa_get_bitlen	24	static
../mbedtls/library/pk_wrap.c:71:12:rsa_verify_wrap	56	static
../mbedtls/library/pk_wrap.c:107:12:rsa_sign_wrap	48	static
../mbedtls/library/pk_wrap.c:126:12:rsa_decrypt_wrap	48	static
../mbedtls/library/pk_wrap.c:141:12:rsa_encrypt_wrap	48	static
../mbedtls/library/pk_wrap.c:157:12:rsa_check_pair_wrap	16	static
../mbedtls/library/pk_wrap.c:163:14:rsa_alloc_wrap	16	static
../mbedtls/library/pk_wrap.c:174:13:rsa_free_wrap	16	static
../mbedtls/library/pk_wrap.c:180:13:rsa_debug	8	static
../mbedtls/library/pk_wrap.c:221:12:eckey_can_do	8	static
../mbedtls/library/pk_wrap.c:228:15:eckey_get_bitlen	8	static
../mbedtls/library/pk_wrap.c:244:12:eckey_verify_wrap	208	static
../mbedtls/library/pk_wrap.c:262:12:eckey_sign_wrap	216	static
../mbedtls/library/pk_wrap.c:391:12:eckey_check_pair	16	static
../mbedtls/library/pk_wrap.c:397:14:eckey_alloc_wrap	16	static
../mbedtls/library/pk_wrap.c:408:13:eckey_free_wrap	16	static
../mbedtls/library/pk_wrap.c:414:13:eckey_debug	8	static
../mbedtls/library/pk_wrap.c:452:12:eckeydh_can_do	8	static
../mbedtls/library/pk_wrap.c:483:12:ecdsa_can_do	8	static
../mbedtls/library/pk_wrap.c:629:12:ecdsa_verify_wrap	40	static
../mbedtls/library/pk_wrap.c:647:12:ecdsa_sign_wrap	40	static
../mbedtls/library/pk_wrap.c:691:14:ecdsa_alloc_wrap	16	static
../mbedtls/library/pk_wrap.c:702:13:ecdsa_free_wrap	16	static
../mbedtls/library/pk_wrap.c:756:12:rsa_alt_can_do	8	static
../mbedtls/library/pk_wrap.c:761:15:rsa_alt_get_bitlen	24	static
../mbedtls/library/pk_wrap.c:768:12:rsa_alt_sign_wrap	48	static
../mbedtls/library/pk_wrap.c:790:12:rsa_alt_decrypt_wrap	40	static
../mbedtls/library/pk_wrap.c:809:12:rsa_alt_check_pair	584	static
../mbedtls/library/pk_wrap.c:837:14:rsa_alt_alloc_wrap	16	static
../mbedtls/library/pk_wrap.c:848:13:rsa_alt_free_wrap	16	static
