../mbedtls/library/common.h:78:30:mbedtls_buffer_offset	8	static
C:\Users\UIF87839\Documents\MCUXpressoIDE_11.8.1_1197\workspace\lpcxpresso55s69_BenchMark_mbedtls_benchmark\mbedtls\include/psa/crypto_values.h:2154:19:mbedtls_svc_key_id_is_null	8	static
C:\Users\UIF87839\Documents\MCUXpressoIDE_11.8.1_1197\workspace\lpcxpresso55s69_BenchMark_mbedtls_benchmark\mbedtls\include/psa/crypto_struct.h:347:36:psa_get_key_id	8	static
C:\Users\UIF87839\Documents\MCUXpressoIDE_11.8.1_1197\workspace\lpcxpresso55s69_BenchMark_mbedtls_benchmark\mbedtls\include/psa/crypto_struct.h:374:34:psa_get_key_lifetime	8	static
C:\Users\UIF87839\Documents\MCUXpressoIDE_11.8.1_1197\workspace\lpcxpresso55s69_BenchMark_mbedtls_benchmark\mbedtls\include/psa/crypto_struct.h:380:20:psa_extend_key_usage_flags	8	static
C:\Users\UIF87839\Documents\MCUXpressoIDE_11.8.1_1197\workspace\lpcxpresso55s69_BenchMark_mbedtls_benchmark\mbedtls\include/psa/crypto_struct.h:391:20:psa_set_key_usage_flags	16	static
C:\Users\UIF87839\Documents\MCUXpressoIDE_11.8.1_1197\workspace\lpcxpresso55s69_BenchMark_mbedtls_benchmark\mbedtls\include/psa/crypto_struct.h:423:20:psa_set_key_type	16	static
C:\Users\UIF87839\Documents\MCUXpressoIDE_11.8.1_1197\workspace\lpcxpresso55s69_BenchMark_mbedtls_benchmark\mbedtls\include/psa/crypto_struct.h:438:30:psa_get_key_type	8	static
C:\Users\UIF87839\Documents\MCUXpressoIDE_11.8.1_1197\workspace\lpcxpresso55s69_BenchMark_mbedtls_benchmark\mbedtls\include/psa/crypto_struct.h:444:20:psa_set_key_bits	8	static
C:\Users\UIF87839\Documents\MCUXpressoIDE_11.8.1_1197\workspace\lpcxpresso55s69_BenchMark_mbedtls_benchmark\mbedtls\include/psa/crypto_struct.h:454:22:psa_get_key_bits	8	static
C:\Users\UIF87839\Documents\MCUXpressoIDE_11.8.1_1197\workspace\lpcxpresso55s69_BenchMark_mbedtls_benchmark\mbedtls\include/psa/crypto_extra.h:586:32:mbedtls_ecc_group_to_psa	8	static
../mbedtls/library/psa_crypto_core.h:41:19:mbedtls_psa_safer_memcmp	24	static
../mbedtls/library/psa_crypto_slot_management.h:181:19:psa_key_lifetime_is_external	8	static
../mbedtls/library/psa_crypto_random_impl.h:92:20:mbedtls_psa_drbg_init	16	static
../mbedtls/library/psa_crypto_random_impl.h:105:20:mbedtls_psa_drbg_free	16	static
../mbedtls/library/psa_crypto_random_impl.h:182:19:mbedtls_psa_drbg_seed	32	static
../mbedtls/library/psa_crypto.c:94:12:key_type_is_raw_bytes	8	static
../mbedtls/library/psa_crypto.c:121:14:mbedtls_to_psa_error	16	static
../mbedtls/library/psa_crypto.c:386:22:mbedtls_ecc_group_of_psa	16	static
../mbedtls/library/psa_crypto.c:483:21:validate_unstructured_key_bit_size	8	static
../mbedtls/library/psa_crypto.c:558:38:psa_mac_key_can_do	8	static
../mbedtls/library/psa_crypto.c:584:14:psa_allocate_buffer_to_slot	16	static
../mbedtls/library/psa_crypto.c:600:14:psa_copy_key_material_into_slot	32	static
../mbedtls/library/psa_crypto.c:614:14:psa_import_key_into_slot	48	static
../mbedtls/library/psa_crypto.c:685:24:psa_key_policy_algorithm_intersection	48	static
../mbedtls/library/psa_crypto.c:784:12:psa_key_algorithm_permits	32	static
../mbedtls/library/psa_crypto.c:882:21:psa_key_policy_permits	24	static
../mbedtls/library/psa_crypto.c:922:21:psa_restrict_key_policy	32	static
../mbedtls/library/psa_crypto.c:958:21:psa_get_and_lock_key_slot_with_policy	32	static
../mbedtls/library/psa_crypto.c:1018:21:psa_get_and_lock_transparent_key_slot_with_policy	32	static
../mbedtls/library/psa_crypto.c:1039:14:psa_remove_key_data_from_memory	16	static
../mbedtls/library/psa_crypto.c:1056:14:psa_wipe_key_slot	24	static
../mbedtls/library/psa_crypto.c:1086:14:psa_destroy_key	32	static
../mbedtls/library/psa_crypto.c:1205:21:psa_get_rsa_public_exponent	48	static
../mbedtls/library/psa_crypto.c:1250:14:psa_get_key_attributes	40	static
../mbedtls/library/psa_crypto.c:1332:21:psa_export_key_buffer_internal	24	static
../mbedtls/library/psa_crypto.c:1348:14:psa_export_key_internal	40	static
../mbedtls/library/psa_crypto.c:1369:14:psa_export_key	88	static
../mbedtls/library/psa_crypto.c:1413:14:psa_export_public_key_internal	40	static
../mbedtls/library/psa_crypto.c:1468:14:psa_export_public_key	88	static
../mbedtls/library/psa_crypto.c:1527:21:psa_validate_key_policy	8	static
../mbedtls/library/psa_crypto.c:1557:21:psa_validate_key_attributes	32	static
../mbedtls/library/psa_crypto.c:1636:21:psa_start_key_creation	48	static
../mbedtls/library/psa_crypto.c:1765:21:psa_finish_key_creation	32	static
../mbedtls/library/psa_crypto.c:1842:13:psa_fail_key_creation	16	static
../mbedtls/library/psa_crypto.c:1880:21:psa_validate_optional_attributes	64	static
../mbedtls/library/psa_crypto.c:1948:14:psa_import_key	56	static
../mbedtls/library/psa_crypto.c:2054:21:psa_copy_key_material	24	static
../mbedtls/library/psa_crypto.c:2070:14:psa_copy_key	88	static
../mbedtls/library/psa_crypto.c:2148:14:psa_hash_abort	24	static
../mbedtls/library/psa_crypto.c:2161:14:psa_hash_setup	24	static
../mbedtls/library/psa_crypto.c:2191:14:psa_hash_update	32	static
../mbedtls/library/psa_crypto.c:2218:14:psa_hash_finish	32	static
../mbedtls/library/psa_crypto.c:2234:14:psa_hash_verify	96	static
../mbedtls/library/psa_crypto.c:2267:14:psa_hash_compute	32	static
../mbedtls/library/psa_crypto.c:2281:14:psa_hash_compare	104	static
../mbedtls/library/psa_crypto.c:2312:14:psa_hash_clone	24	static
../mbedtls/library/psa_crypto.c:2334:14:psa_mac_abort	24	static
../mbedtls/library/psa_crypto.c:2349:21:psa_mac_finalize_alg_and_key_validation	40	static
../mbedtls/library/psa_crypto.c:2402:21:psa_mac_setup	88	static
../mbedtls/library/psa_crypto.c:2462:14:psa_mac_sign_setup	24	static
../mbedtls/library/psa_crypto.c:2469:14:psa_mac_verify_setup	24	static
../mbedtls/library/psa_crypto.c:2476:14:psa_mac_update	32	static
../mbedtls/library/psa_crypto.c:2499:14:psa_mac_sign_finish	32	static
../mbedtls/library/psa_crypto.c:2555:14:psa_mac_verify_finish	32	static
../mbedtls/library/psa_crypto.c:2586:21:psa_mac_compute_internal	112	static
../mbedtls/library/psa_crypto.c:2651:14:psa_mac_compute	40	static
../mbedtls/library/psa_crypto.c:2664:14:psa_mac_verify	112	static
../mbedtls/library/psa_crypto.c:2702:21:psa_sign_verify_check_alg	8	static
../mbedtls/library/psa_crypto.c:2724:21:psa_sign_internal	104	static
../mbedtls/library/psa_crypto.c:2804:21:psa_verify_internal	96	static
../mbedtls/library/psa_crypto.c:2853:14:psa_sign_message_builtin	120	static
../mbedtls/library/psa_crypto.c:2888:14:psa_sign_message	40	static
../mbedtls/library/psa_crypto.c:2901:14:psa_verify_message_builtin	112	static
../mbedtls/library/psa_crypto.c:2935:14:psa_verify_message	40	static
../mbedtls/library/psa_crypto.c:2947:14:psa_sign_hash_builtin	48	static
../mbedtls/library/psa_crypto.c:2995:14:psa_sign_hash	40	static
../mbedtls/library/psa_crypto.c:3008:14:psa_verify_hash_builtin	40	static
../mbedtls/library/psa_crypto.c:3055:14:psa_verify_hash	40	static
../mbedtls/library/psa_crypto.c:3068:13:psa_rsa_oaep_set_padding_mode	32	static
../mbedtls/library/psa_crypto.c:3078:14:psa_asymmetric_encrypt	64	static
../mbedtls/library/psa_crypto.c:3186:14:psa_asymmetric_decrypt	64	static
../mbedtls/library/psa_crypto.c:3299:21:psa_cipher_setup	96	static
../mbedtls/library/psa_crypto.c:3370:14:psa_cipher_encrypt_setup	24	static
../mbedtls/library/psa_crypto.c:3377:14:psa_cipher_decrypt_setup	24	static
../mbedtls/library/psa_crypto.c:3384:14:psa_cipher_generate_iv	48	static
../mbedtls/library/psa_crypto.c:3435:14:psa_cipher_set_iv	32	static
../mbedtls/library/psa_crypto.c:3469:14:psa_cipher_update	40	static
../mbedtls/library/psa_crypto.c:3503:14:psa_cipher_finish	32	static
../mbedtls/library/psa_crypto.c:3536:14:psa_cipher_abort	16	static
../mbedtls/library/psa_crypto.c:3554:14:psa_cipher_encrypt	136	static
../mbedtls/library/psa_crypto.c:3626:14:psa_cipher_decrypt	104	static
../mbedtls/library/psa_crypto.c:3682:14:psa_aead_encrypt	120	static
../mbedtls/library/psa_crypto.c:3730:14:psa_aead_decrypt	120	static
../mbedtls/library/psa_crypto.c:3791:21:psa_key_derivation_start_hmac	72	static
../mbedtls/library/psa_crypto.c:3821:24:psa_key_derivation_get_kdf_alg	8	static
../mbedtls/library/psa_crypto.c:3831:14:psa_key_derivation_abort	24	static
../mbedtls/library/psa_crypto.c:3883:14:psa_key_derivation_get_capacity	8	static
../mbedtls/library/psa_crypto.c:3895:14:psa_key_derivation_set_capacity	8	static
../mbedtls/library/psa_crypto.c:3911:21:psa_key_derivation_hkdf_read	40	static
../mbedtls/library/psa_crypto.c:3993:21:psa_key_derivation_tls12_prf_generate_next_block	424	static
../mbedtls/library/psa_crypto.c:4113:21:psa_key_derivation_tls12_prf_read	40	static
../mbedtls/library/psa_crypto.c:4164:14:psa_key_derivation_output_bytes	40	static
../mbedtls/library/psa_crypto.c:4232:13:psa_des_set_key_parity	16	static
../mbedtls/library/psa_crypto.c:4246:21:psa_generate_derived_key_internal	96	static
../mbedtls/library/psa_crypto.c:4300:14:psa_key_derivation_output_key	40	static
../mbedtls/library/psa_crypto.c:4354:12:is_kdf_alg_supported	8	static
../mbedtls/library/psa_crypto.c:4374:21:psa_hash_try_support	256	static
../mbedtls/library/psa_crypto.c:4382:21:psa_key_derivation_setup_kdf	32	static
../mbedtls/library/psa_crypto.c:4421:21:psa_key_agreement_try_support	8	static
../mbedtls/library/psa_crypto.c:4433:14:psa_key_derivation_setup	32	static
../mbedtls/library/psa_crypto.c:4473:21:psa_hkdf_input	32	static
../mbedtls/library/psa_crypto.c:4549:21:psa_tls12_prf_set_seed	24	static
../mbedtls/library/psa_crypto.c:4572:21:psa_tls12_prf_set_key	24	static
../mbedtls/library/psa_crypto.c:4595:21:psa_tls12_prf_set_label	24	static
../mbedtls/library/psa_crypto.c:4618:21:psa_tls12_prf_input	24	static
../mbedtls/library/psa_crypto.c:4638:21:psa_tls12_prf_psk_to_ms_set_key	296	static
../mbedtls/library/psa_crypto.c:4673:21:psa_tls12_prf_psk_to_ms_input	24	static
../mbedtls/library/psa_crypto.c:4697:12:psa_key_derivation_check_input_type	8	static
../mbedtls/library/psa_crypto.c:4725:21:psa_key_derivation_input_internal	40	static
../mbedtls/library/psa_crypto.c:4774:14:psa_key_derivation_input_bytes	32	static
../mbedtls/library/psa_crypto.c:4785:14:psa_key_derivation_input_key	48	static
../mbedtls/library/psa_crypto.c:4824:21:psa_key_agreement_ecdh	272	static
../mbedtls/library/psa_crypto.c:4886:21:psa_key_agreement_raw_internal	40	static
../mbedtls/library/psa_crypto.c:4932:21:psa_key_agreement_internal	120	static
../mbedtls/library/psa_crypto.c:4967:14:psa_key_derivation_key_agreement	48	static
../mbedtls/library/psa_crypto.c:5003:14:psa_raw_key_agreement	56	static
../mbedtls/library/psa_crypto.c:5071:13:mbedtls_psa_random_init	16	static
../mbedtls/library/psa_crypto.c:5103:13:mbedtls_psa_random_free	16	static
../mbedtls/library/psa_crypto.c:5115:21:mbedtls_psa_random_seed	24	static
../mbedtls/library/psa_crypto.c:5129:14:psa_generate_random	24	static
../mbedtls/library/psa_crypto.c:5235:21:psa_validate_key_type_and_size_for_key_generation	24	static
../mbedtls/library/psa_crypto.c:5273:14:psa_generate_key_internal	32	static
../mbedtls/library/psa_crypto.c:5325:14:psa_generate_key	32	static
../mbedtls/library/psa_crypto.c:5405:14:mbedtls_psa_crypto_configure_entropy_sources	8	static
../mbedtls/library/psa_crypto.c:5418:6:mbedtls_psa_crypto_free	8	static
../mbedtls/library/psa_crypto.c:5458:14:psa_crypto_init	16	static
