C:\Users\UIF87839\Documents\MCUXpressoIDE_11.8.1_1197\workspace\lpcxpresso55s69_BenchMark_mbedtls_benchmark\mbedtls\include/psa/crypto_values.h:2142:19:mbedtls_svc_key_id_equal	8	static
C:\Users\UIF87839\Documents\MCUXpressoIDE_11.8.1_1197\workspace\lpcxpresso55s69_BenchMark_mbedtls_benchmark\mbedtls\include/psa/crypto_values.h:2154:19:mbedtls_svc_key_id_is_null	8	static
C:\Users\UIF87839\Documents\MCUXpressoIDE_11.8.1_1197\workspace\lpcxpresso55s69_BenchMark_mbedtls_benchmark\mbedtls\include/psa/crypto_compat.h:53:19:psa_key_handle_is_null	16	static
../mbedtls/library/psa_crypto_core.h:107:19:psa_is_key_slot_occupied	8	static
../mbedtls/library/psa_crypto_core.h:120:19:psa_is_key_slot_locked	8	static
../mbedtls/library/psa_crypto_slot_management.h:54:19:psa_key_id_is_volatile	8	static
../mbedtls/library/psa_crypto_slot_management.h:140:28:psa_lock_key_slot	8	static
../mbedtls/library/psa_crypto_slot_management.h:181:19:psa_key_lifetime_is_external	8	static
../mbedtls/library/psa_crypto_slot_management.c:48:5:psa_is_valid_key_id	16	static
../mbedtls/library/psa_crypto_slot_management.c:97:21:psa_get_and_lock_key_slot_in_memory	32	static
../mbedtls/library/psa_crypto_slot_management.c:143:14:psa_initialize_key_slots	0	static
../mbedtls/library/psa_crypto_slot_management.c:152:6:psa_wipe_all_key_slots	16	static
../mbedtls/library/psa_crypto_slot_management.c:164:14:psa_get_empty_key_slot	40	static
../mbedtls/library/psa_crypto_slot_management.c:341:14:psa_get_and_lock_key_slot	24	static
../mbedtls/library/psa_crypto_slot_management.c:401:14:psa_unlock_key_slot	8	static
../mbedtls/library/psa_crypto_slot_management.c:426:14:psa_validate_key_location	16	static
../mbedtls/library/psa_crypto_slot_management.c:457:14:psa_validate_key_persistence	8	static
../mbedtls/library/psa_crypto_slot_management.c:476:14:psa_open_key	8	static
../mbedtls/library/psa_crypto_slot_management.c:504:14:psa_close_key	24	static
../mbedtls/library/psa_crypto_slot_management.c:528:14:psa_purge_key	24	static
../mbedtls/library/psa_crypto_slot_management.c:546:6:mbedtls_psa_get_stats	32	static
