C:\Users\UIF87839\Documents\MCUXpressoIDE_11.8.1_1197\workspace\lpcxpresso55s69_BenchMark_mbedtls_benchmark\mbedtls\include/psa/crypto_struct.h:374:34:psa_get_key_lifetime	8	static
../mbedtls/library/psa_crypto_driver_wrappers.c:69:14:psa_driver_wrapper_init	8	static
../mbedtls/library/psa_crypto_driver_wrappers.c:96:6:psa_driver_wrapper_free	0	static
../mbedtls/library/psa_crypto_driver_wrappers.c:111:14:psa_driver_wrapper_sign_message	56	static
../mbedtls/library/psa_crypto_driver_wrappers.c:187:14:psa_driver_wrapper_verify_message	48	static
../mbedtls/library/psa_crypto_driver_wrappers.c:259:14:psa_driver_wrapper_sign_hash	56	static
../mbedtls/library/psa_crypto_driver_wrappers.c:341:14:psa_driver_wrapper_verify_hash	48	static
../mbedtls/library/psa_crypto_driver_wrappers.c:436:14:psa_driver_wrapper_get_key_buffer_size	24	static
../mbedtls/library/psa_crypto_driver_wrappers.c:469:14:psa_driver_wrapper_generate_key	32	static
../mbedtls/library/psa_crypto_driver_wrappers.c:538:14:psa_driver_wrapper_import_key	48	static
../mbedtls/library/psa_crypto_driver_wrappers.c:614:14:psa_driver_wrapper_export_key	40	static
../mbedtls/library/psa_crypto_driver_wrappers.c:669:14:psa_driver_wrapper_export_public_key	40	static
../mbedtls/library/psa_crypto_driver_wrappers.c:742:14:psa_driver_wrapper_get_builtin_key	24	static
../mbedtls/library/psa_crypto_driver_wrappers.c:768:14:psa_driver_wrapper_cipher_encrypt	64	static
../mbedtls/library/psa_crypto_driver_wrappers.c:860:14:psa_driver_wrapper_cipher_decrypt	56	static
../mbedtls/library/psa_crypto_driver_wrappers.c:942:14:psa_driver_wrapper_cipher_encrypt_setup	40	static
../mbedtls/library/psa_crypto_driver_wrappers.c:1019:14:psa_driver_wrapper_cipher_decrypt_setup	40	static
../mbedtls/library/psa_crypto_driver_wrappers.c:1095:14:psa_driver_wrapper_cipher_set_iv	24	static
../mbedtls/library/psa_crypto_driver_wrappers.c:1129:14:psa_driver_wrapper_cipher_update	32	static
../mbedtls/library/psa_crypto_driver_wrappers.c:1174:14:psa_driver_wrapper_cipher_finish	24	static
../mbedtls/library/psa_crypto_driver_wrappers.c:1211:14:psa_driver_wrapper_cipher_abort	24	static
../mbedtls/library/psa_crypto_driver_wrappers.c:1250:14:psa_driver_wrapper_hash_compute	40	static
../mbedtls/library/psa_crypto_driver_wrappers.c:1288:14:psa_driver_wrapper_hash_setup	24	static
../mbedtls/library/psa_crypto_driver_wrappers.c:1325:14:psa_driver_wrapper_hash_clone	16	static
../mbedtls/library/psa_crypto_driver_wrappers.c:1349:14:psa_driver_wrapper_hash_update	24	static
../mbedtls/library/psa_crypto_driver_wrappers.c:1373:14:psa_driver_wrapper_hash_finish	24	static
../mbedtls/library/psa_crypto_driver_wrappers.c:1399:14:psa_driver_wrapper_hash_abort	16	static
../mbedtls/library/psa_crypto_driver_wrappers.c:1417:14:psa_driver_wrapper_aead_encrypt	72	static
../mbedtls/library/psa_crypto_driver_wrappers.c:1469:14:psa_driver_wrapper_aead_decrypt	72	static
../mbedtls/library/psa_crypto_driver_wrappers.c:1525:14:psa_driver_wrapper_mac_compute	56	static
../mbedtls/library/psa_crypto_driver_wrappers.c:1594:14:psa_driver_wrapper_mac_sign_setup	40	static
../mbedtls/library/psa_crypto_driver_wrappers.c:1670:14:psa_driver_wrapper_mac_verify_setup	40	static
../mbedtls/library/psa_crypto_driver_wrappers.c:1746:14:psa_driver_wrapper_mac_update	24	static
../mbedtls/library/psa_crypto_driver_wrappers.c:1778:14:psa_driver_wrapper_mac_sign_finish	24	static
../mbedtls/library/psa_crypto_driver_wrappers.c:1812:14:psa_driver_wrapper_mac_verify_finish	24	static
../mbedtls/library/psa_crypto_driver_wrappers.c:1844:14:psa_driver_wrapper_mac_abort	16	static
