C:\Users\UIF87839\Documents\MCUXpressoIDE_11.8.1_1197\workspace\lpcxpresso55s69_BenchMark_mbedtls_benchmark\mbedtls\include/mbedtls/error.h:159:19:mbedtls_error_add	16	static
../mbedtls/library/rsa.c:70:5:mbedtls_rsa_import	32	static
../mbedtls/library/rsa.c:93:5:mbedtls_rsa_import_raw	32	static
../mbedtls/library/rsa.c:139:12:rsa_check_context	24	static
../mbedtls/library/rsa.c:223:5:mbedtls_rsa_complete	88	static
../mbedtls/library/rsa.c:323:5:mbedtls_rsa_export_raw	32	static
../mbedtls/library/rsa.c:376:5:mbedtls_rsa_export	32	static
../mbedtls/library/rsa.c:420:5:mbedtls_rsa_export_crt	32	static
../mbedtls/library/rsa.c:459:6:mbedtls_rsa_init	24	static
../mbedtls/library/rsa.c:482:6:mbedtls_rsa_set_padding	16	static
../mbedtls/library/rsa.c:497:8:mbedtls_rsa_get_len	8	static
../mbedtls/library/rsa.c:511:5:mbedtls_rsa_gen_key	88	static
../mbedtls/library/rsa.c:633:5:mbedtls_rsa_check_pubkey	16	static
../mbedtls/library/rsa.c:657:5:mbedtls_rsa_check_privkey	40	static
../mbedtls/library/rsa.c:684:5:mbedtls_rsa_check_pub_priv	16	static
../mbedtls/library/rsa.c:769:12:rsa_prepare_blinding	56	static
../mbedtls/library/rsa.c:851:5:mbedtls_rsa_private	168	static
../mbedtls/library/rsa.c:1085:12:mgf_mask	112	static
../mbedtls/library/rsa.c:1143:5:mbedtls_rsa_rsaes_oaep_encrypt	64	static
../mbedtls/library/rsa.c:1244:5:mbedtls_rsa_rsaes_pkcs1_v15_encrypt	56	static
../mbedtls/library/rsa.c:1318:5:mbedtls_rsa_pkcs1_encrypt	48	static
../mbedtls/library/rsa.c:1354:5:mbedtls_rsa_rsaes_oaep_decrypt	656	static
../mbedtls/library/rsa.c:1505:5:mbedtls_rsa_rsaes_pkcs1_v15_decrypt	552	static
../mbedtls/library/rsa.c:1556:5:mbedtls_rsa_pkcs1_decrypt	48	static
../mbedtls/library/rsa.c:1592:5:rsa_rsassa_pss_sign	88	static
../mbedtls/library/rsa.c:1739:5:mbedtls_rsa_rsassa_pss_sign_ext	48	static
../mbedtls/library/rsa.c:1756:5:mbedtls_rsa_rsassa_pss_sign	48	static
../mbedtls/library/rsa.c:1793:12:rsa_rsassa_pkcs1_v15_encode	48	static
../mbedtls/library/rsa.c:1910:5:mbedtls_rsa_rsassa_pkcs1_v15_sign	48	static
../mbedtls/library/rsa.c:1996:5:mbedtls_rsa_pkcs1_sign	40	static
../mbedtls/library/rsa.c:2036:5:mbedtls_rsa_rsassa_pss_verify_ext	664	static
../mbedtls/library/rsa.c:2199:5:mbedtls_rsa_rsassa_pss_verify	56	static
../mbedtls/library/rsa.c:2233:5:mbedtls_rsa_rsassa_pkcs1_v15_verify	48	static
../mbedtls/library/rsa.c:2315:5:mbedtls_rsa_pkcs1_verify	40	static
../mbedtls/library/rsa.c:2353:5:mbedtls_rsa_copy	24	static
../mbedtls/library/rsa.c:2395:6:mbedtls_rsa_free	16	static
../mbedtls/library/rsa.c:2473:12:myrand	32	static
../mbedtls/library/rsa.c:2503:5:mbedtls_rsa_self_test	552	static
