../mbedtls/library/sha1.c:44:6:mbedtls_sha1_init	16	static
../mbedtls/library/sha1.c:51:6:mbedtls_sha1_free	16	static
../mbedtls/library/sha1.c:60:6:mbedtls_sha1_clone	16	static
../mbedtls/library/sha1.c:72:5:mbedtls_sha1_starts_ret	8	static
../mbedtls/library/sha1.c:89:6:mbedtls_sha1_starts	16	static
../mbedtls/library/sha1.c:96:5:mbedtls_internal_sha1_process	112	static
../mbedtls/library/sha1.c:268:6:mbedtls_sha1_process	16	static
../mbedtls/library/sha1.c:279:5:mbedtls_sha1_update_ret	40	static
../mbedtls/library/sha1.c:333:6:mbedtls_sha1_update	24	static
../mbedtls/library/sha1.c:344:5:mbedtls_sha1_finish_ret	32	static
../mbedtls/library/sha1.c:402:6:mbedtls_sha1_finish	16	static
../mbedtls/library/sha1.c:414:5:mbedtls_sha1_ret	120	static
../mbedtls/library/sha1.c:445:6:mbedtls_sha1	24	static
../mbedtls/library/sha1.c:489:5:mbedtls_sha1_self_test	1168	static
