../mbedtls/library/sha512.c:58:6:mbedtls_sha512_init	16	static
../mbedtls/library/sha512.c:65:6:mbedtls_sha512_free	16	static
../mbedtls/library/sha512.c:74:6:mbedtls_sha512_clone	16	static
../mbedtls/library/sha512.c:87:5:mbedtls_sha512_starts_ret	8	static
../mbedtls/library/sha512.c:134:6:mbedtls_sha512_starts	16	static
../mbedtls/library/sha512.c:190:5:mbedtls_internal_sha512_process	2512	static
../mbedtls/library/sha512.c:286:6:mbedtls_sha512_process	16	static
../mbedtls/library/sha512.c:298:5:mbedtls_sha512_update_ret	72	static
../mbedtls/library/sha512.c:352:6:mbedtls_sha512_update	24	static
../mbedtls/library/sha512.c:364:5:mbedtls_sha512_finish_ret	64	static
../mbedtls/library/sha512.c:433:6:mbedtls_sha512_finish	16	static
../mbedtls/library/sha512.c:447:5:mbedtls_sha512_ret	248	static
../mbedtls/library/sha512.c:484:6:mbedtls_sha512	24	static
../mbedtls/library/sha512.c:573:5:mbedtls_sha512_self_test	320	static
