C:\Users\UIF87839\Documents\MCUXpressoIDE_11.8.1_1197\workspace\lpcxpresso55s69_BenchMark_mbedtls_benchmark\mbedtls\include/mbedtls/pk.h:669:36:mbedtls_pk_ec	16	static
C:\Users\UIF87839\Documents\MCUXpressoIDE_11.8.1_1197\workspace\lpcxpresso55s69_BenchMark_mbedtls_benchmark\mbedtls\include/mbedtls/ssl_ciphersuites.h:466:19:mbedtls_ssl_ciphersuite_cert_req_allowed	8	static
C:\Users\UIF87839\Documents\MCUXpressoIDE_11.8.1_1197\workspace\lpcxpresso55s69_BenchMark_mbedtls_benchmark\mbedtls\include/mbedtls/ssl_ciphersuites.h:529:19:mbedtls_ssl_ciphersuite_uses_server_signature	8	static
C:\Users\UIF87839\Documents\MCUXpressoIDE_11.8.1_1197\workspace\lpcxpresso55s69_BenchMark_mbedtls_benchmark\mbedtls\include/mbedtls/ssl_internal.h:333:19:mbedtls_ssl_chk_buf_ptr	16	static
C:\Users\UIF87839\Documents\MCUXpressoIDE_11.8.1_1197\workspace\lpcxpresso55s69_BenchMark_mbedtls_benchmark\mbedtls\include/mbedtls/ssl_internal.h:1149:35:mbedtls_ssl_own_key	16	static
C:\Users\UIF87839\Documents\MCUXpressoIDE_11.8.1_1197\workspace\lpcxpresso55s69_BenchMark_mbedtls_benchmark\mbedtls\include/mbedtls/ssl_internal.h:1162:33:mbedtls_ssl_own_cert	16	static
C:\Users\UIF87839\Documents\MCUXpressoIDE_11.8.1_1197\workspace\lpcxpresso55s69_BenchMark_mbedtls_benchmark\mbedtls\include/mbedtls/ssl_internal.h:1217:22:mbedtls_ssl_hs_hdr_len	8	static
../mbedtls/library/ssl_cli.c:51:12:ssl_conf_has_static_psk	8	static
../mbedtls/library/ssl_cli.c:92:12:ssl_write_hostname_ext	32	static
../mbedtls/library/ssl_cli.c:164:12:ssl_write_renegotiation_ext	32	static
../mbedtls/library/ssl_cli.c:209:12:ssl_write_signature_algorithms_ext	40	static
../mbedtls/library/ssl_cli.c:308:12:ssl_write_supported_elliptic_curves_ext	48	static
../mbedtls/library/ssl_cli.c:378:12:ssl_write_supported_point_formats_ext	32	static
../mbedtls/library/ssl_cli.c:526:12:ssl_write_max_fragment_length_ext	32	static
../mbedtls/library/ssl_cli.c:560:12:ssl_write_truncated_hmac_ext	32	static
../mbedtls/library/ssl_cli.c:592:12:ssl_write_encrypt_then_mac_ext	32	static
../mbedtls/library/ssl_cli.c:625:12:ssl_write_extended_ms_ext	32	static
../mbedtls/library/ssl_cli.c:658:12:ssl_write_session_ticket_ext	32	static
../mbedtls/library/ssl_cli.c:703:12:ssl_write_alpn_ext	40	static
../mbedtls/library/ssl_cli.c:878:12:ssl_generate_random	24	static
../mbedtls/library/ssl_cli.c:929:12:ssl_validate_ciphersuite	24	static
../mbedtls/library/ssl_cli.c:977:12:ssl_write_client_hello	72	static
../mbedtls/library/ssl_cli.c:1440:12:ssl_parse_renegotiation_info	24	static
../mbedtls/library/ssl_cli.c:1481:12:ssl_parse_max_fragment_length_ext	24	static
../mbedtls/library/ssl_cli.c:1507:12:ssl_parse_truncated_hmac_ext	24	static
../mbedtls/library/ssl_cli.c:1585:12:ssl_parse_encrypt_then_mac_ext	24	static
../mbedtls/library/ssl_cli.c:1611:12:ssl_parse_extended_ms_ext	24	static
../mbedtls/library/ssl_cli.c:1637:12:ssl_parse_session_ticket_ext	24	static
../mbedtls/library/ssl_cli.c:1663:12:ssl_parse_supported_point_formats_ext	32	static
../mbedtls/library/ssl_cli.c:1739:12:ssl_parse_alpn_ext	40	static
../mbedtls/library/ssl_cli.c:1920:12:ssl_parse_hello_verify_request	32	static
../mbedtls/library/ssl_cli.c:1999:12:is_compression_bad	16	static
../mbedtls/library/ssl_cli.c:2027:12:ssl_parse_server_hello	64	static
../mbedtls/library/ssl_cli.c:2536:12:ssl_parse_server_dh_params	32	static
../mbedtls/library/ssl_cli.c:2581:12:ssl_check_server_ecdh_params	24	static
../mbedtls/library/ssl_cli.c:2695:12:ssl_parse_server_ecdh_params	32	static
../mbedtls/library/ssl_cli.c:2734:12:ssl_parse_server_psk_hint	24	static
../mbedtls/library/ssl_cli.c:2779:12:ssl_write_encrypted_pms	56	static
../mbedtls/library/ssl_cli.c:2861:12:ssl_parse_signature_algorithm	24	static
../mbedtls/library/ssl_cli.c:2925:12:ssl_get_ecdh_params_from_cert	32	static
../mbedtls/library/ssl_cli.c:2975:12:ssl_parse_server_key_exchange	144	static
../mbedtls/library/ssl_cli.c:3366:12:ssl_parse_certificate_request	48	static
../mbedtls/library/ssl_cli.c:3528:12:ssl_parse_server_hello_done	24	static
../mbedtls/library/ssl_cli.c:3566:12:ssl_write_client_key_exchange	48	static
../mbedtls/library/ssl_cli.c:3989:12:ssl_write_certificate_verify	128	static
../mbedtls/library/ssl_cli.c:4150:12:ssl_parse_new_session_ticket	40	static
../mbedtls/library/ssl_cli.c:4264:5:mbedtls_ssl_handshake_client_step	24	static
