C:\Users\UIF87839\Documents\MCUXpressoIDE_11.8.1_1197\workspace\lpcxpresso55s69_BenchMark_mbedtls_benchmark\mbedtls\include/mbedtls/pk.h:669:36:mbedtls_pk_ec	16	static
C:\Users\UIF87839\Documents\MCUXpressoIDE_11.8.1_1197\workspace\lpcxpresso55s69_BenchMark_mbedtls_benchmark\mbedtls\include/mbedtls/ssl_ciphersuites.h:482:19:mbedtls_ssl_ciphersuite_uses_srv_cert	8	static
C:\Users\UIF87839\Documents\MCUXpressoIDE_11.8.1_1197\workspace\lpcxpresso55s69_BenchMark_mbedtls_benchmark\mbedtls\include/mbedtls/ssl_internal.h:803:19:mbedtls_ssl_transform_uses_aead	8	static
C:\Users\UIF87839\Documents\MCUXpressoIDE_11.8.1_1197\workspace\lpcxpresso55s69_BenchMark_mbedtls_benchmark\mbedtls\include/mbedtls/ssl_internal.h:905:20:mbedtls_ssl_sig_hash_set_init	16	static
C:\Users\UIF87839\Documents\MCUXpressoIDE_11.8.1_1197\workspace\lpcxpresso55s69_BenchMark_mbedtls_benchmark\mbedtls\include/mbedtls/ssl_internal.h:1065:19:mbedtls_ssl_get_psk	16	static
C:\Users\UIF87839\Documents\MCUXpressoIDE_11.8.1_1197\workspace\lpcxpresso55s69_BenchMark_mbedtls_benchmark\mbedtls\include/mbedtls/ssl_internal.h:1162:33:mbedtls_ssl_own_cert	16	static
C:\Users\UIF87839\Documents\MCUXpressoIDE_11.8.1_1197\workspace\lpcxpresso55s69_BenchMark_mbedtls_benchmark\mbedtls\include/mbedtls/ssl_internal.h:1217:22:mbedtls_ssl_hs_hdr_len	8	static
../mbedtls/library/ssl_tls.c:154:21:ssl_mfl_code_to_length	8	static
../mbedtls/library/ssl_tls.c:173:5:mbedtls_ssl_session_copy	24	static
../mbedtls/library/ssl_tls.c:389:12:tls1_prf	104	static
../mbedtls/library/ssl_tls.c:684:12:tls_prf_generic	136	static
../mbedtls/library/ssl_tls.c:789:12:tls_prf_sha256	40	static
../mbedtls/library/ssl_tls.c:801:12:tls_prf_sha384	40	static
../mbedtls/library/ssl_tls.c:868:30:tls_prf_get_type	8	static
../mbedtls/library/ssl_tls.c:896:6:mbedtls_ssl_tls_prf	48	static
../mbedtls/library/ssl_tls.c:963:12:ssl_populate_transform	368	static
../mbedtls/library/ssl_tls.c:1492:12:ssl_set_handshake_prfs	16	static
../mbedtls/library/ssl_tls.c:1554:12:ssl_compute_master	112	static
../mbedtls/library/ssl_tls.c:1676:5:mbedtls_ssl_derive_keys	136	static
../mbedtls/library/ssl_tls.c:1815:6:ssl_calc_verify_tls	208	static
../mbedtls/library/ssl_tls.c:1847:6:ssl_calc_verify_tls_sha256	136	static
../mbedtls/library/ssl_tls.c:1894:6:ssl_calc_verify_tls_sha384	240	static
../mbedtls/library/ssl_tls.c:1942:5:mbedtls_ssl_psk_derive_premaster	64	static
../mbedtls/library/ssl_tls.c:2066:5:mbedtls_ssl_resend_hello_request	24	static
../mbedtls/library/ssl_tls.c:2091:13:ssl_clear_peer_cert	16	static
../mbedtls/library/ssl_tls.c:2153:5:mbedtls_ssl_write_certificate	40	static
../mbedtls/library/ssl_tls.c:2263:12:ssl_check_peer_crt_unchanged	32	static
../mbedtls/library/ssl_tls.c:2319:12:ssl_parse_certificate_chain	40	static
../mbedtls/library/ssl_tls.c:2460:12:ssl_srv_check_client_no_crt_notification	16	static
../mbedtls/library/ssl_tls.c:2508:12:ssl_parse_certificate_coordinate	24	static
../mbedtls/library/ssl_tls.c:2538:12:ssl_parse_certificate_verify	88	static
../mbedtls/library/ssl_tls.c:2769:5:mbedtls_ssl_parse_certificate	40	static
../mbedtls/library/ssl_tls.c:2920:6:mbedtls_ssl_optimize_checksum	8	static
../mbedtls/library/ssl_tls.c:2949:6:mbedtls_ssl_reset_checksum	16	static
../mbedtls/library/ssl_tls.c:2976:13:ssl_update_checksum_start	24	static
../mbedtls/library/ssl_tls.c:3004:13:ssl_update_checksum_md5sha1	24	static
../mbedtls/library/ssl_tls.c:3014:13:ssl_update_checksum_sha256	24	static
../mbedtls/library/ssl_tls.c:3026:13:ssl_update_checksum_sha384	24	static
../mbedtls/library/ssl_tls.c:3125:13:ssl_calc_finished_tls	272	static
../mbedtls/library/ssl_tls.c:3186:13:ssl_calc_finished_tls_sha256	192	static
../mbedtls/library/ssl_tls.c:3262:13:ssl_calc_finished_tls_sha384	320	static
../mbedtls/library/ssl_tls.c:3348:6:mbedtls_ssl_handshake_wrapup_free_hs_transform	16	static
../mbedtls/library/ssl_tls.c:3372:6:mbedtls_ssl_handshake_wrapup	24	static
../mbedtls/library/ssl_tls.c:3430:5:mbedtls_ssl_write_finished	32	static
../mbedtls/library/ssl_tls.c:3551:5:mbedtls_ssl_parse_finished	40	static
../mbedtls/library/ssl_tls.c:3633:13:ssl_handshake_params_init	16	static
../mbedtls/library/ssl_tls.c:3700:6:mbedtls_ssl_transform_init	16	static
../mbedtls/library/ssl_tls.c:3713:6:mbedtls_ssl_session_init	16	static
../mbedtls/library/ssl_tls.c:3719:12:ssl_handshake_init	16	static
../mbedtls/library/ssl_tls.c:3796:12:ssl_cookie_write_dummy	16	static
../mbedtls/library/ssl_tls.c:3810:12:ssl_cookie_check_dummy	16	static
../mbedtls/library/ssl_tls.c:3827:6:mbedtls_ssl_init	16	static
../mbedtls/library/ssl_tls.c:3836:5:mbedtls_ssl_setup	32	static
../mbedtls/library/ssl_tls.c:3919:5:mbedtls_ssl_session_reset_int	40	static
../mbedtls/library/ssl_tls.c:4049:5:mbedtls_ssl_session_reset	16	static
../mbedtls/library/ssl_tls.c:4057:6:mbedtls_ssl_conf_endpoint	8	static
../mbedtls/library/ssl_tls.c:4062:6:mbedtls_ssl_conf_transport	8	static
../mbedtls/library/ssl_tls.c:4068:6:mbedtls_ssl_conf_dtls_anti_replay	8	static
../mbedtls/library/ssl_tls.c:4075:6:mbedtls_ssl_conf_dtls_badmac_limit	8	static
../mbedtls/library/ssl_tls.c:4083:6:mbedtls_ssl_set_datagram_packing	8	static
../mbedtls/library/ssl_tls.c:4089:6:mbedtls_ssl_conf_handshake_timeout	16	static
../mbedtls/library/ssl_tls.c:4097:6:mbedtls_ssl_conf_authmode	8	static
../mbedtls/library/ssl_tls.c:4103:6:mbedtls_ssl_conf_verify	16	static
../mbedtls/library/ssl_tls.c:4112:6:mbedtls_ssl_conf_rng	16	static
../mbedtls/library/ssl_tls.c:4120:6:mbedtls_ssl_conf_dbg	16	static
../mbedtls/library/ssl_tls.c:4128:6:mbedtls_ssl_set_bio	16	static
../mbedtls/library/ssl_tls.c:4141:6:mbedtls_ssl_set_mtu	8	static
../mbedtls/library/ssl_tls.c:4147:6:mbedtls_ssl_conf_read_timeout	8	static
../mbedtls/library/ssl_tls.c:4152:6:mbedtls_ssl_set_timer_cb	24	static
../mbedtls/library/ssl_tls.c:4166:6:mbedtls_ssl_conf_session_cache	16	static
../mbedtls/library/ssl_tls.c:4178:5:mbedtls_ssl_set_session	24	static
../mbedtls/library/ssl_tls.c:4200:6:mbedtls_ssl_conf_ciphersuites	8	static
../mbedtls/library/ssl_tls.c:4209:6:mbedtls_ssl_conf_ciphersuites_for_version	16	static
../mbedtls/library/ssl_tls.c:4225:6:mbedtls_ssl_conf_cert_profile	8	static
../mbedtls/library/ssl_tls.c:4233:12:ssl_append_key_cert	32	static
../mbedtls/library/ssl_tls.c:4262:5:mbedtls_ssl_conf_own_cert	24	static
../mbedtls/library/ssl_tls.c:4269:6:mbedtls_ssl_conf_ca_chain	16	static
../mbedtls/library/ssl_tls.c:4301:5:mbedtls_ssl_set_hs_own_cert	24	static
../mbedtls/library/ssl_tls.c:4309:6:mbedtls_ssl_set_hs_ca_chain	16	static
../mbedtls/library/ssl_tls.c:4317:6:mbedtls_ssl_set_hs_authmode	8	static
../mbedtls/library/ssl_tls.c:4325:6:mbedtls_ssl_set_verify	16	static
../mbedtls/library/ssl_tls.c:4364:13:ssl_conf_remove_psk	16	static
../mbedtls/library/ssl_tls.c:4400:12:ssl_conf_set_psk_identity	24	static
../mbedtls/library/ssl_tls.c:4422:5:mbedtls_ssl_conf_psk	32	static
../mbedtls/library/ssl_tls.c:4456:13:ssl_remove_psk	16	static
../mbedtls/library/ssl_tls.c:4471:5:mbedtls_ssl_set_hs_psk	24	static
../mbedtls/library/ssl_tls.c:4534:6:mbedtls_ssl_conf_psk_cb	16	static
../mbedtls/library/ssl_tls.c:4547:5:mbedtls_ssl_conf_dh_param	32	static
../mbedtls/library/ssl_tls.c:4562:5:mbedtls_ssl_conf_dh_param_bin	32	static
../mbedtls/library/ssl_tls.c:4581:5:mbedtls_ssl_conf_dh_param_ctx	24	static
../mbedtls/library/ssl_tls.c:4603:6:mbedtls_ssl_conf_dhm_min_bitlen	8	static
../mbedtls/library/ssl_tls.c:4614:6:mbedtls_ssl_conf_sig_hashes	8	static
../mbedtls/library/ssl_tls.c:4625:6:mbedtls_ssl_conf_curves	8	static
../mbedtls/library/ssl_tls.c:4633:5:mbedtls_ssl_set_hostname	24	static
../mbedtls/library/ssl_tls.c:4676:6:mbedtls_ssl_conf_sni	16	static
../mbedtls/library/ssl_tls.c:4687:5:mbedtls_ssl_conf_alpn_protocols	32	static
../mbedtls/library/ssl_tls.c:4714:13:mbedtls_ssl_get_alpn_protocol	8	static
../mbedtls/library/ssl_tls.c:4790:6:mbedtls_ssl_conf_max_version	16	static
../mbedtls/library/ssl_tls.c:4796:6:mbedtls_ssl_conf_min_version	16	static
../mbedtls/library/ssl_tls.c:4803:6:mbedtls_ssl_conf_fallback	8	static
../mbedtls/library/ssl_tls.c:4810:6:mbedtls_ssl_conf_cert_req_ca_list	8	static
../mbedtls/library/ssl_tls.c:4818:6:mbedtls_ssl_conf_encrypt_then_mac	8	static
../mbedtls/library/ssl_tls.c:4825:6:mbedtls_ssl_conf_extended_master_secret	8	static
../mbedtls/library/ssl_tls.c:4839:5:mbedtls_ssl_conf_max_frag_len	16	static
../mbedtls/library/ssl_tls.c:4853:6:mbedtls_ssl_conf_truncated_hmac	8	static
../mbedtls/library/ssl_tls.c:4860:6:mbedtls_ssl_conf_cbc_record_splitting	8	static
../mbedtls/library/ssl_tls.c:4866:6:mbedtls_ssl_conf_legacy_renegotiation	8	static
../mbedtls/library/ssl_tls.c:4872:6:mbedtls_ssl_conf_renegotiation	8	static
../mbedtls/library/ssl_tls.c:4877:6:mbedtls_ssl_conf_renegotiation_enforced	8	static
../mbedtls/library/ssl_tls.c:4882:6:mbedtls_ssl_conf_renegotiation_period	16	static
../mbedtls/library/ssl_tls.c:4891:6:mbedtls_ssl_conf_session_tickets	8	static
../mbedtls/library/ssl_tls.c:4898:6:mbedtls_ssl_conf_session_tickets_cb	16	static
../mbedtls/library/ssl_tls.c:4911:6:mbedtls_ssl_conf_export_keys_cb	16	static
../mbedtls/library/ssl_tls.c:4919:6:mbedtls_ssl_conf_export_keys_ext_cb	16	static
../mbedtls/library/ssl_tls.c:4970:10:mbedtls_ssl_get_verify_result	8	static
../mbedtls/library/ssl_tls.c:4983:13:mbedtls_ssl_get_ciphersuite	16	static
../mbedtls/library/ssl_tls.c:4992:13:mbedtls_ssl_get_version	8	static
../mbedtls/library/ssl_tls.c:5028:8:mbedtls_ssl_get_input_max_frag_len	24	static
../mbedtls/library/ssl_tls.c:5058:8:mbedtls_ssl_get_output_max_frag_len	24	static
../mbedtls/library/ssl_tls.c:5083:8:mbedtls_ssl_get_max_frag_len	16	static
../mbedtls/library/ssl_tls.c:5091:8:mbedtls_ssl_get_current_mtu	8	static
../mbedtls/library/ssl_tls.c:5113:5:mbedtls_ssl_get_max_out_record_payload	40	static
../mbedtls/library/ssl_tls.c:5160:25:mbedtls_ssl_get_peer_cert	8	static
../mbedtls/library/ssl_tls.c:5175:5:mbedtls_ssl_get_session	16	static
../mbedtls/library/ssl_tls.c:5189:28:mbedtls_ssl_get_session_pointer	8	static
../mbedtls/library/ssl_tls.c:5313:12:ssl_session_save	40	static
../mbedtls/library/ssl_tls.c:5490:5:mbedtls_ssl_session_save	32	static
../mbedtls/library/ssl_tls.c:5505:12:ssl_session_load	40	static
../mbedtls/library/ssl_tls.c:5744:5:mbedtls_ssl_session_load	32	static
../mbedtls/library/ssl_tls.c:5760:5:mbedtls_ssl_handshake_step	24	static
../mbedtls/library/ssl_tls.c:5785:5:mbedtls_ssl_handshake	24	static
../mbedtls/library/ssl_tls.c:5826:12:ssl_write_hello_request	24	static
../mbedtls/library/ssl_tls.c:5856:5:mbedtls_ssl_start_renegotiation	24	static
../mbedtls/library/ssl_tls.c:5896:5:mbedtls_ssl_renegotiate	24	static
../mbedtls/library/ssl_tls.c:5949:13:ssl_key_cert_free	24	static
../mbedtls/library/ssl_tls.c:5961:6:mbedtls_ssl_handshake_free	32	static
../mbedtls/library/ssl_tls.c:6080:6:mbedtls_ssl_session_free	16	static
../mbedtls/library/ssl_tls.c:6188:5:mbedtls_ssl_context_save	56	static
../mbedtls/library/ssl_tls.c:6397:19:ssl_tls12prf_from_cs	24	static
../mbedtls/library/ssl_tls.c:6435:12:ssl_context_load	344	static
../mbedtls/library/ssl_tls.c:6728:5:mbedtls_ssl_context_load	32	static
../mbedtls/library/ssl_tls.c:6745:6:mbedtls_ssl_free	24	static
../mbedtls/library/ssl_tls.c:6831:6:mbedtls_ssl_config_init	16	static
../mbedtls/library/ssl_tls.c:6884:5:mbedtls_ssl_config_defaults	296	static
../mbedtls/library/ssl_tls.c:7045:6:mbedtls_ssl_config_free	16	static
../mbedtls/library/ssl_tls.c:7080:15:mbedtls_ssl_sig_from_pk	16	static
../mbedtls/library/ssl_tls.c:7095:15:mbedtls_ssl_sig_from_pk_alg	8	static
../mbedtls/library/ssl_tls.c:7108:19:mbedtls_ssl_pk_alg_from_sig	8	static
../mbedtls/library/ssl_tls.c:7129:19:mbedtls_ssl_sig_hash_set_find	8	static
../mbedtls/library/ssl_tls.c:7143:6:mbedtls_ssl_sig_hash_set_add	8	static
../mbedtls/library/ssl_tls.c:7166:6:mbedtls_ssl_sig_hash_set_const_hash	8	static
../mbedtls/library/ssl_tls.c:7179:19:mbedtls_ssl_md_alg_from_hash	8	static
../mbedtls/library/ssl_tls.c:7212:15:mbedtls_ssl_hash_from_md_alg	8	static
../mbedtls/library/ssl_tls.c:7247:5:mbedtls_ssl_check_curve	16	static
../mbedtls/library/ssl_tls.c:7267:5:mbedtls_ssl_check_curve_tls_id	24	static
../mbedtls/library/ssl_tls.c:7283:5:mbedtls_ssl_check_sig_hash	16	static
../mbedtls/library/ssl_tls.c:7303:5:mbedtls_ssl_check_cert_usage	40	static
../mbedtls/library/ssl_tls.c:7384:5:mbedtls_ssl_set_calc_verify_md	8	static
../mbedtls/library/ssl_tls.c:7428:5:mbedtls_ssl_get_key_exchange_md_ssl_tls	208	static
../mbedtls/library/ssl_tls.c:7565:5:mbedtls_ssl_get_key_exchange_md_tls1_2	48	static
