C:\Users\UIF87839\Documents\MCUXpressoIDE_11.8.1_1197\workspace\lpcxpresso55s69_BenchMark_mbedtls_benchmark\mbedtls\include/mbedtls/pk.h:367:22:mbedtls_pk_get_len	16	static
C:\Users\UIF87839\Documents\MCUXpressoIDE_11.8.1_1197\workspace\lpcxpresso55s69_BenchMark_mbedtls_benchmark\mbedtls\include/mbedtls/pk.h:669:36:mbedtls_pk_ec	16	static
C:\Users\UIF87839\Documents\MCUXpressoIDE_11.8.1_1197\workspace\lpcxpresso55s69_BenchMark_mbedtls_benchmark\mbedtls\include/mbedtls/ssl_ciphersuites.h:436:19:mbedtls_ssl_ciphersuite_no_pfs	8	static
C:\Users\UIF87839\Documents\MCUXpressoIDE_11.8.1_1197\workspace\lpcxpresso55s69_BenchMark_mbedtls_benchmark\mbedtls\include/mbedtls/ssl_ciphersuites.h:453:19:mbedtls_ssl_ciphersuite_uses_ecdh	8	static
C:\Users\UIF87839\Documents\MCUXpressoIDE_11.8.1_1197\workspace\lpcxpresso55s69_BenchMark_mbedtls_benchmark\mbedtls\include/mbedtls/ssl_ciphersuites.h:466:19:mbedtls_ssl_ciphersuite_cert_req_allowed	8	static
C:\Users\UIF87839\Documents\MCUXpressoIDE_11.8.1_1197\workspace\lpcxpresso55s69_BenchMark_mbedtls_benchmark\mbedtls\include/mbedtls/ssl_ciphersuites.h:500:19:mbedtls_ssl_ciphersuite_uses_dhe	8	static
C:\Users\UIF87839\Documents\MCUXpressoIDE_11.8.1_1197\workspace\lpcxpresso55s69_BenchMark_mbedtls_benchmark\mbedtls\include/mbedtls/ssl_ciphersuites.h:514:19:mbedtls_ssl_ciphersuite_uses_ecdhe	8	static
C:\Users\UIF87839\Documents\MCUXpressoIDE_11.8.1_1197\workspace\lpcxpresso55s69_BenchMark_mbedtls_benchmark\mbedtls\include/mbedtls/ssl_ciphersuites.h:529:19:mbedtls_ssl_ciphersuite_uses_server_signature	8	static
C:\Users\UIF87839\Documents\MCUXpressoIDE_11.8.1_1197\workspace\lpcxpresso55s69_BenchMark_mbedtls_benchmark\mbedtls\include/mbedtls/ssl_internal.h:1149:35:mbedtls_ssl_own_key	16	static
C:\Users\UIF87839\Documents\MCUXpressoIDE_11.8.1_1197\workspace\lpcxpresso55s69_BenchMark_mbedtls_benchmark\mbedtls\include/mbedtls/ssl_internal.h:1162:33:mbedtls_ssl_own_cert	16	static
C:\Users\UIF87839\Documents\MCUXpressoIDE_11.8.1_1197\workspace\lpcxpresso55s69_BenchMark_mbedtls_benchmark\mbedtls\include/mbedtls/ssl_internal.h:1196:22:mbedtls_ssl_in_hdr_len	8	static
C:\Users\UIF87839\Documents\MCUXpressoIDE_11.8.1_1197\workspace\lpcxpresso55s69_BenchMark_mbedtls_benchmark\mbedtls\include/mbedtls/ssl_internal.h:1217:22:mbedtls_ssl_hs_hdr_len	8	static
../mbedtls/library/ssl_srv.c:45:5:mbedtls_ssl_set_client_transport_id	24	static
../mbedtls/library/ssl_srv.c:65:6:mbedtls_ssl_conf_dtls_cookies	16	static
../mbedtls/library/ssl_srv.c:78:12:ssl_parse_servername_ext	40	static
../mbedtls/library/ssl_srv.c:141:12:ssl_conf_has_psk_or_cb	8	static
../mbedtls/library/ssl_srv.c:189:12:ssl_parse_renegotiation_info	24	static
../mbedtls/library/ssl_srv.c:237:12:ssl_parse_signature_algorithms_ext	40	static
../mbedtls/library/ssl_srv.c:309:12:ssl_parse_supported_elliptic_curves	48	static
../mbedtls/library/ssl_srv.c:372:12:ssl_parse_supported_point_formats	32	static
../mbedtls/library/ssl_srv.c:440:12:ssl_parse_max_fragment_length_ext	24	static
../mbedtls/library/ssl_srv.c:527:12:ssl_parse_truncated_hmac_ext	24	static
../mbedtls/library/ssl_srv.c:550:12:ssl_parse_encrypt_then_mac_ext	24	static
../mbedtls/library/ssl_srv.c:574:12:ssl_parse_extended_ms_ext	24	static
../mbedtls/library/ssl_srv.c:598:12:ssl_parse_session_ticket_ext	152	static
../mbedtls/library/ssl_srv.c:672:12:ssl_parse_alpn_ext	56	static
../mbedtls/library/ssl_srv.c:873:12:ssl_check_key_curve	24	static
../mbedtls/library/ssl_srv.c:895:12:ssl_pick_cert	40	static
../mbedtls/library/ssl_srv.c:996:12:ssl_ciphersuite_match	32	static
../mbedtls/library/ssl_srv.c:1370:12:ssl_parse_client_hello	144	static
../mbedtls/library/ssl_srv.c:2229:13:ssl_write_truncated_hmac_ext	24	static
../mbedtls/library/ssl_srv.c:2300:13:ssl_write_encrypt_then_mac_ext	40	static
../mbedtls/library/ssl_srv.c:2343:13:ssl_write_extended_ms_ext	24	static
../mbedtls/library/ssl_srv.c:2369:13:ssl_write_session_ticket_ext	24	static
../mbedtls/library/ssl_srv.c:2392:13:ssl_write_renegotiation_ext	32	static
../mbedtls/library/ssl_srv.c:2430:13:ssl_write_max_fragment_length_ext	24	static
../mbedtls/library/ssl_srv.c:2457:13:ssl_write_supported_point_formats_ext	24	static
../mbedtls/library/ssl_srv.c:2529:13:ssl_write_alpn_ext	24	static
../mbedtls/library/ssl_srv.c:2625:12:ssl_write_hello_verify_request	48	static
../mbedtls/library/ssl_srv.c:2692:13:ssl_handle_id_based_session_resumption	152	static
../mbedtls/library/ssl_srv.c:2746:12:ssl_write_server_hello	40	static
../mbedtls/library/ssl_srv.c:2987:12:ssl_write_certificate_request	64	static
../mbedtls/library/ssl_srv.c:3152:12:ssl_get_ecdh_params_from_cert	24	static
../mbedtls/library/ssl_srv.c:3207:12:ssl_prepare_server_key_exchange	160	static
../mbedtls/library/ssl_srv.c:3556:12:ssl_write_server_key_exchange	32	static
../mbedtls/library/ssl_srv.c:3652:12:ssl_write_server_hello_done	24	static
../mbedtls/library/ssl_srv.c:3691:12:ssl_parse_client_dh_public	32	static
../mbedtls/library/ssl_srv.c:3749:12:ssl_decrypt_encrypted_pms	64	static
../mbedtls/library/ssl_srv.c:3840:12:ssl_parse_encrypted_pms	152	static
../mbedtls/library/ssl_srv.c:3931:12:ssl_parse_client_psk_identity	32	static
../mbedtls/library/ssl_srv.c:3985:12:ssl_parse_client_key_exchange	40	static
../mbedtls/library/ssl_srv.c:4271:12:ssl_parse_certificate_verify	112	static
../mbedtls/library/ssl_srv.c:4448:12:ssl_write_new_session_ticket	48	static
../mbedtls/library/ssl_srv.c:4503:5:mbedtls_ssl_handshake_server_step	24	static
