C:\Users\UIF87839\Documents\MCUXpressoIDE_11.8.1_1197\workspace\lpcxpresso55s69_BenchMark_mbedtls_benchmark\mbedtls\include/mbedtls/pk.h:669:36:mbedtls_pk_ec	16	static
C:\Users\UIF87839\Documents\MCUXpressoIDE_11.8.1_1197\workspace\lpcxpresso55s69_BenchMark_mbedtls_benchmark\mbedtls\include/mbedtls/error.h:159:19:mbedtls_error_add	16	static
../mbedtls/library/x509_crt.c:153:12:x509_profile_check_md_alg	8	static
../mbedtls/library/x509_crt.c:171:12:x509_profile_check_pk_alg	8	static
../mbedtls/library/x509_crt.c:189:12:x509_profile_check_key	24	static
../mbedtls/library/x509_crt.c:228:12:x509_memcasecmp	32	static
../mbedtls/library/x509_crt.c:256:12:x509_check_wildcard	32	static
../mbedtls/library/x509_crt.c:291:12:x509_string_cmp	16	static
../mbedtls/library/x509_crt.c:319:12:x509_name_cmp	16	static
../mbedtls/library/x509_crt.c:355:13:x509_crt_verify_chain_reset	16	static
../mbedtls/library/x509_crt.c:375:12:x509_get_version	32	static
../mbedtls/library/x509_crt.c:412:12:x509_get_dates	32	static
../mbedtls/library/x509_crt.c:446:12:x509_get_uid	32	static
../mbedtls/library/x509_crt.c:474:12:x509_get_basic_constraints	32	static
../mbedtls/library/x509_crt.c:538:12:x509_get_ns_cert_type	40	static
../mbedtls/library/x509_crt.c:559:12:x509_get_key_usage	48	static
../mbedtls/library/x509_crt.c:590:12:x509_get_ext_key_usage	32	static
../mbedtls/library/x509_crt.c:636:12:x509_get_subject_alt_name	104	static
../mbedtls/library/x509_crt.c:778:12:x509_get_certificate_policies	64	static
../mbedtls/library/x509_crt.c:902:12:x509_get_crt_ext	72	static
../mbedtls/library/x509_crt.c:1101:12:x509_crt_parse_der_core	96	static
../mbedtls/library/x509_crt.c:1347:12:mbedtls_x509_crt_parse_der_internal	48	static
../mbedtls/library/x509_crt.c:1400:5:mbedtls_x509_crt_parse_der_nocopy	32	static
../mbedtls/library/x509_crt.c:1407:5:mbedtls_x509_crt_parse_der_with_ext_cb	32	static
../mbedtls/library/x509_crt.c:1417:5:mbedtls_x509_crt_parse_der	32	static
../mbedtls/library/x509_crt.c:1428:5:mbedtls_x509_crt_parse	80	static
../mbedtls/library/x509_crt.c:1711:12:x509_get_other_name	48	static
../mbedtls/library/x509_crt.c:1792:12:x509_info_subject_alt_name	96	static
../mbedtls/library/x509_crt.c:1897:5:mbedtls_x509_parse_subject_alt_name	56	static
../mbedtls/library/x509_crt.c:1958:12:x509_info_cert_type	40	static
../mbedtls/library/x509_crt.c:1985:12:x509_info_key_usage	40	static
../mbedtls/library/x509_crt.c:2009:12:x509_info_ext_key_usage	56	static
../mbedtls/library/x509_crt.c:2038:12:x509_info_cert_policies	56	static
../mbedtls/library/x509_crt.c:2072:5:mbedtls_x509_crt_info	96	static
../mbedtls/library/x509_crt.c:2246:5:mbedtls_x509_crt_verify_info	48	static
../mbedtls/library/x509_crt.c:2274:5:mbedtls_x509_crt_check_key_usage	24	static
../mbedtls/library/x509_crt.c:2302:5:mbedtls_x509_crt_check_extended_key_usage	32	static
../mbedtls/library/x509_crt.c:2337:5:mbedtls_x509_crt_is_revoked	24	static
../mbedtls/library/x509_crt.c:2357:12:x509_crt_verifycrl	128	static
../mbedtls/library/x509_crt.c:2445:12:x509_crt_check_signature	120	static
../mbedtls/library/x509_crt.c:2504:12:x509_crt_check_parent	32	static
../mbedtls/library/x509_crt.c:2580:12:x509_crt_find_parent_in	48	static
../mbedtls/library/x509_crt.c:2698:12:x509_crt_find_parent	48	static
../mbedtls/library/x509_crt.c:2763:12:x509_crt_check_ee_locally_trusted	24	static
../mbedtls/library/x509_crt.c:2826:12:x509_crt_verify_chain	80	static
../mbedtls/library/x509_crt.c:3001:12:x509_crt_check_cn	24	static
../mbedtls/library/x509_crt.c:3021:12:x509_crt_check_san	32	static
../mbedtls/library/x509_crt.c:3041:13:x509_crt_verify_name	40	static
../mbedtls/library/x509_crt.c:3076:12:x509_crt_merge_flags_with_cb	40	static
../mbedtls/library/x509_crt.c:3120:12:x509_crt_verify_restartable_ca_cb	136	static
../mbedtls/library/x509_crt.c:3216:5:mbedtls_x509_crt_verify	56	static
../mbedtls/library/x509_crt.c:3233:5:mbedtls_x509_crt_verify_with_profile	56	static
../mbedtls/library/x509_crt.c:3267:5:mbedtls_x509_crt_verify_restartable	56	static
../mbedtls/library/x509_crt.c:3286:6:mbedtls_x509_crt_init	16	static
../mbedtls/library/x509_crt.c:3294:6:mbedtls_x509_crt_free	40	static
