C:\Users\UIF87839\Documents\MCUXpressoIDE_11.8.1_1197\workspace\lpcxpresso55s69_BenchMark_mbedtls_benchmark\mbedtls\include/mbedtls/error.h:159:19:mbedtls_error_add	16	static
../mbedtls/library/x509.c:69:5:mbedtls_x509_get_serial	32	static
../mbedtls/library/x509.c:103:5:mbedtls_x509_get_alg_null	32	static
../mbedtls/library/x509.c:118:5:mbedtls_x509_get_alg	32	static
../mbedtls/library/x509.c:140:12:x509_get_hash_alg	48	static
../mbedtls/library/x509.c:206:5:mbedtls_x509_get_rsassa_pss_params	72	static
../mbedtls/library/x509.c:367:12:x509_get_attr_type_value	40	static
../mbedtls/library/x509.c:459:5:mbedtls_x509_get_name	48	static
../mbedtls/library/x509.c:537:12:x509_parse_int	16	static
../mbedtls/library/x509.c:553:12:x509_date_is_valid	16	static
../mbedtls/library/x509.c:590:12:x509_parse_time	32	static
../mbedtls/library/x509.c:655:5:mbedtls_x509_get_time	40	static
../mbedtls/library/x509.c:688:5:mbedtls_x509_get_sig	40	static
../mbedtls/library/x509.c:717:5:mbedtls_x509_get_sig_alg	32	static
../mbedtls/library/x509.c:767:5:mbedtls_x509_get_ext	32	static
../mbedtls/library/x509.c:806:5:mbedtls_x509_dn_gets	320	static
../mbedtls/library/x509.c:875:5:mbedtls_x509_serial_gets	56	static
../mbedtls/library/x509.c:908:5:mbedtls_x509_sig_alg_gets	64	static
../mbedtls/library/x509.c:953:5:mbedtls_x509_key_size_helper	40	static
../mbedtls/library/x509.c:1064:5:mbedtls_x509_time_is_past	8	static
../mbedtls/library/x509.c:1070:5:mbedtls_x509_time_is_future	8	static
../mbedtls/library/x509.c:1085:5:mbedtls_x509_self_test	720	static
