../mbedtls/library/x509write_crt.c:43:6:mbedtls_x509write_crt_init	16	static
../mbedtls/library/x509write_crt.c:51:6:mbedtls_x509write_crt_free	16	static
../mbedtls/library/x509write_crt.c:62:6:mbedtls_x509write_crt_set_version	8	static
../mbedtls/library/x509write_crt.c:68:6:mbedtls_x509write_crt_set_md_alg	8	static
../mbedtls/library/x509write_crt.c:74:6:mbedtls_x509write_crt_set_subject_key	8	static
../mbedtls/library/x509write_crt.c:80:6:mbedtls_x509write_crt_set_issuer_key	8	static
../mbedtls/library/x509write_crt.c:86:5:mbedtls_x509write_crt_set_subject_name	16	static
../mbedtls/library/x509write_crt.c:92:5:mbedtls_x509write_crt_set_issuer_name	16	static
../mbedtls/library/x509write_crt.c:98:5:mbedtls_x509write_crt_set_serial	24	static
../mbedtls/library/x509write_crt.c:114:5:mbedtls_x509write_crt_set_validity	24	static
../mbedtls/library/x509write_crt.c:130:5:mbedtls_x509write_crt_set_extension	32	static
../mbedtls/library/x509write_crt.c:139:5:mbedtls_x509write_crt_set_basic_constraints	56	static
../mbedtls/library/x509write_crt.c:173:5:mbedtls_x509write_crt_set_subject_key_identifier	1080	static
../mbedtls/library/x509write_crt.c:202:5:mbedtls_x509write_crt_set_authority_key_identifier	1080	static
../mbedtls/library/x509write_crt.c:238:5:mbedtls_x509write_crt_set_key_usage	48	static
../mbedtls/library/x509write_crt.c:279:5:mbedtls_x509write_crt_set_ns_cert_type	40	static
../mbedtls/library/x509write_crt.c:303:12:x509_write_time	32	static
../mbedtls/library/x509write_crt.c:331:5:mbedtls_x509write_crt_der	664	static
../mbedtls/library/x509write_crt.c:522:5:mbedtls_x509write_crt_pem	48	static
