../mbedtls/library/x509write_csr.c:49:6:mbedtls_x509write_csr_init	16	static
../mbedtls/library/x509write_csr.c:54:6:mbedtls_x509write_csr_free	16	static
../mbedtls/library/x509write_csr.c:62:6:mbedtls_x509write_csr_set_md_alg	8	static
../mbedtls/library/x509write_csr.c:67:6:mbedtls_x509write_csr_set_key	8	static
../mbedtls/library/x509write_csr.c:72:5:mbedtls_x509write_csr_set_subject_name	16	static
../mbedtls/library/x509write_csr.c:78:5:mbedtls_x509write_csr_set_extension	32	static
../mbedtls/library/x509write_csr.c:86:5:mbedtls_x509write_csr_set_key_usage	40	static
../mbedtls/library/x509write_csr.c:109:5:mbedtls_x509write_csr_set_ns_cert_type	40	static
../mbedtls/library/x509write_csr.c:133:12:x509write_csr_der_internal	144	static
../mbedtls/library/x509write_csr.c:291:5:mbedtls_x509write_csr_der	40	static
../mbedtls/library/x509write_csr.c:314:5:mbedtls_x509write_csr_pem	48	static
