C:\Users\UIF87839\Documents\MCUXpressoIDE_11.8.1_1197\workspace\lpcxpresso55s69_HelloWord_hello_world\drivers/fsl_power.h:385:20:POWER_DisablePD	16	static
../board/clock_config.c:43:6:BOARD_InitBootClocks	8	static
../board/clock_config.c:66:6:BOARD_BootClockRUN	8	static
../board/clock_config.c:111:6:BOARD_BootClockFRO12M	8	static
../board/clock_config.c:163:6:BOARD_BootClockFROHF96M	8	static
../board/clock_config.c:224:6:BOARD_BootClockPLL100M	40	static
../board/clock_config.c:299:6:BOARD_BootClockPLL150M	40	static
