C:\Users\UIF87839\Documents\MCUXpressoIDE_11.8.1_1197\workspace\lpcxpresso55s69_BenchMark_mbedtls_benchmark\CMSIS/core_cm33.h:2575:22:__NVIC_SetPriority	8	static
C:\Users\UIF87839\Documents\MCUXpressoIDE_11.8.1_1197\workspace\lpcxpresso55s69_BenchMark_mbedtls_benchmark\CMSIS/core_cm33.h:3128:26:SysTick_Config	16	static
C:\Users\UIF87839\Documents\MCUXpressoIDE_11.8.1_1197\workspace\lpcxpresso55s69_BenchMark_mbedtls_benchmark\drivers/fsl_power.h:398:20:POWER_SetBodVbatLevel	8	static
../source/benchmark.c:291:12:myrand	32	static
../source/benchmark.c:330:6:ecp_clear_precomputed	24	static
../source/benchmark.c:354:12:set_ecp_curve	24	static
../source/benchmark.c:388:6:SysTick_Handler	0	static
../source/benchmark.c:393:17:benchmark_mbedtls_timing_hardclock	72	static
../source/benchmark.c:409:13:benchmark_mbedtls_set_alarm	40	static
../source/benchmark.c:415:13:benchmark_mbedtls_poll_alarm	8	static
../source/benchmark.c:424:12:bench_print_features	16	static
../source/benchmark.c:534:5:main	3904	static
